

================================================================
== Vitis HLS Report for 'fir'
================================================================
* Date:           Tue Oct 25 00:51:40 2022

* Version:        2022.1.2 (Build 3605665 on Fri Aug  5 22:53:37 MDT 2022)
* Project:        FIR_128
* Solution:       solution1 (Vivado IP Flow Target)
* Product family: zynq
* Target device:  xc7z020-clg400-1


================================================================
== Performance Estimates
================================================================
+ Timing: 
    * Summary: 
    +--------+----------+----------+------------+
    |  Clock |  Target  | Estimated| Uncertainty|
    +--------+----------+----------+------------+
    |ap_clk  |  10.00 ns|  6.923 ns|     2.70 ns|
    +--------+----------+----------+------------+

+ Latency: 
    * Summary: 
    +---------+---------+----------+----------+-----+-----+---------+
    |  Latency (cycles) |  Latency (absolute) |  Interval | Pipeline|
    |   min   |   max   |    min   |    max   | min | max |   Type  |
    +---------+---------+----------+----------+-----+-----+---------+
    |      120|      120|  1.200 us|  1.200 us|  121|  121|       no|
    +---------+---------+----------+----------+-----+-----+---------+

    + Detail: 
        * Instance: 
        N/A

        * Loop: 
        N/A



================================================================
== Utilization Estimates
================================================================
* Summary: 
+-----------------+---------+-----+--------+-------+-----+
|       Name      | BRAM_18K| DSP |   FF   |  LUT  | URAM|
+-----------------+---------+-----+--------+-------+-----+
|DSP              |        -|    -|       -|      -|    -|
|Expression       |        -|    -|       0|   4093|    -|
|FIFO             |        -|    -|       -|      -|    -|
|Instance         |        0|    1|     277|    218|    -|
|Memory           |        2|    -|       0|      0|    0|
|Multiplexer      |        -|    -|       -|   1849|    -|
|Register         |        -|    -|    8431|      -|    -|
+-----------------+---------+-----+--------+-------+-----+
|Total            |        2|    1|    8708|   6160|    0|
+-----------------+---------+-----+--------+-------+-----+
|Available        |      280|  220|  106400|  53200|    0|
+-----------------+---------+-----+--------+-------+-----+
|Utilization (%)  |       ~0|   ~0|       8|     11|    0|
+-----------------+---------+-----+--------+-------+-----+

+ Detail: 
    * Instance: 
    +-----------------------+--------------------+---------+----+-----+-----+-----+
    |        Instance       |       Module       | BRAM_18K| DSP|  FF | LUT | URAM|
    +-----------------------+--------------------+---------+----+-----+-----+-----+
    |control_s_axi_U        |control_s_axi       |        0|   0|  112|  168|    0|
    |mul_32s_5ns_32_2_1_U1  |mul_32s_5ns_32_2_1  |        0|   1|  165|   50|    0|
    +-----------------------+--------------------+---------+----+-----+-----+-----+
    |Total                  |                    |        0|   1|  277|  218|    0|
    +-----------------------+--------------------+---------+----+-----+-----+-----+

    * DSP: 
    N/A

    * Memory: 
    +-------------+-------------------------+---------+---+----+-----+------+-----+------+-------------+
    |    Memory   |          Module         | BRAM_18K| FF| LUT| URAM| Words| Bits| Banks| W*Bits*Banks|
    +-------------+-------------------------+---------+---+----+-----+------+-----+------+-------------+
    |shift_reg_U  |shift_reg_RAM_AUTO_1R1W  |        2|  0|   0|    0|   128|   32|     1|         4096|
    +-------------+-------------------------+---------+---+----+-----+------+-----+------+-------------+
    |Total        |                         |        2|  0|   0|    0|   128|   32|     1|         4096|
    +-------------+-------------------------+---------+---+----+-----+------+-----+------+-------------+

    * FIFO: 
    N/A

    * Expression: 
    +------------------------+----------+----+---+----+------------+------------+
    |      Variable Name     | Operation| DSP| FF| LUT| Bitwidth P0| Bitwidth P1|
    +------------------------+----------+----+---+----+------------+------------+
    |add_ln35_1_fu_1518_p2   |         +|   0|  0|  32|          32|          32|
    |add_ln35_2_fu_1523_p2   |         +|   0|  0|  32|          32|          32|
    |add_ln35_fu_1543_p2     |         +|   0|  0|  32|          32|          32|
    |tmp108_fu_827_p2        |         +|   0|  0|  31|          31|          31|
    |tmp10_fu_634_p2         |         +|   0|  0|  31|          31|          31|
    |tmp11_fu_630_p2         |         +|   0|  0|  31|          31|          31|
    |tmp124_fu_981_p2        |         +|   0|  0|  31|          31|          31|
    |tmp12_fu_800_p2         |         +|   0|  0|  31|          31|          31|
    |tmp13_fu_796_p2         |         +|   0|  0|  31|          31|          31|
    |tmp140_fu_1192_p2       |         +|   0|  0|  31|          31|          31|
    |tmp14_fu_668_p2         |         +|   0|  0|  31|          31|          31|
    |tmp156_fu_703_p2        |         +|   0|  0|  39|          32|          32|
    |tmp15_fu_664_p2         |         +|   0|  0|  31|          31|          31|
    |tmp164_fu_778_p2        |         +|   0|  0|  32|          32|          32|
    |tmp16_fu_685_p2         |         +|   0|  0|  31|          31|          31|
    |tmp172_fu_1080_p2       |         +|   0|  0|  32|          32|          32|
    |tmp178_fu_1446_p2       |         +|   0|  0|  32|          32|          32|
    |tmp17_fu_681_p2         |         +|   0|  0|  31|          31|          31|
    |tmp189_fu_1420_p2       |         +|   0|  0|  32|          32|          32|
    |tmp18_fu_768_p2         |         +|   0|  0|  31|          31|          31|
    |tmp193_fu_1468_p2       |         +|   0|  0|  32|          32|          32|
    |tmp196_fu_1486_p2       |         +|   0|  0|  32|          32|          32|
    |tmp19_fu_764_p2         |         +|   0|  0|  31|          31|          31|
    |tmp1_fu_823_p2          |         +|   0|  0|  31|          31|          31|
    |tmp207_fu_986_p2        |         +|   0|  0|  29|          29|          29|
    |tmp20_fu_698_p2         |         +|   0|  0|  38|          31|          31|
    |tmp211_fu_1197_p2       |         +|   0|  0|  29|          29|          29|
    |tmp2141_fu_1496_p2      |         +|   0|  0|  29|          29|          29|
    |tmp21_fu_741_p2         |         +|   0|  0|  31|          31|          31|
    |tmp22_fu_737_p2         |         +|   0|  0|  31|          31|          31|
    |tmp23_fu_977_p2         |         +|   0|  0|  31|          31|          31|
    |tmp24_fu_900_p2         |         +|   0|  0|  38|          31|          31|
    |tmp25_fu_913_p2         |         +|   0|  0|  38|          31|          31|
    |tmp26_fu_964_p2         |         +|   0|  0|  31|          31|          31|
    |tmp27_fu_960_p2         |         +|   0|  0|  31|          31|          31|
    |tmp28_fu_938_p2         |         +|   0|  0|  31|          31|          31|
    |tmp29_fu_934_p2         |         +|   0|  0|  31|          31|          31|
    |tmp2_fu_604_p2          |         +|   0|  0|  31|          31|          31|
    |tmp30_fu_1188_p2        |         +|   0|  0|  31|          31|          31|
    |tmp31_fu_1101_p2        |         +|   0|  0|  38|          31|          31|
    |tmp32_fu_1114_p2        |         +|   0|  0|  38|          31|          31|
    |tmp33_fu_1175_p2        |         +|   0|  0|  31|          31|          31|
    |tmp34_fu_1171_p2        |         +|   0|  0|  31|          31|          31|
    |tmp35_fu_1139_p2        |         +|   0|  0|  31|          31|          31|
    |tmp36_fu_1135_p2        |         +|   0|  0|  31|          31|          31|
    |tmp37_fu_773_p2         |         +|   0|  0|  32|          32|          32|
    |tmp38_fu_750_p2         |         +|   0|  0|  32|          32|          32|
    |tmp39_fu_746_p2         |         +|   0|  0|  32|          32|          32|
    |tmp3_fu_600_p2          |         +|   0|  0|  31|          31|          31|
    |tmp40_fu_1075_p2        |         +|   0|  0|  32|          32|          32|
    |tmp41_fu_1060_p2        |         +|   0|  0|  32|          32|          32|
    |tmp42_fu_1056_p2        |         +|   0|  0|  32|          32|          32|
    |tmp43_fu_1442_p2        |         +|   0|  0|  32|          32|          32|
    |tmp44_fu_1397_p2        |         +|   0|  0|  32|          32|          32|
    |tmp45_fu_1457_p2        |         +|   0|  0|  32|          32|          32|
    |tmp46_fu_947_p2         |         +|   0|  0|  29|          29|          29|
    |tmp47_fu_1158_p2        |         +|   0|  0|  29|          29|          29|
    |tmp4_fu_562_p2          |         +|   0|  0|  38|          31|          31|
    |tmp5_fu_587_p2          |         +|   0|  0|  31|          31|          31|
    |tmp6_fu_583_p2          |         +|   0|  0|  31|          31|          31|
    |tmp7_fu_651_p2          |         +|   0|  0|  31|          31|          31|
    |tmp8_fu_647_p2          |         +|   0|  0|  31|          31|          31|
    |tmp9_fu_609_p2          |         +|   0|  0|  38|          31|          31|
    |y                       |         +|   0|  0|  32|          32|          32|
    |sub_ln40_10_fu_1299_p2  |         -|   0|  0|  31|          31|          31|
    |sub_ln40_11_fu_1303_p2  |         -|   0|  0|  31|          31|          31|
    |sub_ln40_12_fu_1316_p2  |         -|   0|  0|  31|          31|          31|
    |sub_ln40_13_fu_1320_p2  |         -|   0|  0|  31|          31|          31|
    |sub_ln40_14_fu_1333_p2  |         -|   0|  0|  31|          31|          31|
    |sub_ln40_15_fu_1337_p2  |         -|   0|  0|  31|          31|          31|
    |sub_ln40_16_fu_1350_p2  |         -|   0|  0|  31|          31|          31|
    |sub_ln40_17_fu_1354_p2  |         -|   0|  0|  31|          31|          31|
    |sub_ln40_18_fu_1367_p2  |         -|   0|  0|  31|          31|          31|
    |sub_ln40_19_fu_1371_p2  |         -|   0|  0|  31|          31|          31|
    |sub_ln40_1_fu_1218_p2   |         -|   0|  0|  31|          31|          31|
    |sub_ln40_20_fu_1411_p2  |         -|   0|  0|  31|          31|          31|
    |sub_ln40_21_fu_1415_p2  |         -|   0|  0|  31|          31|          31|
    |sub_ln40_2_fu_1231_p2   |         -|   0|  0|  31|          31|          31|
    |sub_ln40_3_fu_1235_p2   |         -|   0|  0|  31|          31|          31|
    |sub_ln40_4_fu_1248_p2   |         -|   0|  0|  31|          31|          31|
    |sub_ln40_5_fu_1252_p2   |         -|   0|  0|  31|          31|          31|
    |sub_ln40_6_fu_1265_p2   |         -|   0|  0|  31|          31|          31|
    |sub_ln40_7_fu_1269_p2   |         -|   0|  0|  31|          31|          31|
    |sub_ln40_8_fu_1282_p2   |         -|   0|  0|  31|          31|          31|
    |sub_ln40_9_fu_1286_p2   |         -|   0|  0|  31|          31|          31|
    |sub_ln40_fu_1214_p2     |         -|   0|  0|  31|          31|          31|
    |tmp109_fu_840_p2        |         -|   0|  0|  31|          31|          31|
    |tmp110_fu_844_p2        |         -|   0|  0|  31|          31|          31|
    |tmp111_fu_857_p2        |         -|   0|  0|  31|          31|          31|
    |tmp112_fu_861_p2        |         -|   0|  0|  31|          31|          31|
    |tmp113_fu_866_p2        |         -|   0|  0|  31|          31|          31|
    |tmp114_fu_870_p2        |         -|   0|  0|  31|          31|          31|
    |tmp115_fu_883_p2        |         -|   0|  0|  31|          31|          31|
    |tmp116_fu_887_p2        |         -|   0|  0|  31|          31|          31|
    |tmp125_fu_1003_p2       |         -|   0|  0|  31|          31|          31|
    |tmp126_fu_1007_p2       |         -|   0|  0|  31|          31|          31|
    |tmp127_fu_1020_p2       |         -|   0|  0|  31|          31|          31|
    |tmp128_fu_1024_p2       |         -|   0|  0|  31|          31|          31|
    |tmp129_fu_1047_p2       |         -|   0|  0|  31|          31|          31|
    |tmp130_fu_1051_p2       |         -|   0|  0|  31|          31|          31|
    |tmp131_fu_1066_p2       |         -|   0|  0|  31|          31|          31|
    |tmp132_fu_1070_p2       |         -|   0|  0|  31|          31|          31|
    |tmp141_fu_1429_p2       |         -|   0|  0|  31|          31|          31|
    |tmp142_fu_1433_p2       |         -|   0|  0|  31|          31|          31|
    |tmp157_fu_708_p2        |         -|   0|  0|  32|          32|          32|
    |tmp158_fu_714_p2        |         -|   0|  0|  32|          32|          32|
    |tmp159_fu_727_p2        |         -|   0|  0|  32|          32|          32|
    |tmp160_fu_732_p2        |         -|   0|  0|  32|          32|          32|
    |tmp165_fu_805_p2        |         -|   0|  0|  32|          32|          32|
    |tmp166_fu_810_p2        |         -|   0|  0|  32|          32|          32|
    |tmp167_fu_1029_p2       |         -|   0|  0|  32|          32|          32|
    |tmp168_fu_1034_p2       |         -|   0|  0|  32|          32|          32|
    |tmp173_fu_1144_p2       |         -|   0|  0|  32|          32|          32|
    |tmp174_fu_1149_p2       |         -|   0|  0|  32|          32|          32|
    |tmp175_fu_1376_p2       |         -|   0|  0|  32|          32|          32|
    |tmp176_fu_1381_p2       |         -|   0|  0|  32|          32|          32|
    |tmp186_fu_1386_p2       |         -|   0|  0|  39|          32|          32|
    |tmp187_fu_1391_p2       |         -|   0|  0|  32|          32|          32|
    |tmp190_fu_1424_p2       |         -|   0|  0|  32|          32|          32|
    |tmp191_fu_1452_p2       |         -|   0|  0|  32|          32|          32|
    |tmp194_fu_1472_p2       |         -|   0|  0|  32|          32|          32|
    |tmp195_fu_1481_p2       |         -|   0|  0|  32|          32|          32|
    |tmp197_fu_1506_p2       |         -|   0|  0|  39|          32|          32|
    |tmp204_fu_783_p2        |         -|   0|  0|  36|          29|          29|
    |tmp205_fu_943_p2        |         -|   0|  0|  29|          29|          29|
    |tmp208_fu_990_p2        |         -|   0|  0|  29|          29|          29|
    |tmp209_fu_1154_p2       |         -|   0|  0|  29|          29|          29|
    |tmp212_fu_1201_p2       |         -|   0|  0|  29|          29|          29|
    |tmp213_fu_1492_p2       |         -|   0|  0|  29|          29|          29|
    +------------------------+----------+----+---+----+------------+------------+
    |Total                   |          |   0|  0|4093|        4016|        4016|
    +------------------------+----------+----+---+----+------------+------------+

    * Multiplexer: 
    +--------------------+-----+-----------+-----+-----------+
    |        Name        | LUT | Input Size| Bits| Total Bits|
    +--------------------+-----+-----------+-----+-----------+
    |ap_NS_fsm           |  630|        122|    1|        122|
    |reg_465             |    9|          2|   32|         64|
    |reg_476             |    9|          2|   32|         64|
    |reg_487             |    9|          2|   32|         64|
    |reg_498             |    9|          2|   32|         64|
    |reg_509             |    9|          2|   32|         64|
    |reg_520             |    9|          2|   32|         64|
    |reg_536             |    9|          2|   32|         64|
    |shift_reg_address0  |  329|         71|    7|        497|
    |shift_reg_address1  |  329|         71|    7|        497|
    |shift_reg_d0        |  249|         58|   32|       1856|
    |shift_reg_d1        |  249|         58|   32|       1856|
    +--------------------+-----+-----------+-----+-----------+
    |Total               | 1849|        394|  303|       5276|
    +--------------------+-----+-----------+-----+-----------+

    * Register: 
    +-----------------------------+-----+----+-----+-----------+
    |             Name            |  FF | LUT| Bits| Const Bits|
    +-----------------------------+-----+----+-----+-----------+
    |add_ln35_2_reg_2823          |   32|   0|   32|          0|
    |ap_CS_fsm                    |  121|   0|  121|          0|
    |empty_9_reg_2802             |   29|   0|   29|          0|
    |empty_reg_2782               |   29|   0|   29|          0|
    |reg_465                      |   32|   0|   32|          0|
    |reg_471                      |   32|   0|   32|          0|
    |reg_476                      |   32|   0|   32|          0|
    |reg_482                      |   32|   0|   32|          0|
    |reg_487                      |   32|   0|   32|          0|
    |reg_493                      |   32|   0|   32|          0|
    |reg_498                      |   32|   0|   32|          0|
    |reg_504                      |   32|   0|   32|          0|
    |reg_509                      |   32|   0|   32|          0|
    |reg_515                      |   32|   0|   32|          0|
    |reg_520                      |   32|   0|   32|          0|
    |reg_526                      |   32|   0|   32|          0|
    |reg_531                      |   32|   0|   32|          0|
    |reg_536                      |   32|   0|   32|          0|
    |shift_reg_load_100_reg_2517  |   32|   0|   32|          0|
    |shift_reg_load_101_reg_2527  |   32|   0|   32|          0|
    |shift_reg_load_102_reg_2542  |   32|   0|   32|          0|
    |shift_reg_load_103_reg_2552  |   32|   0|   32|          0|
    |shift_reg_load_104_reg_2567  |   32|   0|   32|          0|
    |shift_reg_load_105_reg_2577  |   32|   0|   32|          0|
    |shift_reg_load_106_reg_2592  |   32|   0|   32|          0|
    |shift_reg_load_107_reg_2602  |   32|   0|   32|          0|
    |shift_reg_load_108_reg_2617  |   32|   0|   32|          0|
    |shift_reg_load_109_reg_2627  |   32|   0|   32|          0|
    |shift_reg_load_10_reg_1732   |   32|   0|   32|          0|
    |shift_reg_load_110_reg_2642  |   32|   0|   32|          0|
    |shift_reg_load_111_reg_2652  |   32|   0|   32|          0|
    |shift_reg_load_112_reg_2667  |   32|   0|   32|          0|
    |shift_reg_load_113_reg_2677  |   32|   0|   32|          0|
    |shift_reg_load_114_reg_2692  |   32|   0|   32|          0|
    |shift_reg_load_115_reg_2702  |   32|   0|   32|          0|
    |shift_reg_load_117_reg_2722  |   32|   0|   32|          0|
    |shift_reg_load_118_reg_2747  |   32|   0|   32|          0|
    |shift_reg_load_11_reg_1742   |   32|   0|   32|          0|
    |shift_reg_load_120_reg_1620  |   32|   0|   32|          0|
    |shift_reg_load_121_reg_2757  |   32|   0|   32|          0|
    |shift_reg_load_126_reg_1626  |   32|   0|   32|          0|
    |shift_reg_load_12_reg_1752   |   32|   0|   32|          0|
    |shift_reg_load_13_reg_1762   |   32|   0|   32|          0|
    |shift_reg_load_14_reg_1777   |   32|   0|   32|          0|
    |shift_reg_load_15_reg_1787   |   32|   0|   32|          0|
    |shift_reg_load_16_reg_1802   |   32|   0|   32|          0|
    |shift_reg_load_17_reg_1812   |   32|   0|   32|          0|
    |shift_reg_load_18_reg_1827   |   32|   0|   32|          0|
    |shift_reg_load_19_reg_1837   |   32|   0|   32|          0|
    |shift_reg_load_21_reg_1852   |   32|   0|   32|          0|
    |shift_reg_load_22_reg_1872   |   32|   0|   32|          0|
    |shift_reg_load_24_reg_1555   |   32|   0|   32|          0|
    |shift_reg_load_25_reg_1882   |   32|   0|   32|          0|
    |shift_reg_load_27_reg_1897   |   32|   0|   32|          0|
    |shift_reg_load_28_reg_1913   |   32|   0|   32|          0|
    |shift_reg_load_2_reg_1642    |   32|   0|   32|          0|
    |shift_reg_load_30_reg_1561   |   32|   0|   32|          0|
    |shift_reg_load_31_reg_1918   |   32|   0|   32|          0|
    |shift_reg_load_32_reg_1943   |   32|   0|   32|          0|
    |shift_reg_load_33_reg_1953   |   32|   0|   32|          0|
    |shift_reg_load_34_reg_1973   |   32|   0|   32|          0|
    |shift_reg_load_35_reg_1983   |   32|   0|   32|          0|
    |shift_reg_load_37_reg_2003   |   32|   0|   32|          0|
    |shift_reg_load_38_reg_2018   |   32|   0|   32|          0|
    |shift_reg_load_3_reg_1647    |   32|   0|   32|          0|
    |shift_reg_load_40_reg_1567   |   32|   0|   32|          0|
    |shift_reg_load_41_reg_2028   |   32|   0|   32|          0|
    |shift_reg_load_43_reg_2043   |   32|   0|   32|          0|
    |shift_reg_load_44_reg_2054   |   32|   0|   32|          0|
    |shift_reg_load_46_reg_1573   |   32|   0|   32|          0|
    |shift_reg_load_47_reg_2064   |   32|   0|   32|          0|
    |shift_reg_load_48_reg_2079   |   32|   0|   32|          0|
    |shift_reg_load_49_reg_2084   |   32|   0|   32|          0|
    |shift_reg_load_4_reg_1662    |   32|   0|   32|          0|
    |shift_reg_load_50_reg_2099   |   32|   0|   32|          0|
    |shift_reg_load_51_reg_2104   |   32|   0|   32|          0|
    |shift_reg_load_53_reg_2124   |   32|   0|   32|          0|
    |shift_reg_load_54_reg_2134   |   32|   0|   32|          0|
    |shift_reg_load_56_reg_1579   |   32|   0|   32|          0|
    |shift_reg_load_57_reg_2144   |   32|   0|   32|          0|
    |shift_reg_load_59_reg_2154   |   32|   0|   32|          0|
    |shift_reg_load_5_reg_1672    |   32|   0|   32|          0|
    |shift_reg_load_60_reg_2170   |   32|   0|   32|          0|
    |shift_reg_load_62_reg_1585   |   32|   0|   32|          0|
    |shift_reg_load_63_reg_2180   |   32|   0|   32|          0|
    |shift_reg_load_64_reg_2195   |   32|   0|   32|          0|
    |shift_reg_load_65_reg_2205   |   32|   0|   32|          0|
    |shift_reg_load_66_reg_2225   |   32|   0|   32|          0|
    |shift_reg_load_67_reg_2235   |   32|   0|   32|          0|
    |shift_reg_load_69_reg_2255   |   32|   0|   32|          0|
    |shift_reg_load_6_reg_1682    |   32|   0|   32|          0|
    |shift_reg_load_70_reg_2275   |   32|   0|   32|          0|
    |shift_reg_load_72_reg_1591   |   32|   0|   32|          0|
    |shift_reg_load_73_reg_2285   |   32|   0|   32|          0|
    |shift_reg_load_75_reg_2305   |   32|   0|   32|          0|
    |shift_reg_load_76_reg_2321   |   32|   0|   32|          0|
    |shift_reg_load_78_reg_1597   |   32|   0|   32|          0|
    |shift_reg_load_79_reg_2331   |   32|   0|   32|          0|
    |shift_reg_load_7_reg_1692    |   32|   0|   32|          0|
    |shift_reg_load_80_reg_2341   |   32|   0|   32|          0|
    |shift_reg_load_81_reg_2346   |   32|   0|   32|          0|
    |shift_reg_load_82_reg_2361   |   32|   0|   32|          0|
    |shift_reg_load_83_reg_2366   |   32|   0|   32|          0|
    |shift_reg_load_85_reg_2386   |   32|   0|   32|          0|
    |shift_reg_load_86_reg_2396   |   32|   0|   32|          0|
    |shift_reg_load_88_reg_1603   |   32|   0|   32|          0|
    |shift_reg_load_89_reg_2406   |   32|   0|   32|          0|
    |shift_reg_load_8_reg_1707    |   32|   0|   32|          0|
    |shift_reg_load_91_reg_2416   |   32|   0|   32|          0|
    |shift_reg_load_92_reg_2437   |   32|   0|   32|          0|
    |shift_reg_load_94_reg_1609   |   32|   0|   32|          0|
    |shift_reg_load_95_reg_2447   |   32|   0|   32|          0|
    |shift_reg_load_96_reg_2462   |   32|   0|   32|          0|
    |shift_reg_load_97_reg_2472   |   32|   0|   32|          0|
    |shift_reg_load_98_reg_2492   |   32|   0|   32|          0|
    |shift_reg_load_99_reg_2502   |   32|   0|   32|          0|
    |shift_reg_load_9_reg_1712    |   32|   0|   32|          0|
    |sub_ln40_11_reg_2637         |   31|   0|   31|          0|
    |sub_ln40_13_reg_2662         |   31|   0|   31|          0|
    |sub_ln40_15_reg_2687         |   31|   0|   31|          0|
    |sub_ln40_17_reg_2712         |   31|   0|   31|          0|
    |sub_ln40_19_reg_2732         |   31|   0|   31|          0|
    |sub_ln40_1_reg_2512          |   31|   0|   31|          0|
    |sub_ln40_21_reg_2767         |   31|   0|   31|          0|
    |sub_ln40_3_reg_2537          |   31|   0|   31|          0|
    |sub_ln40_5_reg_2562          |   31|   0|   31|          0|
    |sub_ln40_7_reg_2587          |   31|   0|   31|          0|
    |sub_ln40_9_reg_2612          |   31|   0|   31|          0|
    |tmp108_reg_1993              |   31|   0|   31|          0|
    |tmp10_reg_1772               |   31|   0|   31|          0|
    |tmp110_reg_2013              |   31|   0|   31|          0|
    |tmp112_reg_2038              |   31|   0|   31|          0|
    |tmp114_reg_2049              |   31|   0|   31|          0|
    |tmp116_reg_2074              |   31|   0|   31|          0|
    |tmp124_reg_2215              |   31|   0|   31|          0|
    |tmp126_reg_2245              |   31|   0|   31|          0|
    |tmp128_reg_2265              |   31|   0|   31|          0|
    |tmp12_reg_1963               |   31|   0|   31|          0|
    |tmp130_reg_2295              |   31|   0|   31|          0|
    |tmp132_reg_2311              |   31|   0|   31|          0|
    |tmp140_reg_2482              |   31|   0|   31|          0|
    |tmp142_reg_2777              |   31|   0|   31|          0|
    |tmp14_reg_1822               |   31|   0|   31|          0|
    |tmp158_reg_1867              |   32|   0|   32|          0|
    |tmp160_reg_1892              |   32|   0|   32|          0|
    |tmp164_reg_1933              |   32|   0|   32|          0|
    |tmp166_reg_1968              |   32|   0|   32|          0|
    |tmp168_reg_2270              |   32|   0|   32|          0|
    |tmp16_reg_1847               |   31|   0|   31|          0|
    |tmp172_reg_2316              |   32|   0|   32|          0|
    |tmp174_reg_2427              |   32|   0|   32|          0|
    |tmp176_reg_2737              |   32|   0|   32|          0|
    |tmp178_reg_2787              |   32|   0|   32|          0|
    |tmp179_reg_2807              |   32|   0|   32|          0|
    |tmp18_reg_1928               |   31|   0|   31|          0|
    |tmp190_reg_2772              |   32|   0|   32|          0|
    |tmp194_reg_2797              |   32|   0|   32|          0|
    |tmp196_reg_2812              |   32|   0|   32|          0|
    |tmp204_reg_1938              |   29|   0|   29|          0|
    |tmp208_reg_2220              |   29|   0|   29|          0|
    |tmp20_reg_1862               |   31|   0|   31|          0|
    |tmp212_reg_2487              |   29|   0|   29|          0|
    |tmp2141_reg_2818             |   29|   0|   29|          0|
    |tmp21_reg_1903               |   31|   0|   31|          0|
    |tmp24_reg_2094               |   31|   0|   31|          0|
    |tmp25_reg_2114               |   31|   0|   31|          0|
    |tmp26_reg_2190               |   31|   0|   31|          0|
    |tmp28_reg_2160               |   31|   0|   31|          0|
    |tmp2_reg_1722                |   31|   0|   31|          0|
    |tmp31_reg_2356               |   31|   0|   31|          0|
    |tmp32_reg_2376               |   31|   0|   31|          0|
    |tmp33_reg_2457               |   31|   0|   31|          0|
    |tmp35_reg_2422               |   31|   0|   31|          0|
    |tmp38_reg_1908               |   32|   0|   32|          0|
    |tmp41_reg_2300               |   32|   0|   32|          0|
    |tmp44_reg_2742               |   32|   0|   32|          0|
    |tmp45_reg_2792               |   32|   0|   32|          0|
    |tmp46_reg_2165               |   29|   0|   29|          0|
    |tmp47_reg_2432               |   29|   0|   29|          0|
    |tmp4_reg_1657                |   31|   0|   31|          0|
    |tmp5_reg_1702                |   31|   0|   31|          0|
    |tmp7_reg_1797                |   31|   0|   31|          0|
    |tmp9_reg_1727                |   31|   0|   31|          0|
    |trunc_ln15_reg_1615          |   31|   0|   31|          0|
    |trunc_ln39_10_reg_1737       |   31|   0|   31|          0|
    |trunc_ln39_11_reg_1747       |   31|   0|   31|          0|
    |trunc_ln39_12_reg_1757       |   31|   0|   31|          0|
    |trunc_ln39_13_reg_1767       |   31|   0|   31|          0|
    |trunc_ln39_14_reg_1782       |   31|   0|   31|          0|
    |trunc_ln39_15_reg_1792       |   31|   0|   31|          0|
    |trunc_ln39_16_reg_1807       |   31|   0|   31|          0|
    |trunc_ln39_17_reg_1817       |   31|   0|   31|          0|
    |trunc_ln39_18_reg_1832       |   31|   0|   31|          0|
    |trunc_ln39_19_reg_1842       |   31|   0|   31|          0|
    |trunc_ln39_1_reg_1637        |   31|   0|   31|          0|
    |trunc_ln39_21_reg_1857       |   31|   0|   31|          0|
    |trunc_ln39_22_reg_1877       |   31|   0|   31|          0|
    |trunc_ln39_23_reg_1887       |   29|   0|   29|          0|
    |trunc_ln39_25_reg_1923       |   31|   0|   31|          0|
    |trunc_ln39_26_reg_1948       |   31|   0|   31|          0|
    |trunc_ln39_27_reg_1958       |   31|   0|   31|          0|
    |trunc_ln39_28_reg_1978       |   31|   0|   31|          0|
    |trunc_ln39_29_reg_1988       |   31|   0|   31|          0|
    |trunc_ln39_30_reg_1998       |   31|   0|   31|          0|
    |trunc_ln39_31_reg_2008       |   31|   0|   31|          0|
    |trunc_ln39_32_reg_2023       |   31|   0|   31|          0|
    |trunc_ln39_33_reg_2033       |   29|   0|   29|          0|
    |trunc_ln39_34_reg_2059       |   29|   0|   29|          0|
    |trunc_ln39_35_reg_2069       |   31|   0|   31|          0|
    |trunc_ln39_37_reg_2089       |   31|   0|   31|          0|
    |trunc_ln39_39_reg_2109       |   31|   0|   31|          0|
    |trunc_ln39_3_reg_1652        |   31|   0|   31|          0|
    |trunc_ln39_40_reg_2119       |   31|   0|   31|          0|
    |trunc_ln39_41_reg_2129       |   31|   0|   31|          0|
    |trunc_ln39_42_reg_2139       |   31|   0|   31|          0|
    |trunc_ln39_43_reg_2149       |   29|   0|   29|          0|
    |trunc_ln39_44_reg_2175       |   29|   0|   29|          0|
    |trunc_ln39_45_reg_2185       |   31|   0|   31|          0|
    |trunc_ln39_46_reg_2200       |   31|   0|   31|          0|
    |trunc_ln39_47_reg_2210       |   31|   0|   31|          0|
    |trunc_ln39_48_reg_2230       |   31|   0|   31|          0|
    |trunc_ln39_49_reg_2240       |   31|   0|   31|          0|
    |trunc_ln39_4_reg_1667        |   31|   0|   31|          0|
    |trunc_ln39_50_reg_2250       |   31|   0|   31|          0|
    |trunc_ln39_51_reg_2260       |   31|   0|   31|          0|
    |trunc_ln39_52_reg_2280       |   31|   0|   31|          0|
    |trunc_ln39_53_reg_2290       |   29|   0|   29|          0|
    |trunc_ln39_54_reg_2326       |   29|   0|   29|          0|
    |trunc_ln39_55_reg_2336       |   31|   0|   31|          0|
    |trunc_ln39_57_reg_2351       |   31|   0|   31|          0|
    |trunc_ln39_59_reg_2371       |   31|   0|   31|          0|
    |trunc_ln39_5_reg_1677        |   31|   0|   31|          0|
    |trunc_ln39_60_reg_2381       |   31|   0|   31|          0|
    |trunc_ln39_61_reg_2391       |   31|   0|   31|          0|
    |trunc_ln39_62_reg_2401       |   31|   0|   31|          0|
    |trunc_ln39_63_reg_2411       |   29|   0|   29|          0|
    |trunc_ln39_64_reg_2442       |   29|   0|   29|          0|
    |trunc_ln39_65_reg_2452       |   31|   0|   31|          0|
    |trunc_ln39_66_reg_2467       |   31|   0|   31|          0|
    |trunc_ln39_67_reg_2477       |   31|   0|   31|          0|
    |trunc_ln39_68_reg_2497       |   31|   0|   31|          0|
    |trunc_ln39_69_reg_2507       |   31|   0|   31|          0|
    |trunc_ln39_6_reg_1687        |   31|   0|   31|          0|
    |trunc_ln39_70_reg_2522       |   31|   0|   31|          0|
    |trunc_ln39_71_reg_2532       |   31|   0|   31|          0|
    |trunc_ln39_72_reg_2547       |   31|   0|   31|          0|
    |trunc_ln39_73_reg_2557       |   31|   0|   31|          0|
    |trunc_ln39_74_reg_2572       |   31|   0|   31|          0|
    |trunc_ln39_75_reg_2582       |   31|   0|   31|          0|
    |trunc_ln39_76_reg_2597       |   31|   0|   31|          0|
    |trunc_ln39_77_reg_2607       |   31|   0|   31|          0|
    |trunc_ln39_78_reg_2622       |   31|   0|   31|          0|
    |trunc_ln39_79_reg_2632       |   31|   0|   31|          0|
    |trunc_ln39_7_reg_1697        |   31|   0|   31|          0|
    |trunc_ln39_80_reg_2647       |   31|   0|   31|          0|
    |trunc_ln39_81_reg_2657       |   31|   0|   31|          0|
    |trunc_ln39_82_reg_2672       |   31|   0|   31|          0|
    |trunc_ln39_83_reg_2682       |   31|   0|   31|          0|
    |trunc_ln39_84_reg_2697       |   31|   0|   31|          0|
    |trunc_ln39_85_reg_2707       |   31|   0|   31|          0|
    |trunc_ln39_86_reg_2717       |   31|   0|   31|          0|
    |trunc_ln39_87_reg_2727       |   31|   0|   31|          0|
    |trunc_ln39_88_reg_2752       |   31|   0|   31|          0|
    |trunc_ln39_89_reg_2762       |   29|   0|   29|          0|
    |trunc_ln39_9_reg_1717        |   31|   0|   31|          0|
    |trunc_ln39_reg_1632          |   31|   0|   31|          0|
    +-----------------------------+-----+----+-----+-----------+
    |Total                        | 8431|   0| 8431|          0|
    +-----------------------------+-----+----+-----+-----------+



================================================================
== Interface
================================================================
* Summary: 
+-----------------------+-----+-----+------------+--------------+--------------+
|       RTL Ports       | Dir | Bits|  Protocol  | Source Object|    C Type    |
+-----------------------+-----+-----+------------+--------------+--------------+
|s_axi_control_AWVALID  |   in|    1|       s_axi|       control|        scalar|
|s_axi_control_AWREADY  |  out|    1|       s_axi|       control|        scalar|
|s_axi_control_AWADDR   |   in|    6|       s_axi|       control|        scalar|
|s_axi_control_WVALID   |   in|    1|       s_axi|       control|        scalar|
|s_axi_control_WREADY   |  out|    1|       s_axi|       control|        scalar|
|s_axi_control_WDATA    |   in|   32|       s_axi|       control|        scalar|
|s_axi_control_WSTRB    |   in|    4|       s_axi|       control|        scalar|
|s_axi_control_ARVALID  |   in|    1|       s_axi|       control|        scalar|
|s_axi_control_ARREADY  |  out|    1|       s_axi|       control|        scalar|
|s_axi_control_ARADDR   |   in|    6|       s_axi|       control|        scalar|
|s_axi_control_RVALID   |  out|    1|       s_axi|       control|        scalar|
|s_axi_control_RREADY   |   in|    1|       s_axi|       control|        scalar|
|s_axi_control_RDATA    |  out|   32|       s_axi|       control|        scalar|
|s_axi_control_RRESP    |  out|    2|       s_axi|       control|        scalar|
|s_axi_control_BVALID   |  out|    1|       s_axi|       control|        scalar|
|s_axi_control_BREADY   |   in|    1|       s_axi|       control|        scalar|
|s_axi_control_BRESP    |  out|    2|       s_axi|       control|        scalar|
|ap_clk                 |   in|    1|  ap_ctrl_hs|           fir|  return value|
|ap_rst_n               |   in|    1|  ap_ctrl_hs|           fir|  return value|
|interrupt              |  out|    1|  ap_ctrl_hs|           fir|  return value|
+-----------------------+-----+-----+------------+--------------+--------------+

