

================================================================
== Vitis HLS Report for 'fir'
================================================================
* Date:           Wed Oct 26 13:10:00 2022

* Version:        2022.1.2 (Build 3605665 on Fri Aug  5 22:53:37 MDT 2022)
* Project:        FIR_128
* Solution:       solution1 (Vivado IP Flow Target)
* Product family: zynq
* Target device:  xc7z020-clg400-1


================================================================
== Performance Estimates
================================================================
+ Timing: 
    * Summary: 
    +--------+----------+----------+------------+
    |  Clock |  Target  | Estimated| Uncertainty|
    +--------+----------+----------+------------+
    |ap_clk  |  10.00 ns|  6.039 ns|     2.70 ns|
    +--------+----------+----------+------------+

+ Latency: 
    * Summary: 
    +---------+---------+-----------+-----------+-----+-----+---------+
    |  Latency (cycles) |   Latency (absolute)  |  Interval | Pipeline|
    |   min   |   max   |    min    |    max    | min | max |   Type  |
    +---------+---------+-----------+-----------+-----+-----+---------+
    |        6|        6|  60.000 ns|  60.000 ns|    7|    7|       no|
    +---------+---------+-----------+-----------+-----+-----+---------+

    + Detail: 
        * Instance: 
        N/A

        * Loop: 
        N/A



================================================================
== Utilization Estimates
================================================================
* Summary: 
+-----------------+---------+-----+--------+-------+-----+
|       Name      | BRAM_18K| DSP |   FF   |  LUT  | URAM|
+-----------------+---------+-----+--------+-------+-----+
|DSP              |        -|    -|       -|      -|    -|
|Expression       |        -|    -|       0|   2470|    -|
|FIFO             |        -|    -|       -|      -|    -|
|Instance         |        0|    -|      82|    108|    -|
|Memory           |        -|    -|       -|      -|    -|
|Multiplexer      |        -|    -|       -|     42|    -|
|Register         |        -|    -|    3084|      -|    -|
+-----------------+---------+-----+--------+-------+-----+
|Total            |        0|    0|    3166|   2620|    0|
+-----------------+---------+-----+--------+-------+-----+
|Available        |      280|  220|  106400|  53200|    0|
+-----------------+---------+-----+--------+-------+-----+
|Utilization (%)  |        0|    0|       2|      4|    0|
+-----------------+---------+-----+--------+-------+-----+

+ Detail: 
    * Instance: 
    +-----------------+---------------+---------+----+----+-----+-----+
    |     Instance    |     Module    | BRAM_18K| DSP| FF | LUT | URAM|
    +-----------------+---------------+---------+----+----+-----+-----+
    |control_s_axi_U  |control_s_axi  |        0|   0|  82|  108|    0|
    +-----------------+---------------+---------+----+----+-----+-----+
    |Total            |               |        0|   0|  82|  108|    0|
    +-----------------+---------------+---------+----+----+-----+-----+

    * DSP: 
    N/A

    * Memory: 
    N/A

    * FIFO: 
    N/A

    * Expression: 
    +-------------------------+----------+----+---+----+------------+------------+
    |      Variable Name      | Operation| DSP| FF| LUT| Bitwidth P0| Bitwidth P1|
    +-------------------------+----------+----+---+----+------------+------------+
    |add_ln75_100_fu_839_p2   |         +|   0|  0|  17|          17|          17|
    |add_ln75_101_fu_1948_p2  |         +|   0|  0|  17|          17|          17|
    |add_ln75_102_fu_1953_p2  |         +|   0|  0|  24|          17|          17|
    |add_ln75_103_fu_1959_p2  |         +|   0|  0|  24|          17|          17|
    |add_ln75_104_fu_1964_p2  |         +|   0|  0|  17|          17|          17|
    |add_ln75_105_fu_845_p2   |         +|   0|  0|  17|          17|          17|
    |add_ln75_106_fu_851_p2   |         +|   0|  0|  24|          17|          17|
    |add_ln75_107_fu_857_p2   |         +|   0|  0|  17|          17|          17|
    |add_ln75_108_fu_1970_p2  |         +|   0|  0|  17|          17|          17|
    |add_ln75_109_fu_2242_p2  |         +|   0|  0|  17|          17|          17|
    |add_ln75_10_fu_2151_p2   |         +|   0|  0|  17|          17|          17|
    |add_ln75_110_fu_863_p2   |         +|   0|  0|  17|          17|          17|
    |add_ln75_111_fu_869_p2   |         +|   0|  0|  24|          17|          17|
    |add_ln75_112_fu_875_p2   |         +|   0|  0|  17|          17|          17|
    |add_ln75_113_fu_881_p2   |         +|   0|  0|  17|          17|          17|
    |add_ln75_114_fu_887_p2   |         +|   0|  0|  24|          17|          17|
    |add_ln75_115_fu_893_p2   |         +|   0|  0|  17|          17|          17|
    |add_ln75_116_fu_1975_p2  |         +|   0|  0|  17|          17|          17|
    |add_ln75_117_fu_899_p2   |         +|   0|  0|  24|          17|          17|
    |add_ln75_118_fu_905_p2   |         +|   0|  0|  24|          17|          17|
    |add_ln75_119_fu_910_p2   |         +|   0|  0|  17|          17|          17|
    |add_ln75_11_fu_1645_p2   |         +|   0|  0|  17|          17|          17|
    |add_ln75_120_fu_366_p2   |         +|   0|  0|  17|          17|          17|
    |add_ln75_121_fu_335_p2   |         +|   0|  0|  17|          17|          17|
    |add_ln75_122_fu_341_p2   |         +|   0|  0|  17|          17|          17|
    |add_ln75_123_fu_371_p2   |         +|   0|  0|  17|          17|          17|
    |add_ln75_124_fu_916_p2   |         +|   0|  0|  17|          17|          17|
    |add_ln75_125_fu_1979_p2  |         +|   0|  0|  17|          17|          17|
    |add_ln75_126_fu_2246_p2  |         +|   0|  0|  17|          17|          17|
    |add_ln75_127_fu_2273_p2  |         +|   0|  0|  17|          17|          17|
    |add_ln75_12_fu_1651_p2   |         +|   0|  0|  24|          17|          17|
    |add_ln75_13_fu_1657_p2   |         +|   0|  0|  17|          17|          17|
    |add_ln75_14_fu_2157_p2   |         +|   0|  0|  17|          17|          17|
    |add_ln75_15_fu_2251_p2   |         +|   0|  0|  17|          17|          17|
    |add_ln75_16_fu_1663_p2   |         +|   0|  0|  17|          17|          17|
    |add_ln75_17_fu_1669_p2   |         +|   0|  0|  24|          17|          17|
    |add_ln75_18_fu_1675_p2   |         +|   0|  0|  17|          17|          17|
    |add_ln75_19_fu_1681_p2   |         +|   0|  0|  17|          17|          17|
    |add_ln75_1_fu_2118_p2    |         +|   0|  0|  24|          17|          17|
    |add_ln75_20_fu_1687_p2   |         +|   0|  0|  24|          17|          17|
    |add_ln75_21_fu_1693_p2   |         +|   0|  0|  17|          17|          17|
    |add_ln75_22_fu_2162_p2   |         +|   0|  0|  17|          17|          17|
    |add_ln75_23_fu_1699_p2   |         +|   0|  0|  24|          17|          17|
    |add_ln75_24_fu_1705_p2   |         +|   0|  0|  24|          17|          17|
    |add_ln75_25_fu_1710_p2   |         +|   0|  0|  17|          17|          17|
    |add_ln75_26_fu_755_p2    |         +|   0|  0|  17|          17|          17|
    |add_ln75_27_fu_761_p2    |         +|   0|  0|  24|          17|          17|
    |add_ln75_28_fu_767_p2    |         +|   0|  0|  17|          17|          17|
    |add_ln75_29_fu_1716_p2   |         +|   0|  0|  17|          17|          17|
    |add_ln75_2_fu_2124_p2    |         +|   0|  0|  24|          17|          17|
    |add_ln75_30_fu_2166_p2   |         +|   0|  0|  17|          17|          17|
    |add_ln75_31_fu_2255_p2   |         +|   0|  0|  17|          17|          17|
    |add_ln75_32_fu_2171_p2   |         +|   0|  0|  24|          17|          17|
    |add_ln75_33_fu_2177_p2   |         +|   0|  0|  24|          17|          17|
    |add_ln75_34_fu_2182_p2   |         +|   0|  0|  17|          17|          17|
    |add_ln75_35_fu_1721_p2   |         +|   0|  0|  17|          17|          17|
    |add_ln75_36_fu_1727_p2   |         +|   0|  0|  24|          17|          17|
    |add_ln75_37_fu_1733_p2   |         +|   0|  0|  17|          17|          17|
    |add_ln75_38_fu_2188_p2   |         +|   0|  0|  17|          17|          17|
    |add_ln75_39_fu_2193_p2   |         +|   0|  0|  24|          17|          17|
    |add_ln75_3_fu_2129_p2    |         +|   0|  0|  17|          17|          17|
    |add_ln75_40_fu_2199_p2   |         +|   0|  0|  24|          17|          17|
    |add_ln75_41_fu_2204_p2   |         +|   0|  0|  17|          17|          17|
    |add_ln75_42_fu_1739_p2   |         +|   0|  0|  17|          17|          17|
    |add_ln75_43_fu_1745_p2   |         +|   0|  0|  24|          17|          17|
    |add_ln75_44_fu_1751_p2   |         +|   0|  0|  17|          17|          17|
    |add_ln75_45_fu_2210_p2   |         +|   0|  0|  17|          17|          17|
    |add_ln75_46_fu_2260_p2   |         +|   0|  0|  17|          17|          17|
    |add_ln75_47_fu_1757_p2   |         +|   0|  0|  17|          17|          17|
    |add_ln75_48_fu_1763_p2   |         +|   0|  0|  24|          17|          17|
    |add_ln75_49_fu_1769_p2   |         +|   0|  0|  17|          17|          17|
    |add_ln75_4_fu_1627_p2    |         +|   0|  0|  17|          17|          17|
    |add_ln75_50_fu_1775_p2   |         +|   0|  0|  17|          17|          17|
    |add_ln75_51_fu_1781_p2   |         +|   0|  0|  24|          17|          17|
    |add_ln75_52_fu_1787_p2   |         +|   0|  0|  17|          17|          17|
    |add_ln75_53_fu_2215_p2   |         +|   0|  0|  17|          17|          17|
    |add_ln75_54_fu_1793_p2   |         +|   0|  0|  24|          17|          17|
    |add_ln75_55_fu_1799_p2   |         +|   0|  0|  24|          17|          17|
    |add_ln75_56_fu_1804_p2   |         +|   0|  0|  17|          17|          17|
    |add_ln75_57_fu_773_p2    |         +|   0|  0|  17|          17|          17|
    |add_ln75_58_fu_779_p2    |         +|   0|  0|  24|          17|          17|
    |add_ln75_59_fu_785_p2    |         +|   0|  0|  17|          17|          17|
    |add_ln75_5_fu_1633_p2    |         +|   0|  0|  24|          17|          17|
    |add_ln75_60_fu_1810_p2   |         +|   0|  0|  17|          17|          17|
    |add_ln75_61_fu_2219_p2   |         +|   0|  0|  17|          17|          17|
    |add_ln75_62_fu_2264_p2   |         +|   0|  0|  17|          17|          17|
    |add_ln75_63_fu_2278_p2   |         +|   0|  0|  17|          17|          17|
    |add_ln75_64_fu_1815_p2   |         +|   0|  0|  17|          17|          17|
    |add_ln75_65_fu_1821_p2   |         +|   0|  0|  24|          17|          17|
    |add_ln75_66_fu_1827_p2   |         +|   0|  0|  17|          17|          17|
    |add_ln75_67_fu_1833_p2   |         +|   0|  0|  17|          17|          17|
    |add_ln75_68_fu_1839_p2   |         +|   0|  0|  24|          17|          17|
    |add_ln75_69_fu_1845_p2   |         +|   0|  0|  17|          17|          17|
    |add_ln75_6_fu_1639_p2    |         +|   0|  0|  17|          17|          17|
    |add_ln75_70_fu_2224_p2   |         +|   0|  0|  17|          17|          17|
    |add_ln75_71_fu_1851_p2   |         +|   0|  0|  24|          17|          17|
    |add_ln75_72_fu_1857_p2   |         +|   0|  0|  24|          17|          17|
    |add_ln75_73_fu_1862_p2   |         +|   0|  0|  17|          17|          17|
    |add_ln75_74_fu_791_p2    |         +|   0|  0|  17|          17|          17|
    |add_ln75_75_fu_797_p2    |         +|   0|  0|  24|          17|          17|
    |add_ln75_76_fu_803_p2    |         +|   0|  0|  17|          17|          17|
    |add_ln75_77_fu_1868_p2   |         +|   0|  0|  17|          17|          17|
    |add_ln75_78_fu_2228_p2   |         +|   0|  0|  17|          17|          17|
    |add_ln75_79_fu_1873_p2   |         +|   0|  0|  17|          17|          17|
    |add_ln75_7_fu_2135_p2    |         +|   0|  0|  17|          17|          17|
    |add_ln75_80_fu_1879_p2   |         +|   0|  0|  24|          17|          17|
    |add_ln75_81_fu_1885_p2   |         +|   0|  0|  17|          17|          17|
    |add_ln75_82_fu_1891_p2   |         +|   0|  0|  17|          17|          17|
    |add_ln75_83_fu_1897_p2   |         +|   0|  0|  24|          17|          17|
    |add_ln75_84_fu_1903_p2   |         +|   0|  0|  17|          17|          17|
    |add_ln75_85_fu_2233_p2   |         +|   0|  0|  17|          17|          17|
    |add_ln75_86_fu_1909_p2   |         +|   0|  0|  24|          17|          17|
    |add_ln75_87_fu_1915_p2   |         +|   0|  0|  24|          17|          17|
    |add_ln75_88_fu_1920_p2   |         +|   0|  0|  17|          17|          17|
    |add_ln75_89_fu_809_p2    |         +|   0|  0|  17|          17|          17|
    |add_ln75_8_fu_2140_p2    |         +|   0|  0|  24|          17|          17|
    |add_ln75_90_fu_815_p2    |         +|   0|  0|  24|          17|          17|
    |add_ln75_91_fu_821_p2    |         +|   0|  0|  17|          17|          17|
    |add_ln75_92_fu_1926_p2   |         +|   0|  0|  17|          17|          17|
    |add_ln75_93_fu_2237_p2   |         +|   0|  0|  17|          17|          17|
    |add_ln75_94_fu_2269_p2   |         +|   0|  0|  17|          17|          17|
    |add_ln75_95_fu_1931_p2   |         +|   0|  0|  24|          17|          17|
    |add_ln75_96_fu_1937_p2   |         +|   0|  0|  24|          17|          17|
    |add_ln75_97_fu_1942_p2   |         +|   0|  0|  17|          17|          17|
    |add_ln75_98_fu_827_p2    |         +|   0|  0|  17|          17|          17|
    |add_ln75_99_fu_833_p2    |         +|   0|  0|  24|          17|          17|
    |add_ln75_9_fu_2146_p2    |         +|   0|  0|  24|          17|          17|
    |y                        |         +|   0|  0|  17|          17|          17|
    +-------------------------+----------+----+---+----+------------+------------+
    |Total                    |          |   0|  0|2470|        2176|        2176|
    +-------------------------+----------+----+---+----+------------+------------+

    * Multiplexer: 
    +-----------+----+-----------+-----+-----------+
    |    Name   | LUT| Input Size| Bits| Total Bits|
    +-----------+----+-----------+-----+-----------+
    |ap_NS_fsm  |  42|          8|    1|          8|
    +-----------+----+-----------+-----+-----------+
    |Total      |  42|          8|    1|          8|
    +-----------+----+-----------+-----+-----------+

    * Register: 
    +----------------------------------------------------------+----+----+-----+-----------+
    |                           Name                           | FF | LUT| Bits| Const Bits|
    +----------------------------------------------------------+----+----+-----+-----------+
    |add_ln75_100_reg_2366                                     |  17|   0|   17|          0|
    |add_ln75_101_reg_2495                                     |  17|   0|   17|          0|
    |add_ln75_107_reg_2371                                     |  17|   0|   17|          0|
    |add_ln75_108_reg_2500                                     |  17|   0|   17|          0|
    |add_ln75_112_reg_2376                                     |  17|   0|   17|          0|
    |add_ln75_115_reg_2381                                     |  17|   0|   17|          0|
    |add_ln75_122_reg_2294                                     |  17|   0|   17|          0|
    |add_ln75_123_reg_2305                                     |  17|   0|   17|          0|
    |add_ln75_124_reg_2386                                     |  17|   0|   17|          0|
    |add_ln75_125_reg_2505                                     |  17|   0|   17|          0|
    |add_ln75_126_reg_2550                                     |  17|   0|   17|          0|
    |add_ln75_127_reg_2565                                     |  17|   0|   17|          0|
    |add_ln75_13_reg_2420                                      |  17|   0|   17|          0|
    |add_ln75_14_reg_2515                                      |  17|   0|   17|          0|
    |add_ln75_18_reg_2425                                      |  17|   0|   17|          0|
    |add_ln75_21_reg_2430                                      |  17|   0|   17|          0|
    |add_ln75_28_reg_2346                                      |  17|   0|   17|          0|
    |add_ln75_29_reg_2435                                      |  17|   0|   17|          0|
    |add_ln75_30_reg_2520                                      |  17|   0|   17|          0|
    |add_ln75_31_reg_2555                                      |  17|   0|   17|          0|
    |add_ln75_37_reg_2440                                      |  17|   0|   17|          0|
    |add_ln75_38_reg_2525                                      |  17|   0|   17|          0|
    |add_ln75_44_reg_2445                                      |  17|   0|   17|          0|
    |add_ln75_45_reg_2530                                      |  17|   0|   17|          0|
    |add_ln75_49_reg_2450                                      |  17|   0|   17|          0|
    |add_ln75_52_reg_2455                                      |  17|   0|   17|          0|
    |add_ln75_59_reg_2351                                      |  17|   0|   17|          0|
    |add_ln75_60_reg_2460                                      |  17|   0|   17|          0|
    |add_ln75_61_reg_2535                                      |  17|   0|   17|          0|
    |add_ln75_62_reg_2560                                      |  17|   0|   17|          0|
    |add_ln75_66_reg_2465                                      |  17|   0|   17|          0|
    |add_ln75_69_reg_2470                                      |  17|   0|   17|          0|
    |add_ln75_6_reg_2415                                       |  17|   0|   17|          0|
    |add_ln75_76_reg_2356                                      |  17|   0|   17|          0|
    |add_ln75_77_reg_2475                                      |  17|   0|   17|          0|
    |add_ln75_78_reg_2540                                      |  17|   0|   17|          0|
    |add_ln75_7_reg_2510                                       |  17|   0|   17|          0|
    |add_ln75_81_reg_2480                                      |  17|   0|   17|          0|
    |add_ln75_84_reg_2485                                      |  17|   0|   17|          0|
    |add_ln75_91_reg_2361                                      |  17|   0|   17|          0|
    |add_ln75_92_reg_2490                                      |  17|   0|   17|          0|
    |add_ln75_93_reg_2545                                      |  17|   0|   17|          0|
    |ap_CS_fsm                                                 |   7|   0|    7|          0|
    |fir_ap_int_17_ap_int_17_shift_reg                         |  17|   0|   17|          0|
    |fir_ap_int_17_ap_int_17_shift_reg_0                       |  17|   0|   17|          0|
    |fir_ap_int_17_ap_int_17_shift_reg_1                       |  17|   0|   17|          0|
    |fir_ap_int_17_ap_int_17_shift_reg_10                      |  17|   0|   17|          0|
    |fir_ap_int_17_ap_int_17_shift_reg_1_0                     |  17|   0|   17|          0|
    |fir_ap_int_17_ap_int_17_shift_reg_1_0_load_reg_2288       |  17|   0|   17|          0|
    |fir_ap_int_17_ap_int_17_shift_reg_1_1                     |  17|   0|   17|          0|
    |fir_ap_int_17_ap_int_17_shift_reg_1_2                     |  17|   0|   17|          0|
    |fir_ap_int_17_ap_int_17_shift_reg_1_3                     |  17|   0|   17|          0|
    |fir_ap_int_17_ap_int_17_shift_reg_2                       |  17|   0|   17|          0|
    |fir_ap_int_17_ap_int_17_shift_reg_2_0                     |  17|   0|   17|          0|
    |fir_ap_int_17_ap_int_17_shift_reg_2_1                     |  17|   0|   17|          0|
    |fir_ap_int_17_ap_int_17_shift_reg_2_2                     |  17|   0|   17|          0|
    |fir_ap_int_17_ap_int_17_shift_reg_2_3                     |  17|   0|   17|          0|
    |fir_ap_int_17_ap_int_17_shift_reg_3                       |  17|   0|   17|          0|
    |fir_ap_int_17_ap_int_17_shift_reg_32_reg_2403             |  17|   0|   17|          0|
    |fir_ap_int_17_ap_int_17_shift_reg_3_0                     |  17|   0|   17|          0|
    |fir_ap_int_17_ap_int_17_shift_reg_3_0_load_reg_2299       |  17|   0|   17|          0|
    |fir_ap_int_17_ap_int_17_shift_reg_3_1                     |  17|   0|   17|          0|
    |fir_ap_int_17_ap_int_17_shift_reg_3_1_load_reg_2328       |  17|   0|   17|          0|
    |fir_ap_int_17_ap_int_17_shift_reg_3_2                     |  17|   0|   17|          0|
    |fir_ap_int_17_ap_int_17_shift_reg_3_2_load_reg_2316       |  17|   0|   17|          0|
    |fir_ap_int_17_ap_int_17_shift_reg_3_3                     |  17|   0|   17|          0|
    |fir_ap_int_17_ap_int_17_shift_reg_3_3_load_reg_2310       |  17|   0|   17|          0|
    |fir_ap_int_17_ap_int_17_shift_reg_4                       |  17|   0|   17|          0|
    |fir_ap_int_17_ap_int_17_shift_reg_4_0                     |  17|   0|   17|          0|
    |fir_ap_int_17_ap_int_17_shift_reg_4_1                     |  17|   0|   17|          0|
    |fir_ap_int_17_ap_int_17_shift_reg_4_2                     |  17|   0|   17|          0|
    |fir_ap_int_17_ap_int_17_shift_reg_4_3                     |  17|   0|   17|          0|
    |fir_ap_int_17_ap_int_17_shift_reg_5                       |  17|   0|   17|          0|
    |fir_ap_int_17_ap_int_17_shift_reg_59_reg_2334             |  17|   0|   17|          0|
    |fir_ap_int_17_ap_int_17_shift_reg_5_0                     |  17|   0|   17|          0|
    |fir_ap_int_17_ap_int_17_shift_reg_5_1                     |  17|   0|   17|          0|
    |fir_ap_int_17_ap_int_17_shift_reg_5_2                     |  17|   0|   17|          0|
    |fir_ap_int_17_ap_int_17_shift_reg_5_3                     |  17|   0|   17|          0|
    |fir_ap_int_17_ap_int_17_shift_reg_6                       |  17|   0|   17|          0|
    |fir_ap_int_17_ap_int_17_shift_reg_6_0                     |  17|   0|   17|          0|
    |fir_ap_int_17_ap_int_17_shift_reg_6_1                     |  17|   0|   17|          0|
    |fir_ap_int_17_ap_int_17_shift_reg_6_2                     |  17|   0|   17|          0|
    |fir_ap_int_17_ap_int_17_shift_reg_6_3                     |  17|   0|   17|          0|
    |fir_ap_int_17_ap_int_17_shift_reg_7                       |  17|   0|   17|          0|
    |fir_ap_int_17_ap_int_17_shift_reg_7_0                     |  17|   0|   17|          0|
    |fir_ap_int_17_ap_int_17_shift_reg_7_1                     |  17|   0|   17|          0|
    |fir_ap_int_17_ap_int_17_shift_reg_7_2                     |  17|   0|   17|          0|
    |fir_ap_int_17_ap_int_17_shift_reg_7_3                     |  17|   0|   17|          0|
    |fir_ap_int_17_ap_int_17_shift_reg_8                       |  17|   0|   17|          0|
    |fir_ap_int_17_ap_int_17_shift_reg_8_0                     |  17|   0|   17|          0|
    |fir_ap_int_17_ap_int_17_shift_reg_8_1                     |  17|   0|   17|          0|
    |fir_ap_int_17_ap_int_17_shift_reg_8_2                     |  17|   0|   17|          0|
    |fir_ap_int_17_ap_int_17_shift_reg_8_3                     |  17|   0|   17|          0|
    |fir_ap_int_17_ap_int_17_shift_reg_9                       |  17|   0|   17|          0|
    |fir_ap_int_17_ap_int_17_shift_reg_9_0                     |  17|   0|   17|          0|
    |fir_ap_int_17_ap_int_17_shift_reg_9_1                     |  17|   0|   17|          0|
    |fir_ap_int_17_ap_int_17_shift_reg_9_2                     |  17|   0|   17|          0|
    |fir_ap_int_17_ap_int_17_shift_reg_9_3                     |  17|   0|   17|          0|
    |fir_ap_int_17_ap_int_17_shift_reg_reg_2391                |  17|   0|   17|          0|
    |p_ZZ3firP6ap_intILi17EES0_E9shift_reg_10_0                |  17|   0|   17|          0|
    |p_ZZ3firP6ap_intILi17EES0_E9shift_reg_10_1                |  17|   0|   17|          0|
    |p_ZZ3firP6ap_intILi17EES0_E9shift_reg_10_2                |  17|   0|   17|          0|
    |p_ZZ3firP6ap_intILi17EES0_E9shift_reg_10_3                |  17|   0|   17|          0|
    |p_ZZ3firP6ap_intILi17EES0_E9shift_reg_11_0                |  17|   0|   17|          0|
    |p_ZZ3firP6ap_intILi17EES0_E9shift_reg_11_1                |  17|   0|   17|          0|
    |p_ZZ3firP6ap_intILi17EES0_E9shift_reg_11_2                |  17|   0|   17|          0|
    |p_ZZ3firP6ap_intILi17EES0_E9shift_reg_11_3                |  17|   0|   17|          0|
    |p_ZZ3firP6ap_intILi17EES0_E9shift_reg_13_0                |  17|   0|   17|          0|
    |p_ZZ3firP6ap_intILi17EES0_E9shift_reg_13_1                |  17|   0|   17|          0|
    |p_ZZ3firP6ap_intILi17EES0_E9shift_reg_13_2                |  17|   0|   17|          0|
    |p_ZZ3firP6ap_intILi17EES0_E9shift_reg_13_3                |  17|   0|   17|          0|
    |p_ZZ3firP6ap_intILi17EES0_E9shift_reg_14_0                |  17|   0|   17|          0|
    |p_ZZ3firP6ap_intILi17EES0_E9shift_reg_14_1                |  17|   0|   17|          0|
    |p_ZZ3firP6ap_intILi17EES0_E9shift_reg_14_2                |  17|   0|   17|          0|
    |p_ZZ3firP6ap_intILi17EES0_E9shift_reg_14_3                |  17|   0|   17|          0|
    |p_ZZ3firP6ap_intILi17EES0_E9shift_reg_15_0                |  17|   0|   17|          0|
    |p_ZZ3firP6ap_intILi17EES0_E9shift_reg_15_1                |  17|   0|   17|          0|
    |p_ZZ3firP6ap_intILi17EES0_E9shift_reg_15_2                |  17|   0|   17|          0|
    |p_ZZ3firP6ap_intILi17EES0_E9shift_reg_15_3                |  17|   0|   17|          0|
    |p_ZZ3firP6ap_intILi17EES0_E9shift_reg_16_0                |  17|   0|   17|          0|
    |p_ZZ3firP6ap_intILi17EES0_E9shift_reg_16_1                |  17|   0|   17|          0|
    |p_ZZ3firP6ap_intILi17EES0_E9shift_reg_16_2                |  17|   0|   17|          0|
    |p_ZZ3firP6ap_intILi17EES0_E9shift_reg_16_3                |  17|   0|   17|          0|
    |p_ZZ3firP6ap_intILi17EES0_E9shift_reg_17_0                |  17|   0|   17|          0|
    |p_ZZ3firP6ap_intILi17EES0_E9shift_reg_17_1                |  17|   0|   17|          0|
    |p_ZZ3firP6ap_intILi17EES0_E9shift_reg_17_2                |  17|   0|   17|          0|
    |p_ZZ3firP6ap_intILi17EES0_E9shift_reg_17_3                |  17|   0|   17|          0|
    |p_ZZ3firP6ap_intILi17EES0_E9shift_reg_18_0                |  17|   0|   17|          0|
    |p_ZZ3firP6ap_intILi17EES0_E9shift_reg_18_1                |  17|   0|   17|          0|
    |p_ZZ3firP6ap_intILi17EES0_E9shift_reg_18_2                |  17|   0|   17|          0|
    |p_ZZ3firP6ap_intILi17EES0_E9shift_reg_18_3                |  17|   0|   17|          0|
    |p_ZZ3firP6ap_intILi17EES0_E9shift_reg_19_0                |  17|   0|   17|          0|
    |p_ZZ3firP6ap_intILi17EES0_E9shift_reg_19_0_load_reg_2340  |  17|   0|   17|          0|
    |p_ZZ3firP6ap_intILi17EES0_E9shift_reg_19_1                |  17|   0|   17|          0|
    |p_ZZ3firP6ap_intILi17EES0_E9shift_reg_19_1_load_reg_2322  |  17|   0|   17|          0|
    |p_ZZ3firP6ap_intILi17EES0_E9shift_reg_19_2                |  17|   0|   17|          0|
    |p_ZZ3firP6ap_intILi17EES0_E9shift_reg_19_2_load_reg_2409  |  17|   0|   17|          0|
    |p_ZZ3firP6ap_intILi17EES0_E9shift_reg_19_3                |  17|   0|   17|          0|
    |p_ZZ3firP6ap_intILi17EES0_E9shift_reg_19_3_load_reg_2397  |  17|   0|   17|          0|
    |p_ZZ3firP6ap_intILi17EES0_E9shift_reg_20_0                |  17|   0|   17|          0|
    |p_ZZ3firP6ap_intILi17EES0_E9shift_reg_20_1                |  17|   0|   17|          0|
    |p_ZZ3firP6ap_intILi17EES0_E9shift_reg_20_2                |  17|   0|   17|          0|
    |p_ZZ3firP6ap_intILi17EES0_E9shift_reg_20_3                |  17|   0|   17|          0|
    |p_ZZ3firP6ap_intILi17EES0_E9shift_reg_21_0                |  17|   0|   17|          0|
    |p_ZZ3firP6ap_intILi17EES0_E9shift_reg_21_1                |  17|   0|   17|          0|
    |p_ZZ3firP6ap_intILi17EES0_E9shift_reg_21_2                |  17|   0|   17|          0|
    |p_ZZ3firP6ap_intILi17EES0_E9shift_reg_21_3                |  17|   0|   17|          0|
    |p_ZZ3firP6ap_intILi17EES0_E9shift_reg_23_0                |  17|   0|   17|          0|
    |p_ZZ3firP6ap_intILi17EES0_E9shift_reg_23_1                |  17|   0|   17|          0|
    |p_ZZ3firP6ap_intILi17EES0_E9shift_reg_23_2                |  17|   0|   17|          0|
    |p_ZZ3firP6ap_intILi17EES0_E9shift_reg_23_3                |  17|   0|   17|          0|
    |p_ZZ3firP6ap_intILi17EES0_E9shift_reg_24_0                |  17|   0|   17|          0|
    |p_ZZ3firP6ap_intILi17EES0_E9shift_reg_24_1                |  17|   0|   17|          0|
    |p_ZZ3firP6ap_intILi17EES0_E9shift_reg_24_2                |  17|   0|   17|          0|
    |p_ZZ3firP6ap_intILi17EES0_E9shift_reg_24_3                |  17|   0|   17|          0|
    |p_ZZ3firP6ap_intILi17EES0_E9shift_reg_25_0                |  17|   0|   17|          0|
    |p_ZZ3firP6ap_intILi17EES0_E9shift_reg_25_1                |  17|   0|   17|          0|
    |p_ZZ3firP6ap_intILi17EES0_E9shift_reg_25_2                |  17|   0|   17|          0|
    |p_ZZ3firP6ap_intILi17EES0_E9shift_reg_25_3                |  17|   0|   17|          0|
    |p_ZZ3firP6ap_intILi17EES0_E9shift_reg_26_0                |  17|   0|   17|          0|
    |p_ZZ3firP6ap_intILi17EES0_E9shift_reg_26_1                |  17|   0|   17|          0|
    |p_ZZ3firP6ap_intILi17EES0_E9shift_reg_26_2                |  17|   0|   17|          0|
    |p_ZZ3firP6ap_intILi17EES0_E9shift_reg_26_3                |  17|   0|   17|          0|
    |p_ZZ3firP6ap_intILi17EES0_E9shift_reg_27_0                |  17|   0|   17|          0|
    |p_ZZ3firP6ap_intILi17EES0_E9shift_reg_27_1                |  17|   0|   17|          0|
    |p_ZZ3firP6ap_intILi17EES0_E9shift_reg_27_2                |  17|   0|   17|          0|
    |p_ZZ3firP6ap_intILi17EES0_E9shift_reg_27_3                |  17|   0|   17|          0|
    |p_ZZ3firP6ap_intILi17EES0_E9shift_reg_28_0                |  17|   0|   17|          0|
    |p_ZZ3firP6ap_intILi17EES0_E9shift_reg_28_1                |  17|   0|   17|          0|
    |p_ZZ3firP6ap_intILi17EES0_E9shift_reg_28_2                |  17|   0|   17|          0|
    |p_ZZ3firP6ap_intILi17EES0_E9shift_reg_28_3                |  17|   0|   17|          0|
    |p_ZZ3firP6ap_intILi17EES0_E9shift_reg_29_0                |  17|   0|   17|          0|
    |p_ZZ3firP6ap_intILi17EES0_E9shift_reg_29_1                |  17|   0|   17|          0|
    |p_ZZ3firP6ap_intILi17EES0_E9shift_reg_29_2                |  17|   0|   17|          0|
    |p_ZZ3firP6ap_intILi17EES0_E9shift_reg_29_3                |  17|   0|   17|          0|
    |p_ZZ3firP6ap_intILi17EES0_E9shift_reg_30_0                |  17|   0|   17|          0|
    |p_ZZ3firP6ap_intILi17EES0_E9shift_reg_30_1                |  17|   0|   17|          0|
    |p_ZZ3firP6ap_intILi17EES0_E9shift_reg_30_2                |  17|   0|   17|          0|
    |p_ZZ3firP6ap_intILi17EES0_E9shift_reg_30_3                |  17|   0|   17|          0|
    |p_ZZ3firP6ap_intILi17EES0_E9shift_reg_31_0                |  17|   0|   17|          0|
    |p_ZZ3firP6ap_intILi17EES0_E9shift_reg_31_1                |  17|   0|   17|          0|
    |p_ZZ3firP6ap_intILi17EES0_E9shift_reg_31_2                |  17|   0|   17|          0|
    +----------------------------------------------------------+----+----+-----+-----------+
    |Total                                                     |3084|   0| 3084|          0|
    +----------------------------------------------------------+----+----+-----+-----------+



================================================================
== Interface
================================================================
* Summary: 
+-----------------------+-----+-----+------------+--------------+--------------+
|       RTL Ports       | Dir | Bits|  Protocol  | Source Object|    C Type    |
+-----------------------+-----+-----+------------+--------------+--------------+
|s_axi_control_AWVALID  |   in|    1|       s_axi|       control|        scalar|
|s_axi_control_AWREADY  |  out|    1|       s_axi|       control|        scalar|
|s_axi_control_AWADDR   |   in|    6|       s_axi|       control|        scalar|
|s_axi_control_WVALID   |   in|    1|       s_axi|       control|        scalar|
|s_axi_control_WREADY   |  out|    1|       s_axi|       control|        scalar|
|s_axi_control_WDATA    |   in|   32|       s_axi|       control|        scalar|
|s_axi_control_WSTRB    |   in|    4|       s_axi|       control|        scalar|
|s_axi_control_ARVALID  |   in|    1|       s_axi|       control|        scalar|
|s_axi_control_ARREADY  |  out|    1|       s_axi|       control|        scalar|
|s_axi_control_ARADDR   |   in|    6|       s_axi|       control|        scalar|
|s_axi_control_RVALID   |  out|    1|       s_axi|       control|        scalar|
|s_axi_control_RREADY   |   in|    1|       s_axi|       control|        scalar|
|s_axi_control_RDATA    |  out|   32|       s_axi|       control|        scalar|
|s_axi_control_RRESP    |  out|    2|       s_axi|       control|        scalar|
|s_axi_control_BVALID   |  out|    1|       s_axi|       control|        scalar|
|s_axi_control_BREADY   |   in|    1|       s_axi|       control|        scalar|
|s_axi_control_BRESP    |  out|    2|       s_axi|       control|        scalar|
|ap_clk                 |   in|    1|  ap_ctrl_hs|           fir|  return value|
|ap_rst_n               |   in|    1|  ap_ctrl_hs|           fir|  return value|
|interrupt              |  out|    1|  ap_ctrl_hs|           fir|  return value|
+-----------------------+-----+-----+------------+--------------+--------------+

