

================================================================
== Synthesis Summary Report of 'dft'
================================================================
+ General Information: 
    * Date:           Sun Nov 20 17:38:11 2022
    * Version:        2022.1.2 (Build 3605665 on Fri Aug  5 22:53:37 MDT 2022)
    * Project:        hls
    * Solution:       solution1 (Vivado IP Flow Target)
    * Product family: zynq
    * Target device:  xc7z020-clg484-1
    

+ Performance & Resource Estimates: 
    
    PS: '+' for module; 'o' for loop; '*' for dataflow
    +-----------------------------------+------+------+---------+-----------+----------+---------+------+----------+----------+-----------+-------------+-------------+-----+
    |              Modules              | Issue|      | Latency |  Latency  | Iteration|         | Trip |          |          |           |             |             |     |
    |              & Loops              | Type | Slack| (cycles)|    (ns)   |  Latency | Interval| Count| Pipelined|   BRAM   |    DSP    |      FF     |     LUT     | URAM|
    +-----------------------------------+------+------+---------+-----------+----------+---------+------+----------+----------+-----------+-------------+-------------+-----+
    |+ dft                              |     -|  0.04|   153664|  1.537e+06|         -|   153665|     -|        no|  28 (10%)|  160 (72%)|  20111 (18%)|  38676 (72%)|    -|
    | o VITIS_LOOP_19_2                 |     -|  7.30|   153600|  1.536e+06|       300|        -|   512|        no|         -|          -|            -|            -|    -|
    |  + dft_Pipeline_VITIS_LOOP_23_3   |     -|  0.04|      147|  1.470e+03|         -|      147|     -|        no|         -|          -|    4367 (4%)|     748 (1%)|    -|
    |   o VITIS_LOOP_23_3               |     -|  7.30|      145|  1.450e+03|        19|        1|   128|       yes|         -|          -|            -|            -|    -|
    |  + dft_Pipeline_VITIS_LOOP_23_31  |     -|  0.04|      147|  1.470e+03|         -|      147|     -|        no|         -|          -|    4367 (4%)|     748 (1%)|    -|
    |   o VITIS_LOOP_23_3               |     -|  7.30|      145|  1.450e+03|        19|        1|   128|       yes|         -|          -|            -|            -|    -|
    +-----------------------------------+------+------+---------+-----------+----------+---------+------+----------+----------+-----------+-------------+-------------+-----+


================================================================
== HW Interfaces
================================================================
* AP_MEMORY
+------------------------+----------+
| Interface              | Bitwidth |
+------------------------+----------+
| imag_op_0_address0     | 7        |
| imag_op_0_address1     | 7        |
| imag_op_0_d0           | 32       |
| imag_op_0_d1           | 32       |
| imag_op_0_q1           | 32       |
| imag_op_1_address0     | 7        |
| imag_op_1_address1     | 7        |
| imag_op_1_d0           | 32       |
| imag_op_1_d1           | 32       |
| imag_op_1_q1           | 32       |
| imag_op_2_address0     | 7        |
| imag_op_2_address1     | 7        |
| imag_op_2_d0           | 32       |
| imag_op_2_d1           | 32       |
| imag_op_2_q1           | 32       |
| imag_op_3_address0     | 7        |
| imag_op_3_address1     | 7        |
| imag_op_3_d0           | 32       |
| imag_op_3_d1           | 32       |
| imag_op_3_q1           | 32       |
| imag_op_4_address0     | 7        |
| imag_op_4_address1     | 7        |
| imag_op_4_d0           | 32       |
| imag_op_4_d1           | 32       |
| imag_op_4_q1           | 32       |
| imag_op_5_address0     | 7        |
| imag_op_5_address1     | 7        |
| imag_op_5_d0           | 32       |
| imag_op_5_d1           | 32       |
| imag_op_5_q1           | 32       |
| imag_op_6_address0     | 7        |
| imag_op_6_address1     | 7        |
| imag_op_6_d0           | 32       |
| imag_op_6_d1           | 32       |
| imag_op_6_q1           | 32       |
| imag_op_7_address0     | 7        |
| imag_op_7_address1     | 7        |
| imag_op_7_d0           | 32       |
| imag_op_7_d1           | 32       |
| imag_op_7_q1           | 32       |
| imag_sample_0_address0 | 7        |
| imag_sample_0_q0       | 32       |
| imag_sample_1_address0 | 7        |
| imag_sample_1_q0       | 32       |
| imag_sample_2_address0 | 7        |
| imag_sample_2_q0       | 32       |
| imag_sample_3_address0 | 7        |
| imag_sample_3_q0       | 32       |
| imag_sample_4_address0 | 7        |
| imag_sample_4_q0       | 32       |
| imag_sample_5_address0 | 7        |
| imag_sample_5_q0       | 32       |
| imag_sample_6_address0 | 7        |
| imag_sample_6_q0       | 32       |
| imag_sample_7_address0 | 7        |
| imag_sample_7_q0       | 32       |
| real_op_0_address0     | 7        |
| real_op_0_address1     | 7        |
| real_op_0_d0           | 32       |
| real_op_0_d1           | 32       |
| real_op_0_q1           | 32       |
| real_op_1_address0     | 7        |
| real_op_1_address1     | 7        |
| real_op_1_d0           | 32       |
| real_op_1_d1           | 32       |
| real_op_1_q1           | 32       |
| real_op_2_address0     | 7        |
| real_op_2_address1     | 7        |
| real_op_2_d0           | 32       |
| real_op_2_d1           | 32       |
| real_op_2_q1           | 32       |
| real_op_3_address0     | 7        |
| real_op_3_address1     | 7        |
| real_op_3_d0           | 32       |
| real_op_3_d1           | 32       |
| real_op_3_q1           | 32       |
| real_op_4_address0     | 7        |
| real_op_4_address1     | 7        |
| real_op_4_d0           | 32       |
| real_op_4_d1           | 32       |
| real_op_4_q1           | 32       |
| real_op_5_address0     | 7        |
| real_op_5_address1     | 7        |
| real_op_5_d0           | 32       |
| real_op_5_d1           | 32       |
| real_op_5_q1           | 32       |
| real_op_6_address0     | 7        |
| real_op_6_address1     | 7        |
| real_op_6_d0           | 32       |
| real_op_6_d1           | 32       |
| real_op_6_q1           | 32       |
| real_op_7_address0     | 7        |
| real_op_7_address1     | 7        |
| real_op_7_d0           | 32       |
| real_op_7_d1           | 32       |
| real_op_7_q1           | 32       |
| real_sample_0_address0 | 7        |
| real_sample_0_q0       | 32       |
| real_sample_1_address0 | 7        |
| real_sample_1_q0       | 32       |
| real_sample_2_address0 | 7        |
| real_sample_2_q0       | 32       |
| real_sample_3_address0 | 7        |
| real_sample_3_q0       | 32       |
| real_sample_4_address0 | 7        |
| real_sample_4_q0       | 32       |
| real_sample_5_address0 | 7        |
| real_sample_5_q0       | 32       |
| real_sample_6_address0 | 7        |
| real_sample_6_q0       | 32       |
| real_sample_7_address0 | 7        |
| real_sample_7_q0       | 32       |
+------------------------+----------+

* TOP LEVEL CONTROL
+-----------+------------+-----------------------------------+
| Interface | Type       | Ports                             |
+-----------+------------+-----------------------------------+
| ap_clk    | clock      | ap_clk                            |
| ap_rst    | reset      | ap_rst                            |
| ap_ctrl   | ap_ctrl_hs | ap_done ap_idle ap_ready ap_start |
+-----------+------------+-----------------------------------+


================================================================
== SW I/O Information
================================================================
* Top Function Arguments
+-------------+-----------+----------+
| Argument    | Direction | Datatype |
+-------------+-----------+----------+
| real_sample | in        | float*   |
| imag_sample | in        | float*   |
| real_op     | inout     | float*   |
| imag_op     | inout     | float*   |
+-------------+-----------+----------+

* SW-to-HW Mapping
+-------------+------------------------+---------+----------+
| Argument    | HW Interface           | HW Type | HW Usage |
+-------------+------------------------+---------+----------+
| real_sample | real_sample_0_address0 | port    | offset   |
| real_sample | real_sample_0_ce0      | port    |          |
| real_sample | real_sample_0_q0       | port    |          |
| real_sample | real_sample_1_address0 | port    | offset   |
| real_sample | real_sample_1_ce0      | port    |          |
| real_sample | real_sample_1_q0       | port    |          |
| real_sample | real_sample_2_address0 | port    | offset   |
| real_sample | real_sample_2_ce0      | port    |          |
| real_sample | real_sample_2_q0       | port    |          |
| real_sample | real_sample_3_address0 | port    | offset   |
| real_sample | real_sample_3_ce0      | port    |          |
| real_sample | real_sample_3_q0       | port    |          |
| real_sample | real_sample_4_address0 | port    | offset   |
| real_sample | real_sample_4_ce0      | port    |          |
| real_sample | real_sample_4_q0       | port    |          |
| real_sample | real_sample_5_address0 | port    | offset   |
| real_sample | real_sample_5_ce0      | port    |          |
| real_sample | real_sample_5_q0       | port    |          |
| real_sample | real_sample_6_address0 | port    | offset   |
| real_sample | real_sample_6_ce0      | port    |          |
| real_sample | real_sample_6_q0       | port    |          |
| real_sample | real_sample_7_address0 | port    | offset   |
| real_sample | real_sample_7_ce0      | port    |          |
| real_sample | real_sample_7_q0       | port    |          |
| imag_sample | imag_sample_0_address0 | port    | offset   |
| imag_sample | imag_sample_0_ce0      | port    |          |
| imag_sample | imag_sample_0_q0       | port    |          |
| imag_sample | imag_sample_1_address0 | port    | offset   |
| imag_sample | imag_sample_1_ce0      | port    |          |
| imag_sample | imag_sample_1_q0       | port    |          |
| imag_sample | imag_sample_2_address0 | port    | offset   |
| imag_sample | imag_sample_2_ce0      | port    |          |
| imag_sample | imag_sample_2_q0       | port    |          |
| imag_sample | imag_sample_3_address0 | port    | offset   |
| imag_sample | imag_sample_3_ce0      | port    |          |
| imag_sample | imag_sample_3_q0       | port    |          |
| imag_sample | imag_sample_4_address0 | port    | offset   |
| imag_sample | imag_sample_4_ce0      | port    |          |
| imag_sample | imag_sample_4_q0       | port    |          |
| imag_sample | imag_sample_5_address0 | port    | offset   |
| imag_sample | imag_sample_5_ce0      | port    |          |
| imag_sample | imag_sample_5_q0       | port    |          |
| imag_sample | imag_sample_6_address0 | port    | offset   |
| imag_sample | imag_sample_6_ce0      | port    |          |
| imag_sample | imag_sample_6_q0       | port    |          |
| imag_sample | imag_sample_7_address0 | port    | offset   |
| imag_sample | imag_sample_7_ce0      | port    |          |
| imag_sample | imag_sample_7_q0       | port    |          |
| real_op     | real_op_0_address0     | port    | offset   |
| real_op     | real_op_0_ce0          | port    |          |
| real_op     | real_op_0_we0          | port    |          |
| real_op     | real_op_0_d0           | port    |          |
| real_op     | real_op_0_address1     | port    | offset   |
| real_op     | real_op_0_ce1          | port    |          |
| real_op     | real_op_0_we1          | port    |          |
| real_op     | real_op_0_d1           | port    |          |
| real_op     | real_op_0_q1           | port    |          |
| real_op     | real_op_1_address0     | port    | offset   |
| real_op     | real_op_1_ce0          | port    |          |
| real_op     | real_op_1_we0          | port    |          |
| real_op     | real_op_1_d0           | port    |          |
| real_op     | real_op_1_address1     | port    | offset   |
| real_op     | real_op_1_ce1          | port    |          |
| real_op     | real_op_1_we1          | port    |          |
| real_op     | real_op_1_d1           | port    |          |
| real_op     | real_op_1_q1           | port    |          |
| real_op     | real_op_2_address0     | port    | offset   |
| real_op     | real_op_2_ce0          | port    |          |
| real_op     | real_op_2_we0          | port    |          |
| real_op     | real_op_2_d0           | port    |          |
| real_op     | real_op_2_address1     | port    | offset   |
| real_op     | real_op_2_ce1          | port    |          |
| real_op     | real_op_2_we1          | port    |          |
| real_op     | real_op_2_d1           | port    |          |
| real_op     | real_op_2_q1           | port    |          |
| real_op     | real_op_3_address0     | port    | offset   |
| real_op     | real_op_3_ce0          | port    |          |
| real_op     | real_op_3_we0          | port    |          |
| real_op     | real_op_3_d0           | port    |          |
| real_op     | real_op_3_address1     | port    | offset   |
| real_op     | real_op_3_ce1          | port    |          |
| real_op     | real_op_3_we1          | port    |          |
| real_op     | real_op_3_d1           | port    |          |
| real_op     | real_op_3_q1           | port    |          |
| real_op     | real_op_4_address0     | port    | offset   |
| real_op     | real_op_4_ce0          | port    |          |
| real_op     | real_op_4_we0          | port    |          |
| real_op     | real_op_4_d0           | port    |          |
| real_op     | real_op_4_address1     | port    | offset   |
| real_op     | real_op_4_ce1          | port    |          |
| real_op     | real_op_4_we1          | port    |          |
| real_op     | real_op_4_d1           | port    |          |
| real_op     | real_op_4_q1           | port    |          |
| real_op     | real_op_5_address0     | port    | offset   |
| real_op     | real_op_5_ce0          | port    |          |
| real_op     | real_op_5_we0          | port    |          |
| real_op     | real_op_5_d0           | port    |          |
| real_op     | real_op_5_address1     | port    | offset   |
| real_op     | real_op_5_ce1          | port    |          |
| real_op     | real_op_5_we1          | port    |          |
| real_op     | real_op_5_d1           | port    |          |
| real_op     | real_op_5_q1           | port    |          |
| real_op     | real_op_6_address0     | port    | offset   |
| real_op     | real_op_6_ce0          | port    |          |
| real_op     | real_op_6_we0          | port    |          |
| real_op     | real_op_6_d0           | port    |          |
| real_op     | real_op_6_address1     | port    | offset   |
| real_op     | real_op_6_ce1          | port    |          |
| real_op     | real_op_6_we1          | port    |          |
| real_op     | real_op_6_d1           | port    |          |
| real_op     | real_op_6_q1           | port    |          |
| real_op     | real_op_7_address0     | port    | offset   |
| real_op     | real_op_7_ce0          | port    |          |
| real_op     | real_op_7_we0          | port    |          |
| real_op     | real_op_7_d0           | port    |          |
| real_op     | real_op_7_address1     | port    | offset   |
| real_op     | real_op_7_ce1          | port    |          |
| real_op     | real_op_7_we1          | port    |          |
| real_op     | real_op_7_d1           | port    |          |
| real_op     | real_op_7_q1           | port    |          |
| imag_op     | imag_op_0_address0     | port    | offset   |
| imag_op     | imag_op_0_ce0          | port    |          |
| imag_op     | imag_op_0_we0          | port    |          |
| imag_op     | imag_op_0_d0           | port    |          |
| imag_op     | imag_op_0_address1     | port    | offset   |
| imag_op     | imag_op_0_ce1          | port    |          |
| imag_op     | imag_op_0_we1          | port    |          |
| imag_op     | imag_op_0_d1           | port    |          |
| imag_op     | imag_op_0_q1           | port    |          |
| imag_op     | imag_op_1_address0     | port    | offset   |
| imag_op     | imag_op_1_ce0          | port    |          |
| imag_op     | imag_op_1_we0          | port    |          |
| imag_op     | imag_op_1_d0           | port    |          |
| imag_op     | imag_op_1_address1     | port    | offset   |
| imag_op     | imag_op_1_ce1          | port    |          |
| imag_op     | imag_op_1_we1          | port    |          |
| imag_op     | imag_op_1_d1           | port    |          |
| imag_op     | imag_op_1_q1           | port    |          |
| imag_op     | imag_op_2_address0     | port    | offset   |
| imag_op     | imag_op_2_ce0          | port    |          |
| imag_op     | imag_op_2_we0          | port    |          |
| imag_op     | imag_op_2_d0           | port    |          |
| imag_op     | imag_op_2_address1     | port    | offset   |
| imag_op     | imag_op_2_ce1          | port    |          |
| imag_op     | imag_op_2_we1          | port    |          |
| imag_op     | imag_op_2_d1           | port    |          |
| imag_op     | imag_op_2_q1           | port    |          |
| imag_op     | imag_op_3_address0     | port    | offset   |
| imag_op     | imag_op_3_ce0          | port    |          |
| imag_op     | imag_op_3_we0          | port    |          |
| imag_op     | imag_op_3_d0           | port    |          |
| imag_op     | imag_op_3_address1     | port    | offset   |
| imag_op     | imag_op_3_ce1          | port    |          |
| imag_op     | imag_op_3_we1          | port    |          |
| imag_op     | imag_op_3_d1           | port    |          |
| imag_op     | imag_op_3_q1           | port    |          |
| imag_op     | imag_op_4_address0     | port    | offset   |
| imag_op     | imag_op_4_ce0          | port    |          |
| imag_op     | imag_op_4_we0          | port    |          |
| imag_op     | imag_op_4_d0           | port    |          |
| imag_op     | imag_op_4_address1     | port    | offset   |
| imag_op     | imag_op_4_ce1          | port    |          |
| imag_op     | imag_op_4_we1          | port    |          |
| imag_op     | imag_op_4_d1           | port    |          |
| imag_op     | imag_op_4_q1           | port    |          |
| imag_op     | imag_op_5_address0     | port    | offset   |
| imag_op     | imag_op_5_ce0          | port    |          |
| imag_op     | imag_op_5_we0          | port    |          |
| imag_op     | imag_op_5_d0           | port    |          |
| imag_op     | imag_op_5_address1     | port    | offset   |
| imag_op     | imag_op_5_ce1          | port    |          |
| imag_op     | imag_op_5_we1          | port    |          |
| imag_op     | imag_op_5_d1           | port    |          |
| imag_op     | imag_op_5_q1           | port    |          |
| imag_op     | imag_op_6_address0     | port    | offset   |
| imag_op     | imag_op_6_ce0          | port    |          |
| imag_op     | imag_op_6_we0          | port    |          |
| imag_op     | imag_op_6_d0           | port    |          |
| imag_op     | imag_op_6_address1     | port    | offset   |
| imag_op     | imag_op_6_ce1          | port    |          |
| imag_op     | imag_op_6_we1          | port    |          |
| imag_op     | imag_op_6_d1           | port    |          |
| imag_op     | imag_op_6_q1           | port    |          |
| imag_op     | imag_op_7_address0     | port    | offset   |
| imag_op     | imag_op_7_ce0          | port    |          |
| imag_op     | imag_op_7_we0          | port    |          |
| imag_op     | imag_op_7_d0           | port    |          |
| imag_op     | imag_op_7_address1     | port    | offset   |
| imag_op     | imag_op_7_ce1          | port    |          |
| imag_op     | imag_op_7_we1          | port    |          |
| imag_op     | imag_op_7_d1           | port    |          |
| imag_op     | imag_op_7_q1           | port    |          |
+-------------+------------------------+---------+----------+


================================================================
== Bind Op Report
================================================================
+----------------------------------+-----+--------+----------+-----+--------+---------+
| Name                             | DSP | Pragma | Variable | Op  | Impl   | Latency |
+----------------------------------+-----+--------+----------+-----+--------+---------+
| + dft                            | 160 |        |          |     |        |         |
|   add_ln19_fu_19326_p2           | -   |        | add_ln19 | add | fabric | 0       |
|  + dft_Pipeline_VITIS_LOOP_23_3  | 0   |        |          |     |        |         |
|    mul_10s_10s_10_1_1_U65        | -   |        | mul_ln26 | mul | auto   | 0       |
|    add_ln26_fu_858_p2            | -   |        | add_ln26 | add | fabric | 0       |
|    empty_17_fu_885_p2            | -   |        | empty_17 | add | fabric | 0       |
|    empty_18_fu_895_p2            | -   |        | empty_18 | add | fabric | 0       |
|    empty_19_fu_906_p2            | -   |        | empty_19 | add | fabric | 0       |
|    empty_20_fu_911_p2            | -   |        | empty_20 | add | fabric | 0       |
|    empty_21_fu_926_p2            | -   |        | empty_21 | add | fabric | 0       |
|    empty_22_fu_936_p2            | -   |        | empty_22 | add | fabric | 0       |
|    add_ln23_fu_864_p2            | -   |        | add_ln23 | add | fabric | 0       |
|  + dft_Pipeline_VITIS_LOOP_23_31 | 0   |        |          |     |        |         |
|    mul_10s_10s_10_1_1_U152       | -   |        | mul_ln26 | mul | auto   | 0       |
|    add_ln26_fu_858_p2            | -   |        | add_ln26 | add | fabric | 0       |
|    empty_10_fu_885_p2            | -   |        | empty_10 | add | fabric | 0       |
|    empty_11_fu_895_p2            | -   |        | empty_11 | add | fabric | 0       |
|    empty_12_fu_906_p2            | -   |        | empty_12 | add | fabric | 0       |
|    empty_13_fu_911_p2            | -   |        | empty_13 | add | fabric | 0       |
|    empty_14_fu_926_p2            | -   |        | empty_14 | add | fabric | 0       |
|    empty_15_fu_936_p2            | -   |        | empty_15 | add | fabric | 0       |
|    add_ln23_fu_864_p2            | -   |        | add_ln23 | add | fabric | 0       |
+----------------------------------+-----+--------+----------+-----+--------+---------+


================================================================
== Bind Storage Report
================================================================
+----------------------------+------+------+--------+------------------------+---------+------+---------+
| Name                       | BRAM | URAM | Pragma | Variable               | Storage | Impl | Latency |
+----------------------------+------+------+--------+------------------------+---------+------+---------+
| + dft                      | 28   | 0    |        |                        |         |      |         |
|   cos_coefficients_table_U | 14   | -    |        | cos_coefficients_table | rom_np  | auto | 1       |
|   sin_coefficients_table_U | 14   | -    |        | sin_coefficients_table | rom_np  | auto | 1       |
+----------------------------+------+------+--------+------------------------+---------+------+---------+


================================================================
== Pragma Report
================================================================
* Valid Pragma Syntax
+-----------------+-------------------------------------------------+--------------------------------+
| Type            | Options                                         | Location                       |
+-----------------+-------------------------------------------------+--------------------------------+
| array_partition | dim=1 factor=8 type=cyclic variable=imag_op     | dft.cpp:7 in dft, imag_op      |
| array_partition | dim=1 factor=8 type=cyclic variable=real_op     | dft.cpp:8 in dft, real_op      |
| array_partition | dim=1 factor=8 type=cyclic variable=imag_sample | dft.cpp:9 in dft, imag_sample  |
| array_partition | dim=1 factor=8 type=cyclic variable=real_sample | dft.cpp:10 in dft, real_sample |
| unroll          |                                                 | dft.cpp:13 in dft              |
| unroll          | factor=2                                        | dft.cpp:21 in dft              |
| unroll          | factor=8                                        | dft.cpp:25 in dft              |
+-----------------+-------------------------------------------------+--------------------------------+


