

================================================================
== Vitis HLS Report for 'cordiccart2pol'
================================================================
* Date:           Sun Nov  6 22:18:35 2022

* Version:        2022.1.2 (Build 3605665 on Fri Aug  5 22:53:37 MDT 2022)
* Project:        cordiccart2pol
* Solution:       solution1 (Vivado IP Flow Target)
* Product family: zynq
* Target device:  xc7z020-clg400-1


================================================================
== Performance Estimates
================================================================
+ Timing: 
    * Summary: 
    +--------+----------+----------+------------+
    |  Clock |  Target  | Estimated| Uncertainty|
    +--------+----------+----------+------------+
    |ap_clk  |  10.00 ns|  7.290 ns|     2.70 ns|
    +--------+----------+----------+------------+

+ Latency: 
    * Summary: 
    +---------+---------+----------+----------+-----+-----+---------+
    |  Latency (cycles) |  Latency (absolute) |  Interval | Pipeline|
    |   min   |   max   |    min   |    max   | min | max |   Type  |
    +---------+---------+----------+----------+-----+-----+---------+
    |      205|      205|  2.050 us|  2.050 us|  206|  206|       no|
    +---------+---------+----------+----------+-----+-----+---------+

    + Detail: 
        * Instance: 
        N/A

        * Loop: 
        +-------------------+---------+---------+----------+-----------+-----------+------+----------+
        |                   |  Latency (cycles) | Iteration|  Initiation Interval  | Trip |          |
        |     Loop Name     |   min   |   max   |  Latency |  achieved |   target  | Count| Pipelined|
        +-------------------+---------+---------+----------+-----------+-----------+------+----------+
        |- VITIS_LOOP_40_1  |      192|      192|        12|          -|          -|    16|        no|
        +-------------------+---------+---------+----------+-----------+-----------+------+----------+



================================================================
== Utilization Estimates
================================================================
* Summary: 
+-----------------+---------+-----+--------+-------+-----+
|       Name      | BRAM_18K| DSP |   FF   |  LUT  | URAM|
+-----------------+---------+-----+--------+-------+-----+
|DSP              |        -|    -|       -|      -|    -|
|Expression       |        -|    -|       0|   3261|    -|
|FIFO             |        -|    -|       -|      -|    -|
|Instance         |        0|   24|    1369|   2625|    -|
|Memory           |        0|    -|      32|      8|    -|
|Multiplexer      |        -|    -|       -|    307|    -|
|Register         |        -|    -|    1284|      -|    -|
+-----------------+---------+-----+--------+-------+-----+
|Total            |        0|   24|    2685|   6201|    0|
+-----------------+---------+-----+--------+-------+-----+
|Available        |      280|  220|  106400|  53200|    0|
+-----------------+---------+-----+--------+-------+-----+
|Utilization (%)  |        0|   10|       2|     11|    0|
+-----------------+---------+-----+--------+-------+-----+

+ Detail: 
    * Instance: 
    +---------------------------------------+------------------------------------+---------+----+-----+-----+-----+
    |                Instance               |               Module               | BRAM_18K| DSP|  FF | LUT | URAM|
    +---------------------------------------+------------------------------------+---------+----+-----+-----+-----+
    |control_s_axi_U                        |control_s_axi                       |        0|   0|  188|  296|    0|
    |dmul_64ns_64ns_64_7_max_dsp_1_U10      |dmul_64ns_64ns_64_7_max_dsp_1       |        0|  11|  342|  586|    0|
    |faddfsub_32ns_32ns_32_5_full_dsp_1_U1  |faddfsub_32ns_32ns_32_5_full_dsp_1  |        0|   2|  205|  390|    0|
    |faddfsub_32ns_32ns_32_5_full_dsp_1_U2  |faddfsub_32ns_32ns_32_5_full_dsp_1  |        0|   2|  205|  390|    0|
    |fcmp_32ns_32ns_1_2_no_dsp_1_U8         |fcmp_32ns_32ns_1_2_no_dsp_1         |        0|   0|    0|    0|    0|
    |fcmp_32ns_32ns_1_2_no_dsp_1_U9         |fcmp_32ns_32ns_1_2_no_dsp_1         |        0|   0|    0|    0|    0|
    |fmul_32ns_32ns_32_4_max_dsp_1_U3       |fmul_32ns_32ns_32_4_max_dsp_1       |        0|   3|  143|  321|    0|
    |fmul_32ns_32ns_32_4_max_dsp_1_U4       |fmul_32ns_32ns_32_4_max_dsp_1       |        0|   3|  143|  321|    0|
    |fmul_32ns_32ns_32_4_max_dsp_1_U5       |fmul_32ns_32ns_32_4_max_dsp_1       |        0|   3|  143|  321|    0|
    |fpext_32ns_64_2_no_dsp_1_U7            |fpext_32ns_64_2_no_dsp_1            |        0|   0|    0|    0|    0|
    |fptrunc_64ns_32_2_no_dsp_1_U6          |fptrunc_64ns_32_2_no_dsp_1          |        0|   0|    0|    0|    0|
    +---------------------------------------+------------------------------------+---------+----+-----+-----+-----+
    |Total                                  |                                    |        0|  24| 1369| 2625|    0|
    +---------------------------------------+------------------------------------+---------+----+-----+-----+-----+

    * DSP: 
    N/A

    * Memory: 
    +----------+--------------------+---------+----+----+-----+------+-----+------+-------------+
    |  Memory  |       Module       | BRAM_18K| FF | LUT| URAM| Words| Bits| Banks| W*Bits*Banks|
    +----------+--------------------+---------+----+----+-----+------+-----+------+-------------+
    |angles_U  |angles_ROM_AUTO_1R  |        0|  32|   8|    0|    16|   32|     1|          512|
    +----------+--------------------+---------+----+----+-----+------+-----+------+-------------+
    |Total     |                    |        0|  32|   8|    0|    16|   32|     1|          512|
    +----------+--------------------+---------+----+----+-----+------+-----+------+-------------+

    * FIFO: 
    N/A

    * Expression: 
    +----------------------------+----------+----+---+-----+------------+------------+
    |        Variable Name       | Operation| DSP| FF| LUT | Bitwidth P0| Bitwidth P1|
    +----------------------------+----------+----+---+-----+------------+------------+
    |add_ln1150_1_fu_1116_p2     |         +|   0|  0|   26|          19|           6|
    |add_ln1150_fu_1078_p2       |         +|   0|  0|   26|          19|           6|
    |add_ln1159_1_fu_1200_p2     |         +|   0|  0|   39|          32|           6|
    |add_ln1159_fu_1170_p2       |         +|   0|  0|   39|          32|           6|
    |add_ln1170_1_fu_1366_p2     |         +|   0|  0|    8|           8|           8|
    |add_ln1170_fu_1317_p2       |         +|   0|  0|    8|           8|           8|
    |add_ln40_fu_455_p2          |         +|   0|  0|   13|           5|           1|
    |add_ln616_fu_638_p2         |         +|   0|  0|   12|          12|           6|
    |lsb_index_1_fu_992_p2       |         +|   0|  0|   39|          32|           6|
    |lsb_index_fu_971_p2         |         +|   0|  0|   39|          32|           6|
    |m_4_fu_1240_p2              |         +|   0|  0|   71|          64|          64|
    |m_6_fu_1274_p2              |         +|   0|  0|   71|          64|          64|
    |theta_accum_V_1_fu_793_p2   |         +|   0|  0|   26|          19|          19|
    |F2_fu_626_p2                |         -|   0|  0|   12|          11|          12|
    |man_V_1_fu_613_p2           |         -|   0|  0|   61|           1|          54|
    |sub_ln1145_1_fu_917_p2      |         -|   0|  0|   39|           5|          32|
    |sub_ln1145_fu_855_p2        |         -|   0|  0|   39|           5|          32|
    |sub_ln1148_1_fu_1032_p2     |         -|   0|  0|   13|           4|           5|
    |sub_ln1148_fu_931_p2        |         -|   0|  0|   13|           4|           5|
    |sub_ln1160_1_fu_1215_p2     |         -|   0|  0|   39|           5|          32|
    |sub_ln1160_fu_1185_p2       |         -|   0|  0|   39|           5|          32|
    |sub_ln1165_1_fu_1361_p2     |         -|   0|  0|    8|           2|           8|
    |sub_ln1165_fu_1312_p2       |         -|   0|  0|    8|           2|           8|
    |sub_ln616_fu_644_p2         |         -|   0|  0|   12|           5|          12|
    |theta_accum_V_fu_788_p2     |         -|   0|  0|   26|          19|          19|
    |tmp_V_fu_873_p2             |         -|   0|  0|   26|           1|          19|
    |a_1_fu_1058_p2              |       and|   0|  0|    2|           1|           1|
    |a_fu_1013_p2                |       and|   0|  0|    2|           1|           1|
    |and_ln1136_1_fu_1520_p2     |       and|   0|  0|    2|           1|           1|
    |and_ln1136_2_fu_1573_p2     |       and|   0|  0|    2|           1|           1|
    |and_ln1136_fu_1418_p2       |       and|   0|  0|    2|           1|           1|
    |and_ln1150_1_fu_1128_p2     |       and|   0|  0|    2|           1|           1|
    |and_ln1150_fu_1090_p2       |       and|   0|  0|    2|           1|           1|
    |and_ln1695_1_fu_1560_p2     |       and|   0|  0|    2|           1|           1|
    |and_ln1695_fu_1507_p2       |       and|   0|  0|    2|           1|           1|
    |and_ln26_fu_352_p2          |       and|   0|  0|    2|           1|           1|
    |and_ln32_fu_409_p2          |       and|   0|  0|    2|           1|           1|
    |and_ln43_fu_504_p2          |       and|   0|  0|    2|           1|           1|
    |and_ln616_fu_679_p2         |       and|   0|  0|    2|           1|           1|
    |and_ln617_fu_720_p2         |       and|   0|  0|    2|           1|           1|
    |and_ln70_fu_1298_p2         |       and|   0|  0|    2|           1|           1|
    |and_ln79_fu_1503_p2         |       and|   0|  0|    2|           1|           1|
    |and_ln88_1_fu_1554_p2       |       and|   0|  0|    2|           1|           1|
    |and_ln88_fu_1438_p2         |       and|   0|  0|    2|           1|           1|
    |p_Result_5_fu_947_p2        |       and|   0|  0|   19|          19|          19|
    |p_Result_6_fu_1047_p2       |       and|   0|  0|   19|          19|          19|
    |ashr_ln621_fu_735_p2        |      ashr|   0|  0|  161|          54|          54|
    |icmp_ln1136_fu_1159_p2      |      icmp|   0|  0|   13|          19|           1|
    |icmp_ln1147_1_fu_1007_p2    |      icmp|   0|  0|   17|          31|           1|
    |icmp_ln1147_fu_986_p2       |      icmp|   0|  0|   17|          31|           1|
    |icmp_ln1148_1_fu_1052_p2    |      icmp|   0|  0|   13|          19|           1|
    |icmp_ln1148_fu_953_p2       |      icmp|   0|  0|   13|          19|           1|
    |icmp_ln1159_1_fu_1148_p2    |      icmp|   0|  0|   18|          32|           1|
    |icmp_ln1159_fu_1110_p2      |      icmp|   0|  0|   18|          32|           1|
    |icmp_ln1695_fu_1154_p2      |      icmp|   0|  0|   13|          19|           1|
    |icmp_ln26_1_fu_340_p2       |      icmp|   0|  0|   15|          23|           1|
    |icmp_ln26_fu_334_p2         |      icmp|   0|  0|   11|           8|           2|
    |icmp_ln32_1_fu_397_p2       |      icmp|   0|  0|   15|          23|           1|
    |icmp_ln32_fu_391_p2         |      icmp|   0|  0|   11|           8|           2|
    |icmp_ln40_fu_449_p2         |      icmp|   0|  0|   10|           5|           6|
    |icmp_ln43_1_fu_489_p2       |      icmp|   0|  0|   15|          23|           1|
    |icmp_ln43_fu_483_p2         |      icmp|   0|  0|   11|           8|           2|
    |icmp_ln606_fu_535_p2        |      icmp|   0|  0|   28|          63|           1|
    |icmp_ln616_fu_632_p2        |      icmp|   0|  0|   12|          12|           5|
    |icmp_ln617_fu_658_p2        |      icmp|   0|  0|   12|          12|           5|
    |icmp_ln620_fu_688_p2        |      icmp|   0|  0|   12|          12|           6|
    |icmp_ln638_fu_693_p2        |      icmp|   0|  0|   12|          12|           5|
    |lshr_ln1148_1_fu_1041_p2    |      lshr|   0|  0|   47|           2|          19|
    |lshr_ln1148_fu_941_p2       |      lshr|   0|  0|   47|           2|          19|
    |lshr_ln1159_1_fu_1209_p2    |      lshr|   0|  0|  182|          64|          64|
    |lshr_ln1159_fu_1179_p2      |      lshr|   0|  0|  182|          64|          64|
    |or_ln1150_2_fu_1096_p2      |        or|   0|  0|    2|           1|           1|
    |or_ln1150_fu_1134_p2        |        or|   0|  0|    2|           1|           1|
    |or_ln26_fu_346_p2           |        or|   0|  0|    2|           1|           1|
    |or_ln32_fu_403_p2           |        or|   0|  0|    2|           1|           1|
    |or_ln43_fu_500_p2           |        or|   0|  0|    2|           1|           1|
    |or_ln617_fu_668_p2          |        or|   0|  0|    2|           1|           1|
    |or_ln79_fu_1540_p2          |        or|   0|  0|    2|           1|           1|
    |or_ln88_fu_1550_p2          |        or|   0|  0|    2|           1|           1|
    |grp_fu_239_p1               |    select|   0|  0|   32|           1|          32|
    |grp_fu_243_p1               |    select|   0|  0|   32|           1|          32|
    |m_3_fu_1230_p3              |    select|   0|  0|   64|           1|          64|
    |m_5_fu_1264_p3              |    select|   0|  0|   64|           1|          64|
    |man_V_2_fu_619_p3           |    select|   0|  0|   54|           1|          54|
    |select_ln103_fu_1489_p3     |    select|   0|  0|   33|           1|          32|
    |select_ln1136_1_fu_1443_p3  |    select|   0|  0|   32|           1|          32|
    |select_ln1136_2_fu_1406_p3  |    select|   0|  0|   32|           1|          32|
    |select_ln1136_3_fu_1473_p3  |    select|   0|  0|   32|           1|          32|
    |select_ln1136_4_fu_1525_p3  |    select|   0|  0|   32|           1|          32|
    |select_ln1136_fu_1399_p3    |    select|   0|  0|   32|           1|          32|
    |select_ln1144_1_fu_1354_p3  |    select|   0|  0|    7|           1|           7|
    |select_ln1144_fu_1305_p3    |    select|   0|  0|    7|           1|           7|
    |select_ln1695_1_fu_1512_p3  |    select|   0|  0|   32|           1|          32|
    |select_ln1695_2_fu_1565_p3  |    select|   0|  0|   32|           1|          32|
    |select_ln1695_fu_1466_p3    |    select|   0|  0|   32|           1|          32|
    |select_ln606_fu_776_p3      |    select|   0|  0|   19|           1|           1|
    |select_ln616_fu_770_p3      |    select|   0|  0|   19|           1|          19|
    |select_ln617_fu_725_p3      |    select|   0|  0|   19|           1|          19|
    |select_ln620_fu_763_p3      |    select|   0|  0|   19|           1|          19|
    |select_ln623_fu_755_p3      |    select|   0|  0|    2|           1|           2|
    |select_ln638_fu_707_p3      |    select|   0|  0|   19|           1|          19|
    |select_ln70_fu_1496_p3      |    select|   0|  0|   32|           1|          32|
    |select_ln82_fu_1459_p3      |    select|   0|  0|   33|           1|          32|
    |select_ln88_fu_1532_p3      |    select|   0|  0|   32|           1|          32|
    |sh_amt_fu_650_p3            |    select|   0|  0|   12|           1|          12|
    |theta                       |    select|   0|  0|   32|           1|          32|
    |theta_accum_V_2_fu_798_p3   |    select|   0|  0|   19|           1|          19|
    |tmp_V_2_fu_879_p3           |    select|   0|  0|   19|           1|          19|
    |x0_3_fu_367_p3              |    select|   0|  0|   32|           1|          32|
    |y0_3_fu_424_p3              |    select|   0|  0|   32|           1|          32|
    |shl_ln1160_1_fu_1224_p2     |       shl|   0|  0|  182|          64|          64|
    |shl_ln1160_fu_1194_p2       |       shl|   0|  0|  182|          64|          64|
    |shl_ln639_fu_702_p2         |       shl|   0|  0|   47|          19|          19|
    |xor_ln103_fu_1484_p2        |       xor|   0|  0|   33|          33|          32|
    |xor_ln1150_1_fu_1072_p2     |       xor|   0|  0|    2|           1|           2|
    |xor_ln1150_fu_1026_p2       |       xor|   0|  0|    2|           1|           2|
    |xor_ln1695_fu_1413_p2       |       xor|   0|  0|    2|           1|           2|
    |xor_ln28_fu_357_p2          |       xor|   0|  0|   33|          32|          33|
    |xor_ln34_fu_414_p2          |       xor|   0|  0|   33|          32|          33|
    |xor_ln55_fu_559_p2          |       xor|   0|  0|   33|          32|          33|
    |xor_ln56_fu_573_p2          |       xor|   0|  0|   33|          32|          33|
    |xor_ln606_fu_715_p2         |       xor|   0|  0|    2|           1|           2|
    |xor_ln617_fu_673_p2         |       xor|   0|  0|    2|           1|           2|
    |xor_ln79_1_fu_1545_p2       |       xor|   0|  0|    2|           1|           1|
    |xor_ln79_fu_1423_p2         |       xor|   0|  0|    2|           2|           1|
    |xor_ln82_fu_1454_p2         |       xor|   0|  0|   33|          33|          32|
    |xor_ln88_fu_1433_p2         |       xor|   0|  0|    2|           2|           1|
    +----------------------------+----------+----+---+-----+------------+------------+
    |Total                       |          |   0|  0| 3261|        1458|        2030|
    +----------------------------+----------+----+---+-----+------------+------------+

    * Multiplexer: 
    +-------------------+-----+-----------+-----+-----------+
    |        Name       | LUT | Input Size| Bits| Total Bits|
    +-------------------+-----+-----------+-----+-----------+
    |ap_NS_fsm          |  117|         26|    1|         26|
    |factor_fu_180      |    9|          2|   32|         64|
    |grp_fu_227_opcode  |   14|          3|    2|          6|
    |grp_fu_227_p0      |   20|          4|   32|        128|
    |grp_fu_227_p1      |   20|          4|   32|        128|
    |grp_fu_231_opcode  |   14|          3|    2|          6|
    |grp_fu_231_p0      |   20|          4|   32|        128|
    |grp_fu_231_p1      |   20|          4|   32|        128|
    |grp_fu_255_p0      |   14|          3|   32|         96|
    |grp_fu_259_p0      |   14|          3|   32|         96|
    |j_fu_184           |    9|          2|    5|         10|
    |m_1_fu_164         |    9|          2|   19|         38|
    |x0_2_fu_176        |    9|          2|   32|         64|
    |y0_2_fu_172        |    9|          2|   32|         64|
    |y1_fu_168          |    9|          2|   32|         64|
    +-------------------+-----+-----------+-----+-----------+
    |Total              |  307|         66|  349|       1046|
    +-------------------+-----+-----------+-----+-----------+

    * Register: 
    +--------------------------+----+----+-----+-----------+
    |           Name           | FF | LUT| Bits| Const Bits|
    +--------------------------+----+----+-----+-----------+
    |LD_1_reg_1943             |  32|   0|   32|          0|
    |LD_reg_1932               |  32|   0|   32|          0|
    |and_ln1136_reg_1969       |   1|   0|    1|          0|
    |and_ln26_reg_1652         |   1|   0|    1|          0|
    |and_ln32_reg_1660         |   1|   0|    1|          0|
    |and_ln43_reg_1689         |   1|   0|    1|          0|
    |and_ln616_reg_1763        |   1|   0|    1|          0|
    |and_ln70_reg_1926         |   1|   0|    1|          0|
    |angles_load_reg_1696      |  32|   0|   32|          0|
    |ap_CS_fsm                 |  25|   0|   25|          0|
    |bitcast_ln810_1_reg_1949  |  32|   0|   32|          0|
    |bitcast_ln810_reg_1938    |  32|   0|   32|          0|
    |conv_reg_1807             |  64|   0|   64|          0|
    |exp_tmp_reg_1720          |  11|   0|   11|          0|
    |factor_fu_180             |  32|   0|   32|          0|
    |icmp_ln1136_reg_1897      |   1|   0|    1|          0|
    |icmp_ln1148_reg_1848      |   1|   0|    1|          0|
    |icmp_ln1159_1_reg_1883    |   1|   0|    1|          0|
    |icmp_ln1159_reg_1873      |   1|   0|    1|          0|
    |icmp_ln1695_reg_1888      |   1|   0|    1|          0|
    |icmp_ln43_1_reg_1679      |   1|   0|    1|          0|
    |icmp_ln43_reg_1674        |   1|   0|    1|          0|
    |icmp_ln606_reg_1713       |   1|   0|    1|          0|
    |icmp_ln617_reg_1752       |   1|   0|    1|          0|
    |icmp_ln620_reg_1773       |   1|   0|    1|          0|
    |j_fu_184                  |   5|   0|    5|          0|
    |m_1_fu_164                |  19|   0|   19|          0|
    |m_1_load_reg_1799         |  19|   0|   19|          0|
    |m_9_reg_1906              |  63|   0|   63|          0|
    |m_reg_1916                |  63|   0|   63|          0|
    |man_V_2_reg_1740          |  54|   0|   54|          0|
    |mul1_reg_1975             |  64|   0|   64|          0|
    |mul8_pn_reg_1794          |  32|   0|   32|          0|
    |mul_pn_reg_1789           |  32|   0|   32|          0|
    |or_ln1150_1_reg_1878      |   1|   0|    2|          1|
    |or_ln_reg_1868            |   1|   0|    2|          1|
    |p_Result_11_reg_1921      |   1|   0|    1|          0|
    |p_Result_15_reg_1708      |   1|   0|    1|          0|
    |p_Result_18_reg_1824      |   1|   0|    1|          0|
    |p_Result_9_reg_1911       |   1|   0|    1|          0|
    |reg_283                   |  32|   0|   32|          0|
    |reg_289                   |  32|   0|   32|          0|
    |reg_293                   |  32|   0|   32|          0|
    |select_ln1136_2_reg_1959  |  32|   0|   32|          0|
    |select_ln1136_reg_1954    |  32|   0|   32|          0|
    |select_ln606_reg_1783     |  19|   0|   19|          0|
    |select_ln617_reg_1778     |  19|   0|   19|          0|
    |sext_ln616_reg_1768       |  32|   0|   32|          0|
    |sh_amt_reg_1745           |  12|   0|   12|          0|
    |sub_ln1145_1_reg_1836     |  32|   0|   32|          0|
    |sub_ln1145_reg_1812       |  32|   0|   32|          0|
    |tmp_2_reg_1642            |   1|   0|    1|          0|
    |tmp_4_reg_1647            |   1|   0|    1|          0|
    |tmp_V_2_reg_1829          |  19|   0|   19|          0|
    |trunc_ln1144_1_reg_1863   |   8|   0|    8|          0|
    |trunc_ln1144_reg_1858     |   8|   0|    8|          0|
    |trunc_ln1145_1_reg_1843   |  19|   0|   19|          0|
    |trunc_ln1145_reg_1819     |  19|   0|   19|          0|
    |trunc_ln1148_1_reg_1853   |   5|   0|    5|          0|
    |trunc_ln600_reg_1725      |  52|   0|   52|          0|
    |trunc_ln618_reg_1757      |  19|   0|   19|          0|
    |x0_2_fu_176               |  32|   0|   32|          0|
    |x_read_reg_1635           |  32|   0|   32|          0|
    |xor_ln1695_reg_1964       |   1|   0|    1|          0|
    |xor_ln79_reg_1980         |   1|   0|    1|          0|
    |y0_2_fu_172               |  32|   0|   32|          0|
    |y1_fu_168                 |  32|   0|   32|          0|
    |y_read_reg_1628           |  32|   0|   32|          0|
    +--------------------------+----+----+-----+-----------+
    |Total                     |1284|   0| 1286|          2|
    +--------------------------+----+----+-----+-----------+



================================================================
== Interface
================================================================
* Summary: 
+-----------------------+-----+-----+------------+----------------+--------------+
|       RTL Ports       | Dir | Bits|  Protocol  |  Source Object |    C Type    |
+-----------------------+-----+-----+------------+----------------+--------------+
|s_axi_control_AWVALID  |   in|    1|       s_axi|         control|       pointer|
|s_axi_control_AWREADY  |  out|    1|       s_axi|         control|       pointer|
|s_axi_control_AWADDR   |   in|    6|       s_axi|         control|       pointer|
|s_axi_control_WVALID   |   in|    1|       s_axi|         control|       pointer|
|s_axi_control_WREADY   |  out|    1|       s_axi|         control|       pointer|
|s_axi_control_WDATA    |   in|   32|       s_axi|         control|       pointer|
|s_axi_control_WSTRB    |   in|    4|       s_axi|         control|       pointer|
|s_axi_control_ARVALID  |   in|    1|       s_axi|         control|       pointer|
|s_axi_control_ARREADY  |  out|    1|       s_axi|         control|       pointer|
|s_axi_control_ARADDR   |   in|    6|       s_axi|         control|       pointer|
|s_axi_control_RVALID   |  out|    1|       s_axi|         control|       pointer|
|s_axi_control_RREADY   |   in|    1|       s_axi|         control|       pointer|
|s_axi_control_RDATA    |  out|   32|       s_axi|         control|       pointer|
|s_axi_control_RRESP    |  out|    2|       s_axi|         control|       pointer|
|s_axi_control_BVALID   |  out|    1|       s_axi|         control|       pointer|
|s_axi_control_BREADY   |   in|    1|       s_axi|         control|       pointer|
|s_axi_control_BRESP    |  out|    2|       s_axi|         control|       pointer|
|ap_clk                 |   in|    1|  ap_ctrl_hs|  cordiccart2pol|  return value|
|ap_rst_n               |   in|    1|  ap_ctrl_hs|  cordiccart2pol|  return value|
|interrupt              |  out|    1|  ap_ctrl_hs|  cordiccart2pol|  return value|
+-----------------------+-----+-----+------------+----------------+--------------+

