

================================================================
== Vitis HLS Report for 'cordiccart2pol'
================================================================
* Date:           Mon Nov  7 16:38:44 2022

* Version:        2022.1.2 (Build 3605665 on Fri Aug  5 22:53:37 MDT 2022)
* Project:        cordiccart2pol
* Solution:       solution1 (Vivado IP Flow Target)
* Product family: zynq
* Target device:  xc7z020-clg400-1


================================================================
== Performance Estimates
================================================================
+ Timing: 
    * Summary: 
    +--------+----------+----------+------------+
    |  Clock |  Target  | Estimated| Uncertainty|
    +--------+----------+----------+------------+
    |ap_clk  |  10.00 ns|  7.222 ns|     2.70 ns|
    +--------+----------+----------+------------+

+ Latency: 
    * Summary: 
    +---------+---------+----------+----------+-----+-----+---------+
    |  Latency (cycles) |  Latency (absolute) |  Interval | Pipeline|
    |   min   |   max   |    min   |    max   | min | max |   Type  |
    +---------+---------+----------+----------+-----+-----+---------+
    |      123|      129|  1.230 us|  1.290 us|  124|  130|       no|
    +---------+---------+----------+----------+-----+-----+---------+

    + Detail: 
        * Instance: 
        N/A

        * Loop: 
        +-------------------+---------+---------+----------+-----------+-----------+------+----------+
        |                   |  Latency (cycles) | Iteration|  Initiation Interval  | Trip |          |
        |     Loop Name     |   min   |   max   |  Latency |  achieved |   target  | Count| Pipelined|
        +-------------------+---------+---------+----------+-----------+-----------+------+----------+
        |- VITIS_LOOP_41_1  |      112|      112|         7|          -|          -|    16|        no|
        +-------------------+---------+---------+----------+-----------+-----------+------+----------+



================================================================
== Utilization Estimates
================================================================
* Summary: 
+-----------------+---------+-----+--------+-------+-----+
|       Name      | BRAM_18K| DSP |   FF   |  LUT  | URAM|
+-----------------+---------+-----+--------+-------+-----+
|DSP              |        -|    2|       -|      -|    -|
|Expression       |        -|    -|       0|  10669|    -|
|FIFO             |        -|    -|       -|      -|    -|
|Instance         |        0|    -|     188|    296|    -|
|Memory           |        0|    -|      32|      8|    -|
|Multiplexer      |        -|    -|       -|    746|    -|
|Register         |        -|    -|    4714|      -|    -|
+-----------------+---------+-----+--------+-------+-----+
|Total            |        0|    2|    4934|  11719|    0|
+-----------------+---------+-----+--------+-------+-----+
|Available        |      280|  220|  106400|  53200|    0|
+-----------------+---------+-----+--------+-------+-----+
|Utilization (%)  |        0|   ~0|       4|     22|    0|
+-----------------+---------+-----+--------+-------+-----+

+ Detail: 
    * Instance: 
    +--------------------------------+-----------------------------+---------+----+-----+-----+-----+
    |            Instance            |            Module           | BRAM_18K| DSP|  FF | LUT | URAM|
    +--------------------------------+-----------------------------+---------+----+-----+-----+-----+
    |control_s_axi_U                 |control_s_axi                |        0|   0|  188|  296|    0|
    |fcmp_32ns_32ns_1_2_no_dsp_1_U3  |fcmp_32ns_32ns_1_2_no_dsp_1  |        0|   0|    0|    0|    0|
    |fcmp_32ns_32ns_1_2_no_dsp_1_U4  |fcmp_32ns_32ns_1_2_no_dsp_1  |        0|   0|    0|    0|    0|
    |fpext_32ns_64_2_no_dsp_1_U1     |fpext_32ns_64_2_no_dsp_1     |        0|   0|    0|    0|    0|
    |fpext_32ns_64_2_no_dsp_1_U2     |fpext_32ns_64_2_no_dsp_1     |        0|   0|    0|    0|    0|
    +--------------------------------+-----------------------------+---------+----+-----+-----+-----+
    |Total                           |                             |        0|   0|  188|  296|    0|
    +--------------------------------+-----------------------------+---------+----+-----+-----+-----+

    * DSP: 
    +---------------------------+------------------------+-----------+
    |          Instance         |         Module         | Expression|
    +---------------------------+------------------------+-----------+
    |mul_mul_18s_19s_35_4_1_U5  |mul_mul_18s_19s_35_4_1  |    i0 * i1|
    |mul_mul_18s_19s_35_4_1_U6  |mul_mul_18s_19s_35_4_1  |    i0 * i1|
    +---------------------------+------------------------+-----------+

    * Memory: 
    +----------+--------------------+---------+----+----+-----+------+-----+------+-------------+
    |  Memory  |       Module       | BRAM_18K| FF | LUT| URAM| Words| Bits| Banks| W*Bits*Banks|
    +----------+--------------------+---------+----+----+-----+------+-----+------+-------------+
    |angles_U  |angles_ROM_AUTO_1R  |        0|  32|   8|    0|    16|   32|     1|          512|
    +----------+--------------------+---------+----+----+-----+------+-----+------+-------------+
    |Total     |                    |        0|  32|   8|    0|    16|   32|     1|          512|
    +----------+--------------------+---------+----+----+-----+------+-----+------+-------------+

    * FIFO: 
    N/A

    * Expression: 
    +----------------------------+----------+----+---+-----+------------+------------+
    |        Variable Name       | Operation| DSP| FF| LUT | Bitwidth P0| Bitwidth P1|
    +----------------------------+----------+----+---+-----+------------+------------+
    |add_ln1150_1_fu_4397_p2     |         +|   0|  0|   28|          21|           6|
    |add_ln1150_2_fu_4236_p2     |         +|   0|  0|   28|          21|           6|
    |add_ln1150_3_fu_4030_p2     |         +|   0|  0|   27|          20|           6|
    |add_ln1150_4_fu_3867_p2     |         +|   0|  0|   26|          19|           6|
    |add_ln1150_5_fu_3337_p2     |         +|   0|  0|   26|          19|           6|
    |add_ln1150_6_fu_3705_p2     |         +|   0|  0|   27|          20|           6|
    |add_ln1150_7_fu_3500_p2     |         +|   0|  0|   27|          20|           6|
    |add_ln1150_8_fu_2875_p2     |         +|   0|  0|   27|          20|           6|
    |add_ln1150_fu_2262_p2       |         +|   0|  0|   29|          22|           6|
    |add_ln1159_1_fu_4447_p2     |         +|   0|  0|   39|          32|           6|
    |add_ln1159_2_fu_4286_p2     |         +|   0|  0|   39|          32|           6|
    |add_ln1159_3_fu_4081_p2     |         +|   0|  0|   39|          32|           6|
    |add_ln1159_4_fu_3919_p2     |         +|   0|  0|   39|          32|           6|
    |add_ln1159_5_fu_3755_p2     |         +|   0|  0|   39|          32|           6|
    |add_ln1159_6_fu_3550_p2     |         +|   0|  0|   39|          32|           6|
    |add_ln1159_7_fu_3389_p2     |         +|   0|  0|   39|          32|           6|
    |add_ln1159_8_fu_2926_p2     |         +|   0|  0|   39|          32|           6|
    |add_ln1159_fu_2312_p2       |         +|   0|  0|   39|          32|           6|
    |add_ln1170_1_fu_3250_p2     |         +|   0|  0|    8|           8|           8|
    |add_ln1170_2_fu_3213_p2     |         +|   0|  0|    8|           8|           8|
    |add_ln1170_3_fu_3175_p2     |         +|   0|  0|    8|           8|           8|
    |add_ln1170_4_fu_3137_p2     |         +|   0|  0|    8|           8|           8|
    |add_ln1170_5_fu_3025_p2     |         +|   0|  0|    8|           8|           8|
    |add_ln1170_6_fu_3100_p2     |         +|   0|  0|    8|           8|           8|
    |add_ln1170_7_fu_3063_p2     |         +|   0|  0|    8|           8|           8|
    |add_ln1170_8_fu_2987_p2     |         +|   0|  0|    8|           8|           8|
    |add_ln1170_fu_2373_p2       |         +|   0|  0|    8|           8|           8|
    |add_ln1393_1_fu_1746_p2     |         +|   0|  0|   25|          18|          13|
    |add_ln41_fu_1715_p2         |         +|   0|  0|   13|           5|           1|
    |add_ln616_1_fu_875_p2       |         +|   0|  0|   12|          12|           6|
    |add_ln616_2_fu_1340_p2      |         +|   0|  0|   12|          12|           6|
    |add_ln616_3_fu_1409_p2      |         +|   0|  0|   12|          12|           6|
    |add_ln616_4_fu_1936_p2      |         +|   0|  0|   12|          12|           6|
    |add_ln616_fu_806_p2         |         +|   0|  0|   12|          12|           6|
    |lsb_index_1_fu_4339_p2      |         +|   0|  0|   39|          32|           6|
    |lsb_index_2_fu_4177_p2      |         +|   0|  0|   39|          32|           6|
    |lsb_index_3_fu_3972_p2      |         +|   0|  0|   39|          32|           6|
    |lsb_index_4_fu_3808_p2      |         +|   0|  0|   39|          32|           6|
    |lsb_index_5_fu_3279_p2      |         +|   0|  0|   39|          32|           6|
    |lsb_index_6_fu_3646_p2      |         +|   0|  0|   39|          32|           6|
    |lsb_index_7_fu_3442_p2      |         +|   0|  0|   39|          32|           6|
    |lsb_index_8_fu_2817_p2      |         +|   0|  0|   39|          32|           6|
    |lsb_index_fu_2204_p2        |         +|   0|  0|   39|          32|           6|
    |m_12_fu_4465_p2             |         +|   0|  0|   71|          64|          64|
    |m_20_fu_4304_p2             |         +|   0|  0|   71|          64|          64|
    |m_22_fu_4099_p2             |         +|   0|  0|   71|          64|          64|
    |m_28_fu_3937_p2             |         +|   0|  0|   71|          64|          64|
    |m_31_fu_3407_p2             |         +|   0|  0|   71|          64|          64|
    |m_35_fu_3773_p2             |         +|   0|  0|   71|          64|          64|
    |m_39_fu_3568_p2             |         +|   0|  0|   71|          64|          64|
    |m_43_fu_2944_p2             |         +|   0|  0|   71|          64|          64|
    |m_4_fu_2330_p2              |         +|   0|  0|   71|          64|          64|
    |ret_V_3_fu_2745_p2          |         +|   0|  0|   26|          19|          19|
    |ret_V_6_fu_2525_p2          |         +|   0|  0|   26|          19|          18|
    |ret_V_fu_1740_p2            |         +|   0|  0|   26|          19|          13|
    |theta_accum_V_1_fu_2107_p2  |         +|   0|  0|   26|          19|          19|
    |y1_V_2_fu_2174_p2           |         +|   0|  0|   26|          19|          19|
    |F2_1_fu_863_p2              |         -|   0|  0|   12|          11|          12|
    |F2_2_fu_1328_p2             |         -|   0|  0|   12|          11|          12|
    |F2_3_fu_1397_p2             |         -|   0|  0|   12|          11|          12|
    |F2_4_fu_1924_p2             |         -|   0|  0|   12|          11|          12|
    |F2_fu_794_p2                |         -|   0|  0|   12|          11|          12|
    |grp_fu_647_p2               |         -|   0|  0|   26|           1|          19|
    |grp_fu_659_p2               |         -|   0|  0|   26|          19|          19|
    |grp_fu_665_p2               |         -|   0|  0|   26|          18|          19|
    |man_V_10_fu_1384_p2         |         -|   0|  0|   61|           1|          54|
    |man_V_13_fu_1911_p2         |         -|   0|  0|   61|           1|          54|
    |man_V_1_fu_781_p2           |         -|   0|  0|   61|           1|          54|
    |man_V_4_fu_850_p2           |         -|   0|  0|   61|           1|          54|
    |man_V_7_fu_1315_p2          |         -|   0|  0|   61|           1|          54|
    |r_V_3_fu_2092_p2            |         -|   0|  0|   42|           1|          35|
    |r_V_4_fu_2097_p2            |         -|   0|  0|   42|           1|          35|
    |sub_ln1145_1_fu_2807_p2     |         -|   0|  0|   39|           5|          32|
    |sub_ln1145_2_fu_4167_p2     |         -|   0|  0|   39|           5|          32|
    |sub_ln1145_3_fu_2703_p2     |         -|   0|  0|   39|           5|          32|
    |sub_ln1145_4_fu_2659_p2     |         -|   0|  0|   39|           5|          32|
    |sub_ln1145_5_fu_3636_p2     |         -|   0|  0|   39|           5|          32|
    |sub_ln1145_6_fu_2587_p2     |         -|   0|  0|   39|           5|          32|
    |sub_ln1145_7_fu_2515_p2     |         -|   0|  0|   39|           5|          32|
    |sub_ln1145_8_fu_2475_p2     |         -|   0|  0|   39|           5|          32|
    |sub_ln1145_fu_1814_p2       |         -|   0|  0|   39|           5|          32|
    |sub_ln1148_1_fu_4363_p2     |         -|   0|  0|   13|           4|           5|
    |sub_ln1148_2_fu_4201_p2     |         -|   0|  0|   13|           4|           5|
    |sub_ln1148_3_fu_3996_p2     |         -|   0|  0|   13|           4|           5|
    |sub_ln1148_4_fu_3832_p2     |         -|   0|  0|   13|           4|           5|
    |sub_ln1148_5_fu_3303_p2     |         -|   0|  0|   13|           4|           5|
    |sub_ln1148_6_fu_3670_p2     |         -|   0|  0|   13|           4|           5|
    |sub_ln1148_7_fu_3466_p2     |         -|   0|  0|   13|           4|           5|
    |sub_ln1148_8_fu_2841_p2     |         -|   0|  0|   13|           4|           5|
    |sub_ln1148_fu_2228_p2       |         -|   0|  0|   13|           4|           5|
    |sub_ln1160_1_fu_4432_p2     |         -|   0|  0|   39|           5|          32|
    |sub_ln1160_2_fu_4271_p2     |         -|   0|  0|   39|           5|          32|
    |sub_ln1160_3_fu_4066_p2     |         -|   0|  0|   39|           5|          32|
    |sub_ln1160_4_fu_3904_p2     |         -|   0|  0|   39|           5|          32|
    |sub_ln1160_5_fu_3740_p2     |         -|   0|  0|   39|           5|          32|
    |sub_ln1160_6_fu_3535_p2     |         -|   0|  0|   39|           5|          32|
    |sub_ln1160_7_fu_3374_p2     |         -|   0|  0|   39|           5|          32|
    |sub_ln1160_8_fu_2911_p2     |         -|   0|  0|   39|           5|          32|
    |sub_ln1160_fu_2297_p2       |         -|   0|  0|   39|           5|          32|
    |sub_ln1165_1_fu_3245_p2     |         -|   0|  0|    8|           3|           8|
    |sub_ln1165_2_fu_3208_p2     |         -|   0|  0|    8|           3|           8|
    |sub_ln1165_3_fu_3170_p2     |         -|   0|  0|    8|           3|           8|
    |sub_ln1165_4_fu_3132_p2     |         -|   0|  0|    8|           2|           8|
    |sub_ln1165_5_fu_3020_p2     |         -|   0|  0|    8|           2|           8|
    |sub_ln1165_6_fu_3095_p2     |         -|   0|  0|    8|           3|           8|
    |sub_ln1165_7_fu_3058_p2     |         -|   0|  0|    8|           3|           8|
    |sub_ln1165_8_fu_2982_p2     |         -|   0|  0|    8|           3|           8|
    |sub_ln1165_fu_2368_p2       |         -|   0|  0|    8|           3|           8|
    |sub_ln616_1_fu_881_p2       |         -|   0|  0|   12|           5|          12|
    |sub_ln616_2_fu_1346_p2      |         -|   0|  0|   12|           5|          12|
    |sub_ln616_3_fu_1415_p2      |         -|   0|  0|   12|           5|          12|
    |sub_ln616_4_fu_1942_p2      |         -|   0|  0|   12|           5|          12|
    |sub_ln616_fu_812_p2         |         -|   0|  0|   12|           5|          12|
    |theta_accum_V_fu_2102_p2    |         -|   0|  0|   26|          19|          19|
    |tmp_V_12_fu_2615_p2         |         -|   0|  0|   25|           1|          18|
    |tmp_V_7_fu_2731_p2          |         -|   0|  0|   25|           1|          18|
    |tmp_V_fu_1766_p2            |         -|   0|  0|   25|          14|          18|
    |x1_V_fu_2179_p2             |         -|   0|  0|   26|          19|          19|
    |and_ln27_fu_1163_p2         |       and|   0|  0|    2|           1|           1|
    |and_ln33_fu_1212_p2         |       and|   0|  0|    2|           1|           1|
    |and_ln606_1_fu_1621_p2      |       and|   0|  0|    2|           1|           1|
    |and_ln606_2_fu_1542_p2      |       and|   0|  0|    2|           1|           1|
    |and_ln606_3_fu_1679_p2      |       and|   0|  0|    2|           1|           1|
    |and_ln606_fu_1474_p2        |       and|   0|  0|    2|           1|           1|
    |and_ln616_1_fu_1024_p2      |       and|   0|  0|    2|           1|           1|
    |and_ln616_2_fu_1496_p2      |       and|   0|  0|    2|           1|           1|
    |and_ln616_3_fu_1501_p2      |       and|   0|  0|    2|           1|           1|
    |and_ln616_4_fu_1564_p2      |       and|   0|  0|    2|           1|           1|
    |and_ln616_5_fu_1569_p2      |       and|   0|  0|    2|           1|           1|
    |and_ln616_6_fu_1977_p2      |       and|   0|  0|    2|           1|           1|
    |and_ln616_fu_962_p2         |       and|   0|  0|    2|           1|           1|
    |and_ln617_1_fu_1002_p2      |       and|   0|  0|    2|           1|           1|
    |and_ln617_2_fu_1479_p2      |       and|   0|  0|    2|           1|           1|
    |and_ln617_3_fu_1547_p2      |       and|   0|  0|    2|           1|           1|
    |and_ln617_4_fu_2018_p2      |       and|   0|  0|    2|           1|           1|
    |and_ln617_fu_940_p2         |       and|   0|  0|    2|           1|           1|
    |and_ln72_fu_2411_p2         |       and|   0|  0|    2|           1|           1|
    |and_ln81_fu_2426_p2         |       and|   0|  0|    2|           1|           1|
    |and_ln90_fu_2436_p2         |       and|   0|  0|    2|           1|           1|
    |ap_condition_951            |       and|   0|  0|    2|           1|           1|
    |ap_condition_957            |       and|   0|  0|    2|           1|           1|
    |ap_condition_963            |       and|   0|  0|    2|           1|           1|
    |ap_condition_968            |       and|   0|  0|    2|           1|           1|
    |ap_condition_977            |       and|   0|  0|    2|           1|           1|
    |ap_condition_982            |       and|   0|  0|    2|           1|           1|
    |ap_condition_987            |       and|   0|  0|    2|           1|           1|
    |ap_condition_992            |       and|   0|  0|    2|           1|           1|
    |p_Result_14_fu_2244_p2      |       and|   0|  0|   22|          22|          22|
    |p_Result_25_fu_4379_p2      |       and|   0|  0|   21|          21|          21|
    |p_Result_26_fu_4217_p2      |       and|   0|  0|   21|          21|          21|
    |p_Result_27_fu_4012_p2      |       and|   0|  0|   20|          20|          20|
    |p_Result_35_fu_3848_p2      |       and|   0|  0|   19|          19|          19|
    |p_Result_42_fu_3319_p2      |       and|   0|  0|   19|          19|          19|
    |p_Result_46_fu_3686_p2      |       and|   0|  0|   20|          20|          20|
    |p_Result_47_fu_3482_p2      |       and|   0|  0|   20|          20|          20|
    |p_Result_49_fu_2857_p2      |       and|   0|  0|   20|          20|          20|
    |ashr_ln621_1_fu_1083_p2     |      ashr|   0|  0|  161|          54|          54|
    |ashr_ln621_2_fu_1578_p2     |      ashr|   0|  0|  161|          54|          54|
    |ashr_ln621_3_fu_1636_p2     |      ashr|   0|  0|  161|          54|          54|
    |ashr_ln621_4_fu_2033_p2     |      ashr|   0|  0|  161|          54|          54|
    |ashr_ln621_fu_1032_p2       |      ashr|   0|  0|  161|          54|          54|
    |grp_fu_653_p2               |      icmp|   0|  0|   13|          19|           1|
    |icmp_ln1136_1_fu_2751_p2    |      icmp|   0|  0|   13|          19|           1|
    |icmp_ln1136_2_fu_2717_p2    |      icmp|   0|  0|   13|          19|          19|
    |icmp_ln1136_4_fu_2601_p2    |      icmp|   0|  0|   13|          19|          18|
    |icmp_ln1136_5_fu_2531_p2    |      icmp|   0|  0|   13|          19|           1|
    |icmp_ln1136_fu_1752_p2      |      icmp|   0|  0|   13|          19|           1|
    |icmp_ln1147_1_fu_4354_p2    |      icmp|   0|  0|   17|          31|           1|
    |icmp_ln1147_2_fu_4193_p2    |      icmp|   0|  0|   17|          31|           1|
    |icmp_ln1147_3_fu_3987_p2    |      icmp|   0|  0|   17|          31|           1|
    |icmp_ln1147_4_fu_3823_p2    |      icmp|   0|  0|   17|          31|           1|
    |icmp_ln1147_5_fu_3294_p2    |      icmp|   0|  0|   17|          31|           1|
    |icmp_ln1147_6_fu_3662_p2    |      icmp|   0|  0|   17|          31|           1|
    |icmp_ln1147_7_fu_3457_p2    |      icmp|   0|  0|   17|          31|           1|
    |icmp_ln1147_8_fu_2832_p2    |      icmp|   0|  0|   17|          31|           1|
    |icmp_ln1147_fu_2219_p2      |      icmp|   0|  0|   17|          31|           1|
    |icmp_ln1148_1_fu_4384_p2    |      icmp|   0|  0|   14|          21|           1|
    |icmp_ln1148_2_fu_4222_p2    |      icmp|   0|  0|   14|          21|           1|
    |icmp_ln1148_3_fu_4017_p2    |      icmp|   0|  0|   14|          20|           1|
    |icmp_ln1148_4_fu_3854_p2    |      icmp|   0|  0|   13|          19|           1|
    |icmp_ln1148_5_fu_3691_p2    |      icmp|   0|  0|   14|          20|           1|
    |icmp_ln1148_6_fu_3487_p2    |      icmp|   0|  0|   14|          20|           1|
    |icmp_ln1148_7_fu_3324_p2    |      icmp|   0|  0|   13|          19|           1|
    |icmp_ln1148_8_fu_2862_p2    |      icmp|   0|  0|   14|          20|           1|
    |icmp_ln1148_fu_2249_p2      |      icmp|   0|  0|   14|          22|           1|
    |icmp_ln1159_1_fu_4427_p2    |      icmp|   0|  0|   18|          32|           1|
    |icmp_ln1159_2_fu_4266_p2    |      icmp|   0|  0|   18|          32|           1|
    |icmp_ln1159_3_fu_4061_p2    |      icmp|   0|  0|   18|          32|           1|
    |icmp_ln1159_4_fu_3899_p2    |      icmp|   0|  0|   18|          32|           1|
    |icmp_ln1159_5_fu_3735_p2    |      icmp|   0|  0|   18|          32|           1|
    |icmp_ln1159_6_fu_3530_p2    |      icmp|   0|  0|   18|          32|           1|
    |icmp_ln1159_7_fu_3369_p2    |      icmp|   0|  0|   18|          32|           1|
    |icmp_ln1159_8_fu_2906_p2    |      icmp|   0|  0|   18|          32|           1|
    |icmp_ln1159_fu_2292_p2      |      icmp|   0|  0|   18|          32|           1|
    |icmp_ln1695_fu_2415_p2      |      icmp|   0|  0|   13|          19|           1|
    |icmp_ln27_1_fu_1151_p2      |      icmp|   0|  0|   15|          23|           1|
    |icmp_ln27_fu_1145_p2        |      icmp|   0|  0|   11|           8|           2|
    |icmp_ln33_1_fu_1200_p2      |      icmp|   0|  0|   15|          23|           1|
    |icmp_ln33_fu_1194_p2        |      icmp|   0|  0|   11|           8|           2|
    |icmp_ln41_fu_1709_p2        |      icmp|   0|  0|   10|           5|           6|
    |icmp_ln606_1_fu_761_p2      |      icmp|   0|  0|   28|          63|           1|
    |icmp_ln606_2_fu_1259_p2     |      icmp|   0|  0|   28|          63|           1|
    |icmp_ln606_3_fu_1295_p2     |      icmp|   0|  0|   28|          63|           1|
    |icmp_ln606_4_fu_1846_p2     |      icmp|   0|  0|   28|          63|           1|
    |icmp_ln606_fu_725_p2        |      icmp|   0|  0|   28|          63|           1|
    |icmp_ln616_1_fu_869_p2      |      icmp|   0|  0|   12|          12|           5|
    |icmp_ln616_2_fu_1334_p2     |      icmp|   0|  0|   12|          12|           5|
    |icmp_ln616_3_fu_1403_p2     |      icmp|   0|  0|   12|          12|           5|
    |icmp_ln616_4_fu_1930_p2     |      icmp|   0|  0|   12|          12|           5|
    |icmp_ln616_fu_800_p2        |      icmp|   0|  0|   12|          12|           5|
    |icmp_ln617_1_fu_895_p2      |      icmp|   0|  0|   12|          12|           5|
    |icmp_ln617_2_fu_1360_p2     |      icmp|   0|  0|   12|          12|           5|
    |icmp_ln617_3_fu_1429_p2     |      icmp|   0|  0|   12|          12|           5|
    |icmp_ln617_4_fu_1956_p2     |      icmp|   0|  0|   12|          12|           5|
    |icmp_ln617_fu_826_p2        |      icmp|   0|  0|   12|          12|           5|
    |icmp_ln620_1_fu_970_p2      |      icmp|   0|  0|   12|          12|           6|
    |icmp_ln620_2_fu_1442_p2     |      icmp|   0|  0|   12|          12|           6|
    |icmp_ln620_3_fu_1510_p2     |      icmp|   0|  0|   12|          12|           6|
    |icmp_ln620_4_fu_1986_p2     |      icmp|   0|  0|   12|          12|           6|
    |icmp_ln620_fu_908_p2        |      icmp|   0|  0|   12|          12|           6|
    |icmp_ln638_1_fu_975_p2      |      icmp|   0|  0|   12|          12|           5|
    |icmp_ln638_2_fu_1447_p2     |      icmp|   0|  0|   12|          12|           5|
    |icmp_ln638_3_fu_1515_p2     |      icmp|   0|  0|   12|          12|           5|
    |icmp_ln638_4_fu_1991_p2     |      icmp|   0|  0|   12|          12|           5|
    |icmp_ln638_fu_913_p2        |      icmp|   0|  0|   12|          12|           5|
    |lshr_ln1148_1_fu_4373_p2    |      lshr|   0|  0|   55|           2|          21|
    |lshr_ln1148_2_fu_4211_p2    |      lshr|   0|  0|   55|           2|          21|
    |lshr_ln1148_3_fu_4006_p2    |      lshr|   0|  0|   51|           2|          20|
    |lshr_ln1148_4_fu_3842_p2    |      lshr|   0|  0|   47|           2|          19|
    |lshr_ln1148_5_fu_3313_p2    |      lshr|   0|  0|   47|           2|          19|
    |lshr_ln1148_6_fu_3680_p2    |      lshr|   0|  0|   51|           2|          20|
    |lshr_ln1148_7_fu_3476_p2    |      lshr|   0|  0|   51|           2|          20|
    |lshr_ln1148_8_fu_2851_p2    |      lshr|   0|  0|   51|           2|          20|
    |lshr_ln1148_fu_2238_p2      |      lshr|   0|  0|   59|           2|          22|
    |lshr_ln1159_1_fu_4456_p2    |      lshr|   0|  0|  182|          64|          64|
    |lshr_ln1159_2_fu_4295_p2    |      lshr|   0|  0|  182|          64|          64|
    |lshr_ln1159_3_fu_4090_p2    |      lshr|   0|  0|  182|          64|          64|
    |lshr_ln1159_4_fu_3928_p2    |      lshr|   0|  0|  182|          64|          64|
    |lshr_ln1159_5_fu_3764_p2    |      lshr|   0|  0|  182|          64|          64|
    |lshr_ln1159_6_fu_3559_p2    |      lshr|   0|  0|  182|          64|          64|
    |lshr_ln1159_7_fu_3398_p2    |      lshr|   0|  0|  182|          64|          64|
    |lshr_ln1159_8_fu_2935_p2    |      lshr|   0|  0|  182|          64|          64|
    |lshr_ln1159_fu_2321_p2      |      lshr|   0|  0|  182|          64|          64|
    |or_ln1150_10_fu_4249_p2     |        or|   0|  0|    2|           1|           1|
    |or_ln1150_11_fu_4043_p2     |        or|   0|  0|    2|           1|           1|
    |or_ln1150_12_fu_3881_p2     |        or|   0|  0|    2|           1|           1|
    |or_ln1150_13_fu_3351_p2     |        or|   0|  0|    2|           1|           1|
    |or_ln1150_14_fu_3718_p2     |        or|   0|  0|    2|           1|           1|
    |or_ln1150_15_fu_3513_p2     |        or|   0|  0|    2|           1|           1|
    |or_ln1150_16_fu_2888_p2     |        or|   0|  0|    2|           1|           1|
    |or_ln1150_9_fu_2275_p2      |        or|   0|  0|    2|           1|           1|
    |or_ln1150_fu_4410_p2        |        or|   0|  0|    2|           1|           1|
    |or_ln27_fu_1157_p2          |        or|   0|  0|    2|           1|           1|
    |or_ln33_fu_1206_p2          |        or|   0|  0|    2|           1|           1|
    |or_ln617_1_fu_1014_p2       |        or|   0|  0|    2|           1|           1|
    |or_ln617_2_fu_1966_p2       |        or|   0|  0|    2|           1|           1|
    |or_ln617_fu_952_p2          |        or|   0|  0|    2|           1|           1|
    |man_V_11_fu_1390_p3         |    select|   0|  0|   54|           1|          54|
    |man_V_14_fu_1917_p3         |    select|   0|  0|   54|           1|          54|
    |man_V_2_fu_787_p3           |    select|   0|  0|   54|           1|          54|
    |man_V_5_fu_856_p3           |    select|   0|  0|   54|           1|          54|
    |man_V_8_fu_1321_p3          |    select|   0|  0|   54|           1|          54|
    |select_ln1144_1_fu_4489_p3  |    select|   0|  0|    7|           1|           7|
    |select_ln1144_2_fu_4328_p3  |    select|   0|  0|    7|           1|           7|
    |select_ln1144_3_fu_4123_p3  |    select|   0|  0|    7|           1|           7|
    |select_ln1144_4_fu_3961_p3  |    select|   0|  0|    7|           1|           7|
    |select_ln1144_5_fu_3431_p3  |    select|   0|  0|    7|           1|           7|
    |select_ln1144_6_fu_3797_p3  |    select|   0|  0|    7|           1|           7|
    |select_ln1144_7_fu_3592_p3  |    select|   0|  0|    7|           1|           7|
    |select_ln1144_8_fu_2968_p3  |    select|   0|  0|    7|           1|           7|
    |select_ln1144_fu_2354_p3    |    select|   0|  0|    7|           1|           7|
    |select_ln1696_1_fu_2166_p3  |    select|   0|  0|   19|           1|          19|
    |select_ln1696_fu_2139_p3    |    select|   0|  0|   19|           1|          19|
    |select_ln27_fu_1615_p3      |    select|   0|  0|   19|           1|          19|
    |select_ln33_fu_1673_p3      |    select|   0|  0|   19|           1|          19|
    |select_ln606_fu_2074_p3     |    select|   0|  0|   19|           1|           1|
    |select_ln616_2_fu_1118_p3   |    select|   0|  0|   19|           1|          19|
    |select_ln616_4_fu_1609_p3   |    select|   0|  0|   19|           1|          19|
    |select_ln616_6_fu_1667_p3   |    select|   0|  0|   19|           1|          19|
    |select_ln616_8_fu_2068_p3   |    select|   0|  0|   19|           1|          19|
    |select_ln616_fu_1067_p3     |    select|   0|  0|   19|           1|          19|
    |select_ln617_1_fu_1007_p3   |    select|   0|  0|   19|           1|          19|
    |select_ln617_2_fu_1484_p3   |    select|   0|  0|   19|           1|          19|
    |select_ln617_3_fu_1552_p3   |    select|   0|  0|   19|           1|          19|
    |select_ln617_4_fu_2023_p3   |    select|   0|  0|   19|           1|          19|
    |select_ln617_fu_945_p3      |    select|   0|  0|   19|           1|          19|
    |select_ln620_1_fu_1111_p3   |    select|   0|  0|   19|           1|          19|
    |select_ln620_2_fu_1602_p3   |    select|   0|  0|   19|           1|          19|
    |select_ln620_3_fu_1660_p3   |    select|   0|  0|   19|           1|          19|
    |select_ln620_4_fu_2061_p3   |    select|   0|  0|   19|           1|          19|
    |select_ln620_fu_1060_p3     |    select|   0|  0|   19|           1|          19|
    |select_ln623_1_fu_1103_p3   |    select|   0|  0|    2|           1|           2|
    |select_ln623_2_fu_1594_p3   |    select|   0|  0|    2|           1|           2|
    |select_ln623_3_fu_1652_p3   |    select|   0|  0|    2|           1|           2|
    |select_ln623_4_fu_2053_p3   |    select|   0|  0|    2|           1|           2|
    |select_ln623_fu_1052_p3     |    select|   0|  0|    2|           1|           2|
    |select_ln638_1_fu_989_p3    |    select|   0|  0|   19|           1|          19|
    |select_ln638_2_fu_1461_p3   |    select|   0|  0|   19|           1|          19|
    |select_ln638_3_fu_1529_p3   |    select|   0|  0|   19|           1|          19|
    |select_ln638_4_fu_2005_p3   |    select|   0|  0|   19|           1|          19|
    |select_ln638_fu_927_p3      |    select|   0|  0|   19|           1|          19|
    |sh_amt_1_fu_887_p3          |    select|   0|  0|   12|           1|          12|
    |sh_amt_2_fu_1352_p3         |    select|   0|  0|   12|           1|          12|
    |sh_amt_3_fu_1421_p3         |    select|   0|  0|   12|           1|          12|
    |sh_amt_4_fu_1948_p3         |    select|   0|  0|   12|           1|          12|
    |sh_amt_fu_818_p3            |    select|   0|  0|   12|           1|          12|
    |theta_accum_V_2_fu_2112_p3  |    select|   0|  0|   19|           1|          19|
    |tmp_V_17_fu_1772_p3         |    select|   0|  0|   18|           1|          18|
    |tmp_V_18_fu_2765_p3         |    select|   0|  0|   19|           1|          19|
    |tmp_V_19_fu_2737_p3         |    select|   0|  0|   18|           1|          18|
    |tmp_V_21_fu_2621_p3         |    select|   0|  0|   18|           1|          18|
    |tmp_V_22_fu_2545_p3         |    select|   0|  0|   19|           1|          19|
    |x0_V_1_fu_1625_p3           |    select|   0|  0|   19|           1|           1|
    |x0_V_fu_1073_p3             |    select|   0|  0|   19|           1|           1|
    |y0_V_1_fu_1683_p3           |    select|   0|  0|   19|           1|           1|
    |y0_V_fu_1124_p3             |    select|   0|  0|   19|           1|           1|
    |shl_ln1160_1_fu_4441_p2     |       shl|   0|  0|  182|          64|          64|
    |shl_ln1160_2_fu_4280_p2     |       shl|   0|  0|  182|          64|          64|
    |shl_ln1160_3_fu_4075_p2     |       shl|   0|  0|  182|          64|          64|
    |shl_ln1160_4_fu_3913_p2     |       shl|   0|  0|  182|          64|          64|
    |shl_ln1160_5_fu_3749_p2     |       shl|   0|  0|  182|          64|          64|
    |shl_ln1160_6_fu_3544_p2     |       shl|   0|  0|  182|          64|          64|
    |shl_ln1160_7_fu_3383_p2     |       shl|   0|  0|  182|          64|          64|
    |shl_ln1160_8_fu_2920_p2     |       shl|   0|  0|  182|          64|          64|
    |shl_ln1160_fu_2306_p2       |       shl|   0|  0|  182|          64|          64|
    |shl_ln639_1_fu_984_p2       |       shl|   0|  0|   47|          19|          19|
    |shl_ln639_2_fu_1456_p2      |       shl|   0|  0|   47|          19|          19|
    |shl_ln639_3_fu_1524_p2      |       shl|   0|  0|   47|          19|          19|
    |shl_ln639_4_fu_2000_p2      |       shl|   0|  0|   47|          19|          19|
    |shl_ln639_fu_922_p2         |       shl|   0|  0|   47|          19|          19|
    |xor_ln29_fu_1169_p2         |       xor|   0|  0|   33|          32|          33|
    |xor_ln35_fu_1218_p2         |       xor|   0|  0|   33|          32|          33|
    |xor_ln606_1_fu_997_p2       |       xor|   0|  0|    2|           1|           2|
    |xor_ln606_2_fu_1469_p2      |       xor|   0|  0|    2|           1|           2|
    |xor_ln606_3_fu_1537_p2      |       xor|   0|  0|    2|           1|           2|
    |xor_ln606_4_fu_2013_p2      |       xor|   0|  0|    2|           1|           2|
    |xor_ln606_fu_935_p2         |       xor|   0|  0|    2|           1|           2|
    |xor_ln617_1_fu_1018_p2      |       xor|   0|  0|    2|           1|           2|
    |xor_ln617_2_fu_1491_p2      |       xor|   0|  0|    2|           1|           2|
    |xor_ln617_3_fu_1559_p2      |       xor|   0|  0|    2|           1|           2|
    |xor_ln617_4_fu_1971_p2      |       xor|   0|  0|    2|           1|           2|
    |xor_ln617_fu_956_p2         |       xor|   0|  0|    2|           1|           2|
    |xor_ln81_fu_2421_p2         |       xor|   0|  0|    2|           2|           1|
    |xor_ln90_fu_2431_p2         |       xor|   0|  0|    2|           2|           1|
    +----------------------------+----------+----+---+-----+------------+------------+
    |Total                       |          |   0|  0|10669|        5315|        5422|
    +----------------------------+----------+----+---+-----+------------+------------+

    * Multiplexer: 
    +-------------------------------------------+-----+-----------+-----+-----------+
    |                    Name                   | LUT | Input Size| Bits| Total Bits|
    +-------------------------------------------+-----+-----------+-----+-----------+
    |a_1_reg_589                                |    9|          2|    1|          2|
    |a_3_reg_530                                |    9|          2|    1|          2|
    |a_4_reg_500                                |    9|          2|    1|          2|
    |a_5_reg_411                                |    9|          2|    1|          2|
    |a_7_reg_441                                |    9|          2|    1|          2|
    |a_8_reg_340                                |    9|          2|    1|          2|
    |a_reg_299                                  |    9|          2|    1|          2|
    |ap_NS_fsm                                  |  201|         46|    1|         46|
    |ap_phi_mux_a_2_phi_fu_563_p4               |   14|          3|    1|          3|
    |ap_phi_mux_a_6_phi_fu_474_p4               |   14|          3|    1|          3|
    |ap_phi_mux_m_10_phi_fu_613_p4              |   14|          3|   64|        192|
    |ap_phi_mux_m_14_phi_fu_583_p4              |   14|          3|   64|        192|
    |ap_phi_mux_m_18_phi_fu_554_p4              |   14|          3|   64|        192|
    |ap_phi_mux_m_1_phi_fu_323_p4               |   14|          3|   64|        192|
    |ap_phi_mux_m_25_phi_fu_524_p4              |   14|          3|   64|        192|
    |ap_phi_mux_m_29_phi_fu_435_p4              |   14|          3|   64|        192|
    |ap_phi_mux_m_33_phi_fu_494_p4              |   14|          3|   64|        192|
    |ap_phi_mux_m_37_phi_fu_465_p4              |   14|          3|   64|        192|
    |ap_phi_mux_m_41_phi_fu_364_p4              |   14|          3|   64|        192|
    |ap_phi_mux_phi_ln1150_1_phi_fu_603_p4      |   14|          3|    1|          3|
    |ap_phi_mux_phi_ln1150_2_phi_fu_573_p4      |   14|          3|    1|          3|
    |ap_phi_mux_phi_ln1150_3_phi_fu_544_p4      |   14|          3|    1|          3|
    |ap_phi_mux_phi_ln1150_4_phi_fu_514_p4      |   14|          3|    1|          3|
    |ap_phi_mux_phi_ln1150_5_phi_fu_425_p4      |   14|          3|    1|          3|
    |ap_phi_mux_phi_ln1150_6_phi_fu_484_p4      |   14|          3|    1|          3|
    |ap_phi_mux_phi_ln1150_7_phi_fu_455_p4      |   14|          3|    1|          3|
    |ap_phi_mux_phi_ln1150_8_phi_fu_354_p4      |   14|          3|    1|          3|
    |ap_phi_mux_phi_ln1150_phi_fu_313_p4        |   14|          3|    1|          3|
    |ap_phi_mux_retval_0_i_i1055_phi_fu_333_p4  |    9|          2|   32|         64|
    |ap_phi_mux_storemerge25_phi_fu_374_p28     |   48|          9|   32|        288|
    |empty_fu_236                               |    9|          2|   18|         36|
    |grp_fu_619_p0                              |   20|          4|   32|        128|
    |grp_fu_623_p0                              |   14|          3|   32|         96|
    |j_fu_256                                   |    9|          2|    5|         10|
    |r_V_1_fu_240                               |    9|          2|   19|         38|
    |r_V_2_fu_248                               |    9|          2|   19|         38|
    |retval_0_i_i1055_reg_329                   |    9|          2|   32|         64|
    |storemerge25_reg_370                       |   48|          9|   32|        288|
    |tmp_V_1_fu_252                             |    9|          2|   19|         38|
    |y1_V_fu_244                                |    9|          2|   19|         38|
    +-------------------------------------------+-----+-----------+-----+-----------+
    |Total                                      |  746|        161|  886|       2947|
    +-------------------------------------------+-----+-----------+-----+-----------+

    * Register: 
    +--------------------------+----+----+-----+-----------+
    |           Name           | FF | LUT| Bits| Const Bits|
    +--------------------------+----+----+-----+-----------+
    |a_1_reg_589               |   1|   0|    1|          0|
    |a_3_reg_530               |   1|   0|    1|          0|
    |a_4_reg_500               |   1|   0|    1|          0|
    |a_5_reg_411               |   1|   0|    1|          0|
    |a_7_reg_441               |   1|   0|    1|          0|
    |a_8_reg_340               |   1|   0|    1|          0|
    |a_reg_299                 |   1|   0|    1|          0|
    |and_ln27_reg_4721         |   1|   0|    1|          0|
    |and_ln33_reg_4741         |   1|   0|    1|          0|
    |and_ln616_1_reg_4706      |   1|   0|    1|          0|
    |and_ln616_3_reg_4876      |   1|   0|    1|          0|
    |and_ln616_5_reg_4896      |   1|   0|    1|          0|
    |and_ln616_6_reg_5022      |   1|   0|    1|          0|
    |and_ln616_reg_4686        |   1|   0|    1|          0|
    |and_ln72_reg_5111         |   1|   0|    1|          0|
    |and_ln81_reg_5119         |   1|   0|    1|          0|
    |and_ln90_reg_5123         |   1|   0|    1|          0|
    |angles_load_reg_4947      |  32|   0|   32|          0|
    |ap_CS_fsm                 |  45|   0|   45|          0|
    |empty_fu_236              |  18|   0|   18|          0|
    |exp_tmp_1_reg_4596        |  11|   0|   11|          0|
    |exp_tmp_2_reg_4766        |  11|   0|   11|          0|
    |exp_tmp_3_reg_4787        |  11|   0|   11|          0|
    |exp_tmp_4_reg_4973        |  11|   0|   11|          0|
    |exp_tmp_reg_4574          |  11|   0|   11|          0|
    |icmp_ln1136_1_reg_5288    |   1|   0|    1|          0|
    |icmp_ln1136_2_reg_5273    |   1|   0|    1|          0|
    |icmp_ln1136_3_reg_5227    |   1|   0|    1|          0|
    |icmp_ln1136_4_reg_5212    |   1|   0|    1|          0|
    |icmp_ln1136_5_reg_5178    |   1|   0|    1|          0|
    |icmp_ln1136_6_reg_5138    |   1|   0|    1|          0|
    |icmp_ln1136_reg_4909      |   1|   0|    1|          0|
    |icmp_ln1159_1_reg_5747    |   1|   0|    1|          0|
    |icmp_ln1159_2_reg_5696    |   1|   0|    1|          0|
    |icmp_ln1159_3_reg_5622    |   1|   0|    1|          0|
    |icmp_ln1159_4_reg_5571    |   1|   0|    1|          0|
    |icmp_ln1159_5_reg_5520    |   1|   0|    1|          0|
    |icmp_ln1159_6_reg_5446    |   1|   0|    1|          0|
    |icmp_ln1159_7_reg_5395    |   1|   0|    1|          0|
    |icmp_ln1159_8_reg_5344    |   1|   0|    1|          0|
    |icmp_ln1159_reg_5082      |   1|   0|    1|          0|
    |icmp_ln1695_reg_5115      |   1|   0|    1|          0|
    |icmp_ln606_1_reg_4606     |   1|   0|    1|          0|
    |icmp_ln606_2_reg_4776     |   1|   0|    1|          0|
    |icmp_ln606_3_reg_4797     |   1|   0|    1|          0|
    |icmp_ln606_4_reg_4966     |   1|   0|    1|          0|
    |icmp_ln606_reg_4584       |   1|   0|    1|          0|
    |icmp_ln616_1_reg_4647     |   1|   0|    1|          0|
    |icmp_ln616_2_reg_4808     |   1|   0|    1|          0|
    |icmp_ln616_3_reg_4837     |   1|   0|    1|          0|
    |icmp_ln616_reg_4618       |   1|   0|    1|          0|
    |icmp_ln617_1_reg_4659     |   1|   0|    1|          0|
    |icmp_ln617_2_reg_4820     |   1|   0|    1|          0|
    |icmp_ln617_3_reg_4849     |   1|   0|    1|          0|
    |icmp_ln617_4_reg_5011     |   1|   0|    1|          0|
    |icmp_ln617_reg_4630       |   1|   0|    1|          0|
    |icmp_ln620_1_reg_4696     |   1|   0|    1|          0|
    |icmp_ln620_2_reg_4866     |   1|   0|    1|          0|
    |icmp_ln620_3_reg_4886     |   1|   0|    1|          0|
    |icmp_ln620_4_reg_5032     |   1|   0|    1|          0|
    |icmp_ln620_reg_4676       |   1|   0|    1|          0|
    |j_fu_256                  |   5|   0|    5|          0|
    |l_1_reg_5304              |  32|   0|   32|          0|
    |l_2_reg_5657              |  32|   0|   32|          0|
    |l_3_reg_5255              |  32|   0|   32|          0|
    |l_4_reg_5231              |  32|   0|   32|          0|
    |l_5_reg_5481              |  32|   0|   32|          0|
    |l_6_reg_5194              |  32|   0|   32|          0|
    |l_7_reg_5160              |  32|   0|   32|          0|
    |l_8_reg_5142              |  32|   0|   32|          0|
    |l_reg_4929                |  32|   0|   32|          0|
    |lsb_index_1_reg_5725      |  32|   0|   32|          0|
    |lsb_index_2_reg_5674      |  32|   0|   32|          0|
    |lsb_index_3_reg_5600      |  32|   0|   32|          0|
    |lsb_index_4_reg_5549      |  32|   0|   32|          0|
    |lsb_index_5_reg_5373      |  32|   0|   32|          0|
    |lsb_index_6_reg_5498      |  32|   0|   32|          0|
    |lsb_index_7_reg_5424      |  32|   0|   32|          0|
    |lsb_index_8_reg_5322      |  32|   0|   32|          0|
    |lsb_index_reg_5060        |  32|   0|   32|          0|
    |lshr_ln1159_1_reg_5756    |  64|   0|   64|          0|
    |lshr_ln1159_2_reg_5705    |  64|   0|   64|          0|
    |lshr_ln1159_3_reg_5631    |  64|   0|   64|          0|
    |lshr_ln1159_4_reg_5580    |  64|   0|   64|          0|
    |lshr_ln1159_5_reg_5529    |  64|   0|   64|          0|
    |lshr_ln1159_6_reg_5455    |  64|   0|   64|          0|
    |lshr_ln1159_7_reg_5404    |  64|   0|   64|          0|
    |lshr_ln1159_8_reg_5353    |  64|   0|   64|          0|
    |lshr_ln1159_reg_5091      |  64|   0|   64|          0|
    |m_46_reg_5096             |  63|   0|   63|          0|
    |m_47_reg_5710             |  63|   0|   63|          0|
    |m_48_reg_5636             |  63|   0|   63|          0|
    |m_49_reg_5585             |  63|   0|   63|          0|
    |m_50_reg_5534             |  63|   0|   63|          0|
    |m_51_reg_5460             |  63|   0|   63|          0|
    |m_52_reg_5409             |  63|   0|   63|          0|
    |m_53_reg_5358             |  63|   0|   63|          0|
    |m_reg_5761                |  63|   0|   63|          0|
    |man_V_11_reg_4832         |  54|   0|   54|          0|
    |man_V_14_reg_4999         |  54|   0|   54|          0|
    |man_V_2_reg_4613          |  54|   0|   54|          0|
    |man_V_5_reg_4642          |  54|   0|   54|          0|
    |man_V_8_reg_4803          |  54|   0|   54|          0|
    |mul_ln1316_1_reg_5048     |  35|   0|   35|          0|
    |mul_ln1316_reg_5042       |  35|   0|   35|          0|
    |or_ln1150_1_reg_5742      |   1|   0|    2|          1|
    |or_ln1150_2_reg_5691      |   1|   0|    2|          1|
    |or_ln1150_3_reg_5617      |   1|   0|    2|          1|
    |or_ln1150_4_reg_5566      |   1|   0|    2|          1|
    |or_ln1150_5_reg_5515      |   1|   0|    2|          1|
    |or_ln1150_6_reg_5441      |   1|   0|    2|          1|
    |or_ln1150_7_reg_5390      |   1|   0|    2|          1|
    |or_ln1150_8_reg_5339      |   1|   0|    2|          1|
    |or_ln_reg_5077            |   1|   0|    2|          1|
    |p_Result_69_reg_4569      |   1|   0|    1|          0|
    |p_Result_71_reg_4591      |   1|   0|    1|          0|
    |p_Result_73_reg_4761      |   1|   0|    1|          0|
    |p_Result_75_reg_4782      |   1|   0|    1|          0|
    |p_Result_77_reg_4961      |   1|   0|    1|          0|
    |p_Result_79_reg_4913      |   1|   0|    1|          0|
    |p_Result_82_reg_5292      |   1|   0|    1|          0|
    |p_Result_85_reg_5277      |   1|   0|    1|          0|
    |p_Result_92_reg_5216      |   1|   0|    1|          0|
    |p_Result_95_reg_5182      |   1|   0|    1|          0|
    |r_V_1_fu_240              |  19|   0|   19|          0|
    |r_V_1_load_1_reg_4953     |  19|   0|   19|          0|
    |r_V_2_fu_248              |  19|   0|   19|          0|
    |reg_671                   |  19|   0|   19|          0|
    |retval_0_i_i1055_reg_329  |  32|   0|   32|          0|
    |select_ln1144_1_reg_5766  |   1|   0|    8|          7|
    |select_ln1144_2_reg_5715  |   1|   0|    8|          7|
    |select_ln1144_3_reg_5641  |   1|   0|    8|          7|
    |select_ln1144_4_reg_5590  |   1|   0|    8|          7|
    |select_ln1144_5_reg_5414  |   1|   0|    8|          7|
    |select_ln1144_6_reg_5539  |   1|   0|    8|          7|
    |select_ln1144_7_reg_5465  |   1|   0|    8|          7|
    |select_ln1144_8_reg_5363  |   1|   0|    8|          7|
    |select_ln1144_reg_5101    |   1|   0|    8|          7|
    |select_ln606_reg_5054     |  19|   0|   19|          0|
    |select_ln617_1_reg_4701   |  19|   0|   19|          0|
    |select_ln617_2_reg_4871   |  19|   0|   19|          0|
    |select_ln617_3_reg_4891   |  19|   0|   19|          0|
    |select_ln617_4_reg_5037   |  19|   0|   19|          0|
    |select_ln617_reg_4681     |  19|   0|   19|          0|
    |sext_ln1138_1_reg_5187    |  20|   0|   20|          0|
    |sext_ln1138_reg_5297      |  21|   0|   21|          0|
    |sext_ln616_1_reg_4691     |  32|   0|   32|          0|
    |sext_ln616_2_reg_4861     |  32|   0|   32|          0|
    |sext_ln616_3_reg_4881     |  32|   0|   32|          0|
    |sext_ln616_4_reg_5027     |  32|   0|   32|          0|
    |sext_ln616_reg_4671       |  32|   0|   32|          0|
    |sh_amt_1_reg_4652         |  12|   0|   12|          0|
    |sh_amt_2_reg_4813         |  12|   0|   12|          0|
    |sh_amt_3_reg_4842         |  12|   0|   12|          0|
    |sh_amt_4_reg_5004         |  12|   0|   12|          0|
    |sh_amt_reg_4623           |  12|   0|   12|          0|
    |shl_ln1160_1_reg_5751     |  64|   0|   64|          0|
    |shl_ln1160_2_reg_5700     |  64|   0|   64|          0|
    |shl_ln1160_3_reg_5626     |  64|   0|   64|          0|
    |shl_ln1160_4_reg_5575     |  64|   0|   64|          0|
    |shl_ln1160_5_reg_5524     |  64|   0|   64|          0|
    |shl_ln1160_6_reg_5450     |  64|   0|   64|          0|
    |shl_ln1160_7_reg_5399     |  64|   0|   64|          0|
    |shl_ln1160_8_reg_5348     |  64|   0|   64|          0|
    |shl_ln1160_reg_5086       |  64|   0|   64|          0|
    |storemerge25_reg_370      |  32|   0|   32|          0|
    |sub_ln1145_1_reg_5309     |  32|   0|   32|          0|
    |sub_ln1145_2_reg_5662     |  32|   0|   32|          0|
    |sub_ln1145_3_reg_5260     |  32|   0|   32|          0|
    |sub_ln1145_4_reg_5236     |  32|   0|   32|          0|
    |sub_ln1145_5_reg_5486     |  32|   0|   32|          0|
    |sub_ln1145_6_reg_5199     |  32|   0|   32|          0|
    |sub_ln1145_7_reg_5165     |  32|   0|   32|          0|
    |sub_ln1145_8_reg_5147     |  32|   0|   32|          0|
    |sub_ln1145_reg_4934       |  32|   0|   32|          0|
    |tmp_34_reg_5680           |  31|   0|   31|          0|
    |tmp_43_reg_5504           |  31|   0|   31|          0|
    |tmp_V_17_reg_4918         |  18|   0|   18|          0|
    |tmp_V_19_reg_5282         |  18|   0|   18|          0|
    |tmp_V_1_fu_252            |  19|   0|   19|          0|
    |tmp_V_1_load_4_reg_5127   |  19|   0|   19|          0|
    |tmp_V_21_reg_5221         |  18|   0|   18|          0|
    |trunc_ln1144_1_reg_5771   |   8|   0|    8|          0|
    |trunc_ln1144_2_reg_5720   |   8|   0|    8|          0|
    |trunc_ln1144_3_reg_5646   |   8|   0|    8|          0|
    |trunc_ln1144_4_reg_5595   |   8|   0|    8|          0|
    |trunc_ln1144_5_reg_5419   |   8|   0|    8|          0|
    |trunc_ln1144_6_reg_5544   |   8|   0|    8|          0|
    |trunc_ln1144_7_reg_5470   |   8|   0|    8|          0|
    |trunc_ln1144_8_reg_5368   |   8|   0|    8|          0|
    |trunc_ln1144_reg_5106     |   8|   0|    8|          0|
    |trunc_ln1145_1_reg_5317   |  21|   0|   21|          0|
    |trunc_ln1145_2_reg_5669   |  21|   0|   21|          0|
    |trunc_ln1145_3_reg_5268   |  20|   0|   20|          0|
    |trunc_ln1145_4_reg_5244   |  19|   0|   19|          0|
    |trunc_ln1145_5_reg_5173   |  19|   0|   19|          0|
    |trunc_ln1145_6_reg_5493   |  20|   0|   20|          0|
    |trunc_ln1145_7_reg_5207   |  20|   0|   20|          0|
    |trunc_ln1145_8_reg_5155   |  20|   0|   20|          0|
    |trunc_ln1145_reg_4942     |  22|   0|   22|          0|
    |trunc_ln600_1_reg_4601    |  52|   0|   52|          0|
    |trunc_ln600_2_reg_4771    |  52|   0|   52|          0|
    |trunc_ln600_3_reg_4792    |  52|   0|   52|          0|
    |trunc_ln600_4_reg_4978    |  52|   0|   52|          0|
    |trunc_ln600_reg_4579      |  52|   0|   52|          0|
    |trunc_ln618_1_reg_4665    |  19|   0|   19|          0|
    |trunc_ln618_2_reg_4826    |  19|   0|   19|          0|
    |trunc_ln618_3_reg_4855    |  19|   0|   19|          0|
    |trunc_ln618_4_reg_5016    |  19|   0|   19|          0|
    |trunc_ln618_reg_4636      |  19|   0|   19|          0|
    |x0_V_reg_4711             |  19|   0|   19|          0|
    |x_read_reg_4562           |  32|   0|   32|          0|
    |xor_ln29_reg_4731         |  32|   0|   32|          0|
    |xor_ln35_reg_4751         |  32|   0|   32|          0|
    |y0_V_reg_4716             |  19|   0|   19|          0|
    |y1_V_fu_244               |  19|   0|   19|          0|
    |y_read_reg_4555           |  32|   0|   32|          0|
    |zext_ln1138_1_reg_5651    |  18|   0|   21|          3|
    |zext_ln1138_2_reg_5475    |  18|   0|   20|          2|
    |zext_ln1138_reg_4923      |  18|   0|   22|          4|
    |zext_ln1453_reg_5132      |  19|   0|   20|          1|
    |zext_ln859_reg_5249       |  19|   0|   20|          1|
    +--------------------------+----+----+-----+-----------+
    |Total                     |4714|   0| 4797|         83|
    +--------------------------+----+----+-----+-----------+



================================================================
== Interface
================================================================
* Summary: 
+-----------------------+-----+-----+------------+----------------+--------------+
|       RTL Ports       | Dir | Bits|  Protocol  |  Source Object |    C Type    |
+-----------------------+-----+-----+------------+----------------+--------------+
|s_axi_control_AWVALID  |   in|    1|       s_axi|         control|       pointer|
|s_axi_control_AWREADY  |  out|    1|       s_axi|         control|       pointer|
|s_axi_control_AWADDR   |   in|    6|       s_axi|         control|       pointer|
|s_axi_control_WVALID   |   in|    1|       s_axi|         control|       pointer|
|s_axi_control_WREADY   |  out|    1|       s_axi|         control|       pointer|
|s_axi_control_WDATA    |   in|   32|       s_axi|         control|       pointer|
|s_axi_control_WSTRB    |   in|    4|       s_axi|         control|       pointer|
|s_axi_control_ARVALID  |   in|    1|       s_axi|         control|       pointer|
|s_axi_control_ARREADY  |  out|    1|       s_axi|         control|       pointer|
|s_axi_control_ARADDR   |   in|    6|       s_axi|         control|       pointer|
|s_axi_control_RVALID   |  out|    1|       s_axi|         control|       pointer|
|s_axi_control_RREADY   |   in|    1|       s_axi|         control|       pointer|
|s_axi_control_RDATA    |  out|   32|       s_axi|         control|       pointer|
|s_axi_control_RRESP    |  out|    2|       s_axi|         control|       pointer|
|s_axi_control_BVALID   |  out|    1|       s_axi|         control|       pointer|
|s_axi_control_BREADY   |   in|    1|       s_axi|         control|       pointer|
|s_axi_control_BRESP    |  out|    2|       s_axi|         control|       pointer|
|ap_clk                 |   in|    1|  ap_ctrl_hs|  cordiccart2pol|  return value|
|ap_rst_n               |   in|    1|  ap_ctrl_hs|  cordiccart2pol|  return value|
|interrupt              |  out|    1|  ap_ctrl_hs|  cordiccart2pol|  return value|
+-----------------------+-----+-----+------------+----------------+--------------+

