

================================================================
== Vitis HLS Report for 'cordiccart2pol'
================================================================
* Date:           Mon Nov  7 20:18:03 2022

* Version:        2022.1.2 (Build 3605665 on Fri Aug  5 22:53:37 MDT 2022)
* Project:        cordiccart2pol
* Solution:       solution1 (Vivado IP Flow Target)
* Product family: zynq
* Target device:  xc7z020-clg400-1


================================================================
== Performance Estimates
================================================================
+ Timing: 
    * Summary: 
    +--------+----------+----------+------------+
    |  Clock |  Target  | Estimated| Uncertainty|
    +--------+----------+----------+------------+
    |ap_clk  |  10.00 ns|  7.222 ns|     2.70 ns|
    +--------+----------+----------+------------+

+ Latency: 
    * Summary: 
    +---------+---------+----------+----------+-----+-----+---------+
    |  Latency (cycles) |  Latency (absolute) |  Interval | Pipeline|
    |   min   |   max   |    min   |    max   | min | max |   Type  |
    +---------+---------+----------+----------+-----+-----+---------+
    |      123|      129|  1.230 us|  1.290 us|  124|  130|       no|
    +---------+---------+----------+----------+-----+-----+---------+

    + Detail: 
        * Instance: 
        N/A

        * Loop: 
        +-------------------+---------+---------+----------+-----------+-----------+------+----------+
        |                   |  Latency (cycles) | Iteration|  Initiation Interval  | Trip |          |
        |     Loop Name     |   min   |   max   |  Latency |  achieved |   target  | Count| Pipelined|
        +-------------------+---------+---------+----------+-----------+-----------+------+----------+
        |- VITIS_LOOP_41_1  |      112|      112|         7|          -|          -|    16|        no|
        +-------------------+---------+---------+----------+-----------+-----------+------+----------+



================================================================
== Utilization Estimates
================================================================
* Summary: 
+-----------------+---------+-----+--------+-------+-----+
|       Name      | BRAM_18K| DSP |   FF   |  LUT  | URAM|
+-----------------+---------+-----+--------+-------+-----+
|DSP              |        -|    -|       -|      -|    -|
|Expression       |        -|    -|       0|  10841|    -|
|FIFO             |        -|    -|       -|      -|    -|
|Instance         |        0|    -|     188|    296|    -|
|Memory           |        0|    -|      32|      8|    -|
|Multiplexer      |        -|    -|       -|    737|    -|
|Register         |        -|    -|    4645|      -|    -|
+-----------------+---------+-----+--------+-------+-----+
|Total            |        0|    0|    4865|  11882|    0|
+-----------------+---------+-----+--------+-------+-----+
|Available        |      280|  220|  106400|  53200|    0|
+-----------------+---------+-----+--------+-------+-----+
|Utilization (%)  |        0|    0|       4|     22|    0|
+-----------------+---------+-----+--------+-------+-----+

+ Detail: 
    * Instance: 
    +--------------------------------+-----------------------------+---------+----+-----+-----+-----+
    |            Instance            |            Module           | BRAM_18K| DSP|  FF | LUT | URAM|
    +--------------------------------+-----------------------------+---------+----+-----+-----+-----+
    |control_s_axi_U                 |control_s_axi                |        0|   0|  188|  296|    0|
    |fcmp_32ns_32ns_1_2_no_dsp_1_U3  |fcmp_32ns_32ns_1_2_no_dsp_1  |        0|   0|    0|    0|    0|
    |fcmp_32ns_32ns_1_2_no_dsp_1_U4  |fcmp_32ns_32ns_1_2_no_dsp_1  |        0|   0|    0|    0|    0|
    |fpext_32ns_64_2_no_dsp_1_U1     |fpext_32ns_64_2_no_dsp_1     |        0|   0|    0|    0|    0|
    |fpext_32ns_64_2_no_dsp_1_U2     |fpext_32ns_64_2_no_dsp_1     |        0|   0|    0|    0|    0|
    +--------------------------------+-----------------------------+---------+----+-----+-----+-----+
    |Total                           |                             |        0|   0|  188|  296|    0|
    +--------------------------------+-----------------------------+---------+----+-----+-----+-----+

    * DSP: 
    N/A

    * Memory: 
    +----------+--------------------+---------+----+----+-----+------+-----+------+-------------+
    |  Memory  |       Module       | BRAM_18K| FF | LUT| URAM| Words| Bits| Banks| W*Bits*Banks|
    +----------+--------------------+---------+----+----+-----+------+-----+------+-------------+
    |angles_U  |angles_ROM_AUTO_1R  |        0|  32|   8|    0|    16|   32|     1|          512|
    +----------+--------------------+---------+----+----+-----+------+-----+------+-------------+
    |Total     |                    |        0|  32|   8|    0|    16|   32|     1|          512|
    +----------+--------------------+---------+----+----+-----+------+-----+------+-------------+

    * FIFO: 
    N/A

    * Expression: 
    +----------------------------+----------+----+---+-----+------------+------------+
    |        Variable Name       | Operation| DSP| FF| LUT | Bitwidth P0| Bitwidth P1|
    +----------------------------+----------+----+---+-----+------------+------------+
    |add_ln1150_1_fu_4348_p2     |         +|   0|  0|   28|          21|           6|
    |add_ln1150_2_fu_4187_p2     |         +|   0|  0|   28|          21|           6|
    |add_ln1150_3_fu_3981_p2     |         +|   0|  0|   27|          20|           6|
    |add_ln1150_4_fu_3818_p2     |         +|   0|  0|   26|          19|           6|
    |add_ln1150_5_fu_3288_p2     |         +|   0|  0|   26|          19|           6|
    |add_ln1150_6_fu_3656_p2     |         +|   0|  0|   27|          20|           6|
    |add_ln1150_7_fu_3451_p2     |         +|   0|  0|   27|          20|           6|
    |add_ln1150_8_fu_2826_p2     |         +|   0|  0|   27|          20|           6|
    |add_ln1150_fu_2213_p2       |         +|   0|  0|   29|          22|           6|
    |add_ln1159_1_fu_4398_p2     |         +|   0|  0|   39|          32|           6|
    |add_ln1159_2_fu_4237_p2     |         +|   0|  0|   39|          32|           6|
    |add_ln1159_3_fu_4032_p2     |         +|   0|  0|   39|          32|           6|
    |add_ln1159_4_fu_3870_p2     |         +|   0|  0|   39|          32|           6|
    |add_ln1159_5_fu_3706_p2     |         +|   0|  0|   39|          32|           6|
    |add_ln1159_6_fu_3501_p2     |         +|   0|  0|   39|          32|           6|
    |add_ln1159_7_fu_3340_p2     |         +|   0|  0|   39|          32|           6|
    |add_ln1159_8_fu_2877_p2     |         +|   0|  0|   39|          32|           6|
    |add_ln1159_fu_2263_p2       |         +|   0|  0|   39|          32|           6|
    |add_ln1170_1_fu_3201_p2     |         +|   0|  0|    8|           8|           8|
    |add_ln1170_2_fu_3164_p2     |         +|   0|  0|    8|           8|           8|
    |add_ln1170_3_fu_3126_p2     |         +|   0|  0|    8|           8|           8|
    |add_ln1170_4_fu_3088_p2     |         +|   0|  0|    8|           8|           8|
    |add_ln1170_5_fu_2976_p2     |         +|   0|  0|    8|           8|           8|
    |add_ln1170_6_fu_3051_p2     |         +|   0|  0|    8|           8|           8|
    |add_ln1170_7_fu_3014_p2     |         +|   0|  0|    8|           8|           8|
    |add_ln1170_8_fu_2938_p2     |         +|   0|  0|    8|           8|           8|
    |add_ln1170_fu_2324_p2       |         +|   0|  0|    8|           8|           8|
    |add_ln1393_1_fu_1823_p2     |         +|   0|  0|   25|          18|          13|
    |add_ln41_fu_1694_p2         |         +|   0|  0|   13|           5|           1|
    |add_ln616_1_fu_869_p2       |         +|   0|  0|   12|          12|           6|
    |add_ln616_2_fu_1319_p2      |         +|   0|  0|   12|          12|           6|
    |add_ln616_3_fu_1388_p2      |         +|   0|  0|   12|          12|           6|
    |add_ln616_4_fu_1988_p2      |         +|   0|  0|   12|          12|           6|
    |add_ln616_fu_783_p2         |         +|   0|  0|   12|          12|           6|
    |lsb_index_1_fu_4290_p2      |         +|   0|  0|   39|          32|           6|
    |lsb_index_2_fu_4128_p2      |         +|   0|  0|   39|          32|           6|
    |lsb_index_3_fu_3923_p2      |         +|   0|  0|   39|          32|           6|
    |lsb_index_4_fu_3759_p2      |         +|   0|  0|   39|          32|           6|
    |lsb_index_5_fu_3230_p2      |         +|   0|  0|   39|          32|           6|
    |lsb_index_6_fu_3597_p2      |         +|   0|  0|   39|          32|           6|
    |lsb_index_7_fu_3393_p2      |         +|   0|  0|   39|          32|           6|
    |lsb_index_8_fu_2768_p2      |         +|   0|  0|   39|          32|           6|
    |lsb_index_fu_2155_p2        |         +|   0|  0|   39|          32|           6|
    |m_12_fu_4416_p2             |         +|   0|  0|   71|          64|          64|
    |m_20_fu_4255_p2             |         +|   0|  0|   71|          64|          64|
    |m_22_fu_4050_p2             |         +|   0|  0|   71|          64|          64|
    |m_28_fu_3888_p2             |         +|   0|  0|   71|          64|          64|
    |m_31_fu_3358_p2             |         +|   0|  0|   71|          64|          64|
    |m_35_fu_3724_p2             |         +|   0|  0|   71|          64|          64|
    |m_39_fu_3519_p2             |         +|   0|  0|   71|          64|          64|
    |m_43_fu_2895_p2             |         +|   0|  0|   71|          64|          64|
    |m_4_fu_2281_p2              |         +|   0|  0|   71|          64|          64|
    |ret_V_3_fu_2696_p2          |         +|   0|  0|   26|          19|          19|
    |ret_V_6_fu_2476_p2          |         +|   0|  0|   26|          19|          18|
    |ret_V_fu_1817_p2            |         +|   0|  0|   26|          19|          13|
    |theta_accum_V_1_fu_2138_p2  |         +|   0|  0|   26|          19|          19|
    |y1_V_2_fu_1786_p2           |         +|   0|  0|   26|          19|          19|
    |F2_1_fu_857_p2              |         -|   0|  0|   12|          11|          12|
    |F2_2_fu_1307_p2             |         -|   0|  0|   12|          11|          12|
    |F2_3_fu_1376_p2             |         -|   0|  0|   12|          11|          12|
    |F2_4_fu_1976_p2             |         -|   0|  0|   12|          11|          12|
    |F2_fu_771_p2                |         -|   0|  0|   12|          11|          12|
    |grp_fu_629_p2               |         -|   0|  0|   26|           1|          19|
    |grp_fu_641_p2               |         -|   0|  0|   26|          19|          19|
    |grp_fu_647_p2               |         -|   0|  0|   26|          18|          19|
    |man_V_10_fu_1363_p2         |         -|   0|  0|   61|           1|          54|
    |man_V_13_fu_1963_p2         |         -|   0|  0|   61|           1|          54|
    |man_V_1_fu_758_p2           |         -|   0|  0|   61|           1|          54|
    |man_V_4_fu_844_p2           |         -|   0|  0|   61|           1|          54|
    |man_V_7_fu_1294_p2          |         -|   0|  0|   61|           1|          54|
    |r_V_1_fu_1736_p2            |         -|   0|  0|   27|           1|          20|
    |r_V_fu_1730_p2              |         -|   0|  0|   27|           1|          20|
    |sub_ln1145_1_fu_2758_p2     |         -|   0|  0|   39|           5|          32|
    |sub_ln1145_2_fu_4118_p2     |         -|   0|  0|   39|           5|          32|
    |sub_ln1145_3_fu_2654_p2     |         -|   0|  0|   39|           5|          32|
    |sub_ln1145_4_fu_2610_p2     |         -|   0|  0|   39|           5|          32|
    |sub_ln1145_5_fu_3587_p2     |         -|   0|  0|   39|           5|          32|
    |sub_ln1145_6_fu_2538_p2     |         -|   0|  0|   39|           5|          32|
    |sub_ln1145_7_fu_2466_p2     |         -|   0|  0|   39|           5|          32|
    |sub_ln1145_8_fu_2426_p2     |         -|   0|  0|   39|           5|          32|
    |sub_ln1145_fu_1891_p2       |         -|   0|  0|   39|           5|          32|
    |sub_ln1148_1_fu_4314_p2     |         -|   0|  0|   13|           4|           5|
    |sub_ln1148_2_fu_4152_p2     |         -|   0|  0|   13|           4|           5|
    |sub_ln1148_3_fu_3947_p2     |         -|   0|  0|   13|           4|           5|
    |sub_ln1148_4_fu_3783_p2     |         -|   0|  0|   13|           4|           5|
    |sub_ln1148_5_fu_3254_p2     |         -|   0|  0|   13|           4|           5|
    |sub_ln1148_6_fu_3621_p2     |         -|   0|  0|   13|           4|           5|
    |sub_ln1148_7_fu_3417_p2     |         -|   0|  0|   13|           4|           5|
    |sub_ln1148_8_fu_2792_p2     |         -|   0|  0|   13|           4|           5|
    |sub_ln1148_fu_2179_p2       |         -|   0|  0|   13|           4|           5|
    |sub_ln1160_1_fu_4383_p2     |         -|   0|  0|   39|           5|          32|
    |sub_ln1160_2_fu_4222_p2     |         -|   0|  0|   39|           5|          32|
    |sub_ln1160_3_fu_4017_p2     |         -|   0|  0|   39|           5|          32|
    |sub_ln1160_4_fu_3855_p2     |         -|   0|  0|   39|           5|          32|
    |sub_ln1160_5_fu_3691_p2     |         -|   0|  0|   39|           5|          32|
    |sub_ln1160_6_fu_3486_p2     |         -|   0|  0|   39|           5|          32|
    |sub_ln1160_7_fu_3325_p2     |         -|   0|  0|   39|           5|          32|
    |sub_ln1160_8_fu_2862_p2     |         -|   0|  0|   39|           5|          32|
    |sub_ln1160_fu_2248_p2       |         -|   0|  0|   39|           5|          32|
    |sub_ln1165_1_fu_3196_p2     |         -|   0|  0|    8|           3|           8|
    |sub_ln1165_2_fu_3159_p2     |         -|   0|  0|    8|           3|           8|
    |sub_ln1165_3_fu_3121_p2     |         -|   0|  0|    8|           3|           8|
    |sub_ln1165_4_fu_3083_p2     |         -|   0|  0|    8|           2|           8|
    |sub_ln1165_5_fu_2971_p2     |         -|   0|  0|    8|           2|           8|
    |sub_ln1165_6_fu_3046_p2     |         -|   0|  0|    8|           3|           8|
    |sub_ln1165_7_fu_3009_p2     |         -|   0|  0|    8|           3|           8|
    |sub_ln1165_8_fu_2933_p2     |         -|   0|  0|    8|           3|           8|
    |sub_ln1165_fu_2319_p2       |         -|   0|  0|    8|           3|           8|
    |sub_ln616_1_fu_875_p2       |         -|   0|  0|   12|           5|          12|
    |sub_ln616_2_fu_1325_p2      |         -|   0|  0|   12|           5|          12|
    |sub_ln616_3_fu_1394_p2      |         -|   0|  0|   12|           5|          12|
    |sub_ln616_4_fu_1994_p2      |         -|   0|  0|   12|           5|          12|
    |sub_ln616_fu_789_p2         |         -|   0|  0|   12|           5|          12|
    |theta_accum_V_fu_2133_p2    |         -|   0|  0|   26|          19|          19|
    |tmp_V_12_fu_2566_p2         |         -|   0|  0|   25|           1|          18|
    |tmp_V_7_fu_2682_p2          |         -|   0|  0|   25|           1|          18|
    |tmp_V_fu_1843_p2            |         -|   0|  0|   25|          14|          18|
    |x1_V_fu_1792_p2             |         -|   0|  0|   26|          19|          19|
    |and_ln27_fu_1142_p2         |       and|   0|  0|    2|           1|           1|
    |and_ln33_fu_1191_p2         |       and|   0|  0|    2|           1|           1|
    |and_ln606_1_fu_1600_p2      |       and|   0|  0|    2|           1|           1|
    |and_ln606_2_fu_1521_p2      |       and|   0|  0|    2|           1|           1|
    |and_ln606_3_fu_1658_p2      |       and|   0|  0|    2|           1|           1|
    |and_ln606_fu_1453_p2        |       and|   0|  0|    2|           1|           1|
    |and_ln616_1_fu_1003_p2      |       and|   0|  0|    2|           1|           1|
    |and_ln616_2_fu_1475_p2      |       and|   0|  0|    2|           1|           1|
    |and_ln616_3_fu_1480_p2      |       and|   0|  0|    2|           1|           1|
    |and_ln616_4_fu_1543_p2      |       and|   0|  0|    2|           1|           1|
    |and_ln616_5_fu_1548_p2      |       and|   0|  0|    2|           1|           1|
    |and_ln616_6_fu_2029_p2      |       and|   0|  0|    2|           1|           1|
    |and_ln616_fu_824_p2         |       and|   0|  0|    2|           1|           1|
    |and_ln617_1_fu_981_p2       |       and|   0|  0|    2|           1|           1|
    |and_ln617_2_fu_1458_p2      |       and|   0|  0|    2|           1|           1|
    |and_ln617_3_fu_1526_p2      |       and|   0|  0|    2|           1|           1|
    |and_ln617_4_fu_2070_p2      |       and|   0|  0|    2|           1|           1|
    |and_ln617_fu_934_p2         |       and|   0|  0|    2|           1|           1|
    |and_ln72_fu_2362_p2         |       and|   0|  0|    2|           1|           1|
    |and_ln81_fu_2377_p2         |       and|   0|  0|    2|           1|           1|
    |and_ln90_fu_2387_p2         |       and|   0|  0|    2|           1|           1|
    |ap_condition_949            |       and|   0|  0|    2|           1|           1|
    |ap_condition_955            |       and|   0|  0|    2|           1|           1|
    |ap_condition_961            |       and|   0|  0|    2|           1|           1|
    |ap_condition_966            |       and|   0|  0|    2|           1|           1|
    |ap_condition_975            |       and|   0|  0|    2|           1|           1|
    |ap_condition_980            |       and|   0|  0|    2|           1|           1|
    |ap_condition_985            |       and|   0|  0|    2|           1|           1|
    |ap_condition_990            |       and|   0|  0|    2|           1|           1|
    |p_Result_14_fu_2195_p2      |       and|   0|  0|   22|          22|          22|
    |p_Result_25_fu_4330_p2      |       and|   0|  0|   21|          21|          21|
    |p_Result_26_fu_4168_p2      |       and|   0|  0|   21|          21|          21|
    |p_Result_27_fu_3963_p2      |       and|   0|  0|   20|          20|          20|
    |p_Result_35_fu_3799_p2      |       and|   0|  0|   19|          19|          19|
    |p_Result_42_fu_3270_p2      |       and|   0|  0|   19|          19|          19|
    |p_Result_46_fu_3637_p2      |       and|   0|  0|   20|          20|          20|
    |p_Result_47_fu_3433_p2      |       and|   0|  0|   20|          20|          20|
    |p_Result_49_fu_2808_p2      |       and|   0|  0|   20|          20|          20|
    |ashr_ln1534_1_fu_1772_p2    |      ashr|   0|  0|  100|          32|          32|
    |ashr_ln1534_fu_1766_p2      |      ashr|   0|  0|  100|          32|          32|
    |ashr_ln621_1_fu_1062_p2     |      ashr|   0|  0|  161|          54|          54|
    |ashr_ln621_2_fu_1557_p2     |      ashr|   0|  0|  161|          54|          54|
    |ashr_ln621_3_fu_1615_p2     |      ashr|   0|  0|  161|          54|          54|
    |ashr_ln621_4_fu_2085_p2     |      ashr|   0|  0|  161|          54|          54|
    |ashr_ln621_fu_1011_p2       |      ashr|   0|  0|  161|          54|          54|
    |grp_fu_635_p2               |      icmp|   0|  0|   13|          19|           1|
    |icmp_ln1136_1_fu_2702_p2    |      icmp|   0|  0|   13|          19|           1|
    |icmp_ln1136_2_fu_2668_p2    |      icmp|   0|  0|   13|          19|          19|
    |icmp_ln1136_4_fu_2552_p2    |      icmp|   0|  0|   13|          19|          18|
    |icmp_ln1136_5_fu_2482_p2    |      icmp|   0|  0|   13|          19|           1|
    |icmp_ln1136_fu_1829_p2      |      icmp|   0|  0|   13|          19|           1|
    |icmp_ln1147_1_fu_4305_p2    |      icmp|   0|  0|   17|          31|           1|
    |icmp_ln1147_2_fu_4144_p2    |      icmp|   0|  0|   17|          31|           1|
    |icmp_ln1147_3_fu_3938_p2    |      icmp|   0|  0|   17|          31|           1|
    |icmp_ln1147_4_fu_3774_p2    |      icmp|   0|  0|   17|          31|           1|
    |icmp_ln1147_5_fu_3245_p2    |      icmp|   0|  0|   17|          31|           1|
    |icmp_ln1147_6_fu_3613_p2    |      icmp|   0|  0|   17|          31|           1|
    |icmp_ln1147_7_fu_3408_p2    |      icmp|   0|  0|   17|          31|           1|
    |icmp_ln1147_8_fu_2783_p2    |      icmp|   0|  0|   17|          31|           1|
    |icmp_ln1147_fu_2170_p2      |      icmp|   0|  0|   17|          31|           1|
    |icmp_ln1148_1_fu_4335_p2    |      icmp|   0|  0|   14|          21|           1|
    |icmp_ln1148_2_fu_4173_p2    |      icmp|   0|  0|   14|          21|           1|
    |icmp_ln1148_3_fu_3968_p2    |      icmp|   0|  0|   14|          20|           1|
    |icmp_ln1148_4_fu_3805_p2    |      icmp|   0|  0|   13|          19|           1|
    |icmp_ln1148_5_fu_3642_p2    |      icmp|   0|  0|   14|          20|           1|
    |icmp_ln1148_6_fu_3438_p2    |      icmp|   0|  0|   14|          20|           1|
    |icmp_ln1148_7_fu_3275_p2    |      icmp|   0|  0|   13|          19|           1|
    |icmp_ln1148_8_fu_2813_p2    |      icmp|   0|  0|   14|          20|           1|
    |icmp_ln1148_fu_2200_p2      |      icmp|   0|  0|   14|          22|           1|
    |icmp_ln1159_1_fu_4378_p2    |      icmp|   0|  0|   18|          32|           1|
    |icmp_ln1159_2_fu_4217_p2    |      icmp|   0|  0|   18|          32|           1|
    |icmp_ln1159_3_fu_4012_p2    |      icmp|   0|  0|   18|          32|           1|
    |icmp_ln1159_4_fu_3850_p2    |      icmp|   0|  0|   18|          32|           1|
    |icmp_ln1159_5_fu_3686_p2    |      icmp|   0|  0|   18|          32|           1|
    |icmp_ln1159_6_fu_3481_p2    |      icmp|   0|  0|   18|          32|           1|
    |icmp_ln1159_7_fu_3320_p2    |      icmp|   0|  0|   18|          32|           1|
    |icmp_ln1159_8_fu_2857_p2    |      icmp|   0|  0|   18|          32|           1|
    |icmp_ln1159_fu_2243_p2      |      icmp|   0|  0|   18|          32|           1|
    |icmp_ln1695_fu_2366_p2      |      icmp|   0|  0|   13|          19|           1|
    |icmp_ln27_1_fu_1130_p2      |      icmp|   0|  0|   15|          23|           1|
    |icmp_ln27_fu_1124_p2        |      icmp|   0|  0|   11|           8|           2|
    |icmp_ln33_1_fu_1179_p2      |      icmp|   0|  0|   15|          23|           1|
    |icmp_ln33_fu_1173_p2        |      icmp|   0|  0|   11|           8|           2|
    |icmp_ln41_fu_1688_p2        |      icmp|   0|  0|   10|           5|           6|
    |icmp_ln606_1_fu_738_p2      |      icmp|   0|  0|   28|          63|           1|
    |icmp_ln606_2_fu_1238_p2     |      icmp|   0|  0|   28|          63|           1|
    |icmp_ln606_3_fu_1274_p2     |      icmp|   0|  0|   28|          63|           1|
    |icmp_ln606_4_fu_1929_p2     |      icmp|   0|  0|   28|          63|           1|
    |icmp_ln606_fu_702_p2        |      icmp|   0|  0|   28|          63|           1|
    |icmp_ln616_1_fu_863_p2      |      icmp|   0|  0|   12|          12|           5|
    |icmp_ln616_2_fu_1313_p2     |      icmp|   0|  0|   12|          12|           5|
    |icmp_ln616_3_fu_1382_p2     |      icmp|   0|  0|   12|          12|           5|
    |icmp_ln616_4_fu_1982_p2     |      icmp|   0|  0|   12|          12|           5|
    |icmp_ln616_fu_777_p2        |      icmp|   0|  0|   12|          12|           5|
    |icmp_ln617_1_fu_889_p2      |      icmp|   0|  0|   12|          12|           5|
    |icmp_ln617_2_fu_1339_p2     |      icmp|   0|  0|   12|          12|           5|
    |icmp_ln617_3_fu_1408_p2     |      icmp|   0|  0|   12|          12|           5|
    |icmp_ln617_4_fu_2008_p2     |      icmp|   0|  0|   12|          12|           5|
    |icmp_ln617_fu_803_p2        |      icmp|   0|  0|   12|          12|           5|
    |icmp_ln620_1_fu_949_p2      |      icmp|   0|  0|   12|          12|           6|
    |icmp_ln620_2_fu_1421_p2     |      icmp|   0|  0|   12|          12|           6|
    |icmp_ln620_3_fu_1489_p2     |      icmp|   0|  0|   12|          12|           6|
    |icmp_ln620_4_fu_2038_p2     |      icmp|   0|  0|   12|          12|           6|
    |icmp_ln620_fu_902_p2        |      icmp|   0|  0|   12|          12|           6|
    |icmp_ln638_1_fu_954_p2      |      icmp|   0|  0|   12|          12|           5|
    |icmp_ln638_2_fu_1426_p2     |      icmp|   0|  0|   12|          12|           5|
    |icmp_ln638_3_fu_1494_p2     |      icmp|   0|  0|   12|          12|           5|
    |icmp_ln638_4_fu_2043_p2     |      icmp|   0|  0|   12|          12|           5|
    |icmp_ln638_fu_907_p2        |      icmp|   0|  0|   12|          12|           5|
    |lshr_ln1148_1_fu_4324_p2    |      lshr|   0|  0|   55|           2|          21|
    |lshr_ln1148_2_fu_4162_p2    |      lshr|   0|  0|   55|           2|          21|
    |lshr_ln1148_3_fu_3957_p2    |      lshr|   0|  0|   51|           2|          20|
    |lshr_ln1148_4_fu_3793_p2    |      lshr|   0|  0|   47|           2|          19|
    |lshr_ln1148_5_fu_3264_p2    |      lshr|   0|  0|   47|           2|          19|
    |lshr_ln1148_6_fu_3631_p2    |      lshr|   0|  0|   51|           2|          20|
    |lshr_ln1148_7_fu_3427_p2    |      lshr|   0|  0|   51|           2|          20|
    |lshr_ln1148_8_fu_2802_p2    |      lshr|   0|  0|   51|           2|          20|
    |lshr_ln1148_fu_2189_p2      |      lshr|   0|  0|   59|           2|          22|
    |lshr_ln1159_1_fu_4407_p2    |      lshr|   0|  0|  182|          64|          64|
    |lshr_ln1159_2_fu_4246_p2    |      lshr|   0|  0|  182|          64|          64|
    |lshr_ln1159_3_fu_4041_p2    |      lshr|   0|  0|  182|          64|          64|
    |lshr_ln1159_4_fu_3879_p2    |      lshr|   0|  0|  182|          64|          64|
    |lshr_ln1159_5_fu_3715_p2    |      lshr|   0|  0|  182|          64|          64|
    |lshr_ln1159_6_fu_3510_p2    |      lshr|   0|  0|  182|          64|          64|
    |lshr_ln1159_7_fu_3349_p2    |      lshr|   0|  0|  182|          64|          64|
    |lshr_ln1159_8_fu_2886_p2    |      lshr|   0|  0|  182|          64|          64|
    |lshr_ln1159_fu_2272_p2      |      lshr|   0|  0|  182|          64|          64|
    |or_ln1150_10_fu_4200_p2     |        or|   0|  0|    2|           1|           1|
    |or_ln1150_11_fu_3994_p2     |        or|   0|  0|    2|           1|           1|
    |or_ln1150_12_fu_3832_p2     |        or|   0|  0|    2|           1|           1|
    |or_ln1150_13_fu_3302_p2     |        or|   0|  0|    2|           1|           1|
    |or_ln1150_14_fu_3669_p2     |        or|   0|  0|    2|           1|           1|
    |or_ln1150_15_fu_3464_p2     |        or|   0|  0|    2|           1|           1|
    |or_ln1150_16_fu_2839_p2     |        or|   0|  0|    2|           1|           1|
    |or_ln1150_9_fu_2226_p2      |        or|   0|  0|    2|           1|           1|
    |or_ln1150_fu_4361_p2        |        or|   0|  0|    2|           1|           1|
    |or_ln27_fu_1136_p2          |        or|   0|  0|    2|           1|           1|
    |or_ln33_fu_1185_p2          |        or|   0|  0|    2|           1|           1|
    |or_ln617_1_fu_993_p2        |        or|   0|  0|    2|           1|           1|
    |or_ln617_2_fu_2018_p2       |        or|   0|  0|    2|           1|           1|
    |or_ln617_fu_813_p2          |        or|   0|  0|    2|           1|           1|
    |man_V_11_fu_1369_p3         |    select|   0|  0|   54|           1|          54|
    |man_V_14_fu_1969_p3         |    select|   0|  0|   54|           1|          54|
    |man_V_2_fu_764_p3           |    select|   0|  0|   54|           1|          54|
    |man_V_5_fu_850_p3           |    select|   0|  0|   54|           1|          54|
    |man_V_8_fu_1300_p3          |    select|   0|  0|   54|           1|          54|
    |select_ln1144_1_fu_4440_p3  |    select|   0|  0|    7|           1|           7|
    |select_ln1144_2_fu_4279_p3  |    select|   0|  0|    7|           1|           7|
    |select_ln1144_3_fu_4074_p3  |    select|   0|  0|    7|           1|           7|
    |select_ln1144_4_fu_3912_p3  |    select|   0|  0|    7|           1|           7|
    |select_ln1144_5_fu_3382_p3  |    select|   0|  0|    7|           1|           7|
    |select_ln1144_6_fu_3748_p3  |    select|   0|  0|    7|           1|           7|
    |select_ln1144_7_fu_3543_p3  |    select|   0|  0|    7|           1|           7|
    |select_ln1144_8_fu_2919_p3  |    select|   0|  0|    7|           1|           7|
    |select_ln1144_fu_2305_p3    |    select|   0|  0|    7|           1|           7|
    |select_ln1696_1_fu_1754_p3  |    select|   0|  0|   20|           1|          20|
    |select_ln1696_fu_1742_p3    |    select|   0|  0|   20|           1|          20|
    |select_ln27_fu_1594_p3      |    select|   0|  0|   19|           1|          19|
    |select_ln33_fu_1652_p3      |    select|   0|  0|   19|           1|          19|
    |select_ln606_fu_2126_p3     |    select|   0|  0|   19|           1|           1|
    |select_ln616_2_fu_1097_p3   |    select|   0|  0|   19|           1|          19|
    |select_ln616_4_fu_1588_p3   |    select|   0|  0|   19|           1|          19|
    |select_ln616_6_fu_1646_p3   |    select|   0|  0|   19|           1|          19|
    |select_ln616_8_fu_2120_p3   |    select|   0|  0|   19|           1|          19|
    |select_ln616_fu_1046_p3     |    select|   0|  0|   19|           1|          19|
    |select_ln617_1_fu_986_p3    |    select|   0|  0|   19|           1|          19|
    |select_ln617_2_fu_1463_p3   |    select|   0|  0|   19|           1|          19|
    |select_ln617_3_fu_1531_p3   |    select|   0|  0|   19|           1|          19|
    |select_ln617_4_fu_2075_p3   |    select|   0|  0|   19|           1|          19|
    |select_ln617_fu_939_p3      |    select|   0|  0|   19|           1|          19|
    |select_ln620_1_fu_1090_p3   |    select|   0|  0|   19|           1|          19|
    |select_ln620_2_fu_1581_p3   |    select|   0|  0|   19|           1|          19|
    |select_ln620_3_fu_1639_p3   |    select|   0|  0|   19|           1|          19|
    |select_ln620_4_fu_2113_p3   |    select|   0|  0|   19|           1|          19|
    |select_ln620_fu_1039_p3     |    select|   0|  0|   19|           1|          19|
    |select_ln623_1_fu_1082_p3   |    select|   0|  0|    2|           1|           2|
    |select_ln623_2_fu_1573_p3   |    select|   0|  0|    2|           1|           2|
    |select_ln623_3_fu_1631_p3   |    select|   0|  0|    2|           1|           2|
    |select_ln623_4_fu_2105_p3   |    select|   0|  0|    2|           1|           2|
    |select_ln623_fu_1031_p3     |    select|   0|  0|    2|           1|           2|
    |select_ln638_1_fu_968_p3    |    select|   0|  0|   19|           1|          19|
    |select_ln638_2_fu_1440_p3   |    select|   0|  0|   19|           1|          19|
    |select_ln638_3_fu_1508_p3   |    select|   0|  0|   19|           1|          19|
    |select_ln638_4_fu_2057_p3   |    select|   0|  0|   19|           1|          19|
    |select_ln638_fu_921_p3      |    select|   0|  0|   19|           1|          19|
    |sh_amt_1_fu_881_p3          |    select|   0|  0|   12|           1|          12|
    |sh_amt_2_fu_1331_p3         |    select|   0|  0|   12|           1|          12|
    |sh_amt_3_fu_1400_p3         |    select|   0|  0|   12|           1|          12|
    |sh_amt_4_fu_2000_p3         |    select|   0|  0|   12|           1|          12|
    |sh_amt_fu_795_p3            |    select|   0|  0|   12|           1|          12|
    |theta_accum_V_2_fu_2143_p3  |    select|   0|  0|   19|           1|          19|
    |tmp_V_17_fu_1849_p3         |    select|   0|  0|   18|           1|          18|
    |tmp_V_18_fu_2716_p3         |    select|   0|  0|   19|           1|          19|
    |tmp_V_19_fu_2688_p3         |    select|   0|  0|   18|           1|          18|
    |tmp_V_21_fu_2572_p3         |    select|   0|  0|   18|           1|          18|
    |tmp_V_22_fu_2496_p3         |    select|   0|  0|   19|           1|          19|
    |x0_V_3_fu_1604_p3           |    select|   0|  0|   19|           1|           1|
    |x0_V_fu_1052_p3             |    select|   0|  0|   19|           1|           1|
    |y0_V_3_fu_1662_p3           |    select|   0|  0|   19|           1|           1|
    |y0_V_fu_1103_p3             |    select|   0|  0|   19|           1|           1|
    |shl_ln1160_1_fu_4392_p2     |       shl|   0|  0|  182|          64|          64|
    |shl_ln1160_2_fu_4231_p2     |       shl|   0|  0|  182|          64|          64|
    |shl_ln1160_3_fu_4026_p2     |       shl|   0|  0|  182|          64|          64|
    |shl_ln1160_4_fu_3864_p2     |       shl|   0|  0|  182|          64|          64|
    |shl_ln1160_5_fu_3700_p2     |       shl|   0|  0|  182|          64|          64|
    |shl_ln1160_6_fu_3495_p2     |       shl|   0|  0|  182|          64|          64|
    |shl_ln1160_7_fu_3334_p2     |       shl|   0|  0|  182|          64|          64|
    |shl_ln1160_8_fu_2871_p2     |       shl|   0|  0|  182|          64|          64|
    |shl_ln1160_fu_2257_p2       |       shl|   0|  0|  182|          64|          64|
    |shl_ln639_1_fu_963_p2       |       shl|   0|  0|   47|          19|          19|
    |shl_ln639_2_fu_1435_p2      |       shl|   0|  0|   47|          19|          19|
    |shl_ln639_3_fu_1503_p2      |       shl|   0|  0|   47|          19|          19|
    |shl_ln639_4_fu_2052_p2      |       shl|   0|  0|   47|          19|          19|
    |shl_ln639_fu_916_p2         |       shl|   0|  0|   47|          19|          19|
    |xor_ln29_fu_1148_p2         |       xor|   0|  0|   33|          32|          33|
    |xor_ln35_fu_1197_p2         |       xor|   0|  0|   33|          32|          33|
    |xor_ln606_1_fu_976_p2       |       xor|   0|  0|    2|           1|           2|
    |xor_ln606_2_fu_1448_p2      |       xor|   0|  0|    2|           1|           2|
    |xor_ln606_3_fu_1516_p2      |       xor|   0|  0|    2|           1|           2|
    |xor_ln606_4_fu_2065_p2      |       xor|   0|  0|    2|           1|           2|
    |xor_ln606_fu_929_p2         |       xor|   0|  0|    2|           1|           2|
    |xor_ln617_1_fu_997_p2       |       xor|   0|  0|    2|           1|           2|
    |xor_ln617_2_fu_1470_p2      |       xor|   0|  0|    2|           1|           2|
    |xor_ln617_3_fu_1538_p2      |       xor|   0|  0|    2|           1|           2|
    |xor_ln617_4_fu_2023_p2      |       xor|   0|  0|    2|           1|           2|
    |xor_ln617_fu_818_p2         |       xor|   0|  0|    2|           1|           2|
    |xor_ln81_fu_2372_p2         |       xor|   0|  0|    2|           2|           1|
    |xor_ln90_fu_2382_p2         |       xor|   0|  0|    2|           2|           1|
    +----------------------------+----------+----+---+-----+------------+------------+
    |Total                       |          |   0|  0|10841|        5379|        5458|
    +----------------------------+----------+----+---+-----+------------+------------+

    * Multiplexer: 
    +-------------------------------------------+-----+-----------+-----+-----------+
    |                    Name                   | LUT | Input Size| Bits| Total Bits|
    +-------------------------------------------+-----+-----------+-----+-----------+
    |a_1_reg_571                                |    9|          2|    1|          2|
    |a_3_reg_512                                |    9|          2|    1|          2|
    |a_4_reg_482                                |    9|          2|    1|          2|
    |a_5_reg_393                                |    9|          2|    1|          2|
    |a_7_reg_423                                |    9|          2|    1|          2|
    |a_8_reg_322                                |    9|          2|    1|          2|
    |a_reg_281                                  |    9|          2|    1|          2|
    |ap_NS_fsm                                  |  201|         46|    1|         46|
    |ap_phi_mux_a_2_phi_fu_545_p4               |   14|          3|    1|          3|
    |ap_phi_mux_a_6_phi_fu_456_p4               |   14|          3|    1|          3|
    |ap_phi_mux_m_10_phi_fu_595_p4              |   14|          3|   64|        192|
    |ap_phi_mux_m_14_phi_fu_565_p4              |   14|          3|   64|        192|
    |ap_phi_mux_m_18_phi_fu_536_p4              |   14|          3|   64|        192|
    |ap_phi_mux_m_1_phi_fu_305_p4               |   14|          3|   64|        192|
    |ap_phi_mux_m_25_phi_fu_506_p4              |   14|          3|   64|        192|
    |ap_phi_mux_m_29_phi_fu_417_p4              |   14|          3|   64|        192|
    |ap_phi_mux_m_33_phi_fu_476_p4              |   14|          3|   64|        192|
    |ap_phi_mux_m_37_phi_fu_447_p4              |   14|          3|   64|        192|
    |ap_phi_mux_m_41_phi_fu_346_p4              |   14|          3|   64|        192|
    |ap_phi_mux_phi_ln1150_1_phi_fu_585_p4      |   14|          3|    1|          3|
    |ap_phi_mux_phi_ln1150_2_phi_fu_555_p4      |   14|          3|    1|          3|
    |ap_phi_mux_phi_ln1150_3_phi_fu_526_p4      |   14|          3|    1|          3|
    |ap_phi_mux_phi_ln1150_4_phi_fu_496_p4      |   14|          3|    1|          3|
    |ap_phi_mux_phi_ln1150_5_phi_fu_407_p4      |   14|          3|    1|          3|
    |ap_phi_mux_phi_ln1150_6_phi_fu_466_p4      |   14|          3|    1|          3|
    |ap_phi_mux_phi_ln1150_7_phi_fu_437_p4      |   14|          3|    1|          3|
    |ap_phi_mux_phi_ln1150_8_phi_fu_336_p4      |   14|          3|    1|          3|
    |ap_phi_mux_phi_ln1150_phi_fu_295_p4        |   14|          3|    1|          3|
    |ap_phi_mux_retval_0_i_i1055_phi_fu_315_p4  |    9|          2|   32|         64|
    |ap_phi_mux_storemerge25_phi_fu_356_p28     |   48|          9|   32|        288|
    |grp_fu_601_p0                              |   20|          4|   32|        128|
    |grp_fu_605_p0                              |   14|          3|   32|         96|
    |j_fu_238                                   |    9|          2|    5|         10|
    |retval_0_i_i1055_reg_311                   |    9|          2|   32|         64|
    |storemerge25_reg_352                       |   48|          9|   32|        288|
    |tmp_V_1_fu_230                             |    9|          2|   19|         38|
    |x0_V_2_fu_222                              |    9|          2|   19|         38|
    |y0_V_2_fu_226                              |    9|          2|   19|         38|
    |y1_V_fu_234                                |    9|          2|   19|         38|
    +-------------------------------------------+-----+-----------+-----+-----------+
    |Total                                      |  737|        159|  868|       2911|
    +-------------------------------------------+-----+-----------+-----+-----------+

    * Register: 
    +--------------------------+----+----+-----+-----------+
    |           Name           | FF | LUT| Bits| Const Bits|
    +--------------------------+----+----+-----+-----------+
    |a_1_reg_571               |   1|   0|    1|          0|
    |a_3_reg_512               |   1|   0|    1|          0|
    |a_4_reg_482               |   1|   0|    1|          0|
    |a_5_reg_393               |   1|   0|    1|          0|
    |a_7_reg_423               |   1|   0|    1|          0|
    |a_8_reg_322               |   1|   0|    1|          0|
    |a_reg_281                 |   1|   0|    1|          0|
    |and_ln27_reg_4647         |   1|   0|    1|          0|
    |and_ln33_reg_4667         |   1|   0|    1|          0|
    |and_ln616_1_reg_4632      |   1|   0|    1|          0|
    |and_ln616_3_reg_4802      |   1|   0|    1|          0|
    |and_ln616_5_reg_4822      |   1|   0|    1|          0|
    |and_ln616_6_reg_4940      |   1|   0|    1|          0|
    |and_ln616_reg_4568        |   1|   0|    1|          0|
    |and_ln72_reg_5017         |   1|   0|    1|          0|
    |and_ln81_reg_5025         |   1|   0|    1|          0|
    |and_ln90_reg_5029         |   1|   0|    1|          0|
    |angles_load_reg_4889      |  32|   0|   32|          0|
    |ap_CS_fsm                 |  45|   0|   45|          0|
    |exp_tmp_1_reg_4528        |  11|   0|   11|          0|
    |exp_tmp_2_reg_4692        |  11|   0|   11|          0|
    |exp_tmp_3_reg_4713        |  11|   0|   11|          0|
    |exp_tmp_4_reg_4907        |  11|   0|   11|          0|
    |exp_tmp_reg_4506          |  11|   0|   11|          0|
    |icmp_ln1136_1_reg_5194    |   1|   0|    1|          0|
    |icmp_ln1136_2_reg_5179    |   1|   0|    1|          0|
    |icmp_ln1136_3_reg_5133    |   1|   0|    1|          0|
    |icmp_ln1136_4_reg_5118    |   1|   0|    1|          0|
    |icmp_ln1136_5_reg_5084    |   1|   0|    1|          0|
    |icmp_ln1136_6_reg_5044    |   1|   0|    1|          0|
    |icmp_ln1136_reg_4851      |   1|   0|    1|          0|
    |icmp_ln1159_1_reg_5653    |   1|   0|    1|          0|
    |icmp_ln1159_2_reg_5602    |   1|   0|    1|          0|
    |icmp_ln1159_3_reg_5528    |   1|   0|    1|          0|
    |icmp_ln1159_4_reg_5477    |   1|   0|    1|          0|
    |icmp_ln1159_5_reg_5426    |   1|   0|    1|          0|
    |icmp_ln1159_6_reg_5352    |   1|   0|    1|          0|
    |icmp_ln1159_7_reg_5301    |   1|   0|    1|          0|
    |icmp_ln1159_8_reg_5250    |   1|   0|    1|          0|
    |icmp_ln1159_reg_4988      |   1|   0|    1|          0|
    |icmp_ln1695_reg_5021      |   1|   0|    1|          0|
    |icmp_ln606_1_reg_4538     |   1|   0|    1|          0|
    |icmp_ln606_2_reg_4702     |   1|   0|    1|          0|
    |icmp_ln606_3_reg_4723     |   1|   0|    1|          0|
    |icmp_ln606_4_reg_4900     |   1|   0|    1|          0|
    |icmp_ln606_reg_4516       |   1|   0|    1|          0|
    |icmp_ln616_1_reg_4578     |   1|   0|    1|          0|
    |icmp_ln616_2_reg_4734     |   1|   0|    1|          0|
    |icmp_ln616_3_reg_4763     |   1|   0|    1|          0|
    |icmp_ln617_1_reg_4590     |   1|   0|    1|          0|
    |icmp_ln617_2_reg_4746     |   1|   0|    1|          0|
    |icmp_ln617_3_reg_4775     |   1|   0|    1|          0|
    |icmp_ln617_4_reg_4929     |   1|   0|    1|          0|
    |icmp_ln617_reg_4557       |   1|   0|    1|          0|
    |icmp_ln620_1_reg_4622     |   1|   0|    1|          0|
    |icmp_ln620_2_reg_4792     |   1|   0|    1|          0|
    |icmp_ln620_3_reg_4812     |   1|   0|    1|          0|
    |icmp_ln620_4_reg_4950     |   1|   0|    1|          0|
    |icmp_ln620_reg_4607       |   1|   0|    1|          0|
    |j_fu_238                  |   5|   0|    5|          0|
    |l_1_reg_5210              |  32|   0|   32|          0|
    |l_2_reg_5563              |  32|   0|   32|          0|
    |l_3_reg_5161              |  32|   0|   32|          0|
    |l_4_reg_5137              |  32|   0|   32|          0|
    |l_5_reg_5387              |  32|   0|   32|          0|
    |l_6_reg_5100              |  32|   0|   32|          0|
    |l_7_reg_5066              |  32|   0|   32|          0|
    |l_8_reg_5048              |  32|   0|   32|          0|
    |l_reg_4871                |  32|   0|   32|          0|
    |lsb_index_1_reg_5631      |  32|   0|   32|          0|
    |lsb_index_2_reg_5580      |  32|   0|   32|          0|
    |lsb_index_3_reg_5506      |  32|   0|   32|          0|
    |lsb_index_4_reg_5455      |  32|   0|   32|          0|
    |lsb_index_5_reg_5279      |  32|   0|   32|          0|
    |lsb_index_6_reg_5404      |  32|   0|   32|          0|
    |lsb_index_7_reg_5330      |  32|   0|   32|          0|
    |lsb_index_8_reg_5228      |  32|   0|   32|          0|
    |lsb_index_reg_4966        |  32|   0|   32|          0|
    |lshr_ln1159_1_reg_5662    |  64|   0|   64|          0|
    |lshr_ln1159_2_reg_5611    |  64|   0|   64|          0|
    |lshr_ln1159_3_reg_5537    |  64|   0|   64|          0|
    |lshr_ln1159_4_reg_5486    |  64|   0|   64|          0|
    |lshr_ln1159_5_reg_5435    |  64|   0|   64|          0|
    |lshr_ln1159_6_reg_5361    |  64|   0|   64|          0|
    |lshr_ln1159_7_reg_5310    |  64|   0|   64|          0|
    |lshr_ln1159_8_reg_5259    |  64|   0|   64|          0|
    |lshr_ln1159_reg_4997      |  64|   0|   64|          0|
    |m_46_reg_5002             |  63|   0|   63|          0|
    |m_47_reg_5616             |  63|   0|   63|          0|
    |m_48_reg_5542             |  63|   0|   63|          0|
    |m_49_reg_5491             |  63|   0|   63|          0|
    |m_50_reg_5440             |  63|   0|   63|          0|
    |m_51_reg_5366             |  63|   0|   63|          0|
    |m_52_reg_5315             |  63|   0|   63|          0|
    |m_53_reg_5264             |  63|   0|   63|          0|
    |m_reg_5667                |  63|   0|   63|          0|
    |man_V_11_reg_4758         |  54|   0|   54|          0|
    |man_V_14_reg_4917         |  54|   0|   54|          0|
    |man_V_2_reg_4545          |  54|   0|   54|          0|
    |man_V_5_reg_4573          |  54|   0|   54|          0|
    |man_V_8_reg_4729          |  54|   0|   54|          0|
    |or_ln1150_1_reg_5648      |   1|   0|    2|          1|
    |or_ln1150_2_reg_5597      |   1|   0|    2|          1|
    |or_ln1150_3_reg_5523      |   1|   0|    2|          1|
    |or_ln1150_4_reg_5472      |   1|   0|    2|          1|
    |or_ln1150_5_reg_5421      |   1|   0|    2|          1|
    |or_ln1150_6_reg_5347      |   1|   0|    2|          1|
    |or_ln1150_7_reg_5296      |   1|   0|    2|          1|
    |or_ln1150_8_reg_5245      |   1|   0|    2|          1|
    |or_ln_reg_4983            |   1|   0|    2|          1|
    |p_Result_69_reg_4501      |   1|   0|    1|          0|
    |p_Result_71_reg_4523      |   1|   0|    1|          0|
    |p_Result_73_reg_4687      |   1|   0|    1|          0|
    |p_Result_75_reg_4708      |   1|   0|    1|          0|
    |p_Result_77_reg_4895      |   1|   0|    1|          0|
    |p_Result_79_reg_4855      |   1|   0|    1|          0|
    |p_Result_82_reg_5198      |   1|   0|    1|          0|
    |p_Result_85_reg_5183      |   1|   0|    1|          0|
    |p_Result_92_reg_5122      |   1|   0|    1|          0|
    |p_Result_95_reg_5088      |   1|   0|    1|          0|
    |reg_653                   |  19|   0|   19|          0|
    |retval_0_i_i1055_reg_311  |  32|   0|   32|          0|
    |select_ln1144_1_reg_5672  |   1|   0|    8|          7|
    |select_ln1144_2_reg_5621  |   1|   0|    8|          7|
    |select_ln1144_3_reg_5547  |   1|   0|    8|          7|
    |select_ln1144_4_reg_5496  |   1|   0|    8|          7|
    |select_ln1144_5_reg_5320  |   1|   0|    8|          7|
    |select_ln1144_6_reg_5445  |   1|   0|    8|          7|
    |select_ln1144_7_reg_5371  |   1|   0|    8|          7|
    |select_ln1144_8_reg_5269  |   1|   0|    8|          7|
    |select_ln1144_reg_5007    |   1|   0|    8|          7|
    |select_ln606_reg_4960     |  19|   0|   19|          0|
    |select_ln617_1_reg_4627   |  19|   0|   19|          0|
    |select_ln617_2_reg_4797   |  19|   0|   19|          0|
    |select_ln617_3_reg_4817   |  19|   0|   19|          0|
    |select_ln617_4_reg_4955   |  19|   0|   19|          0|
    |select_ln617_reg_4612     |  19|   0|   19|          0|
    |sext_ln1138_1_reg_5093    |  20|   0|   20|          0|
    |sext_ln1138_reg_5203      |  21|   0|   21|          0|
    |sext_ln616_1_reg_4617     |  32|   0|   32|          0|
    |sext_ln616_2_reg_4787     |  32|   0|   32|          0|
    |sext_ln616_3_reg_4807     |  32|   0|   32|          0|
    |sext_ln616_4_reg_4945     |  32|   0|   32|          0|
    |sext_ln616_reg_4602       |  32|   0|   32|          0|
    |sh_amt_1_reg_4583         |  12|   0|   12|          0|
    |sh_amt_2_reg_4739         |  12|   0|   12|          0|
    |sh_amt_3_reg_4768         |  12|   0|   12|          0|
    |sh_amt_4_reg_4922         |  12|   0|   12|          0|
    |sh_amt_reg_4550           |  12|   0|   12|          0|
    |shl_ln1160_1_reg_5657     |  64|   0|   64|          0|
    |shl_ln1160_2_reg_5606     |  64|   0|   64|          0|
    |shl_ln1160_3_reg_5532     |  64|   0|   64|          0|
    |shl_ln1160_4_reg_5481     |  64|   0|   64|          0|
    |shl_ln1160_5_reg_5430     |  64|   0|   64|          0|
    |shl_ln1160_6_reg_5356     |  64|   0|   64|          0|
    |shl_ln1160_7_reg_5305     |  64|   0|   64|          0|
    |shl_ln1160_8_reg_5254     |  64|   0|   64|          0|
    |shl_ln1160_reg_4992       |  64|   0|   64|          0|
    |storemerge25_reg_352      |  32|   0|   32|          0|
    |sub_ln1145_1_reg_5215     |  32|   0|   32|          0|
    |sub_ln1145_2_reg_5568     |  32|   0|   32|          0|
    |sub_ln1145_3_reg_5166     |  32|   0|   32|          0|
    |sub_ln1145_4_reg_5142     |  32|   0|   32|          0|
    |sub_ln1145_5_reg_5392     |  32|   0|   32|          0|
    |sub_ln1145_6_reg_5105     |  32|   0|   32|          0|
    |sub_ln1145_7_reg_5071     |  32|   0|   32|          0|
    |sub_ln1145_8_reg_5053     |  32|   0|   32|          0|
    |sub_ln1145_reg_4876       |  32|   0|   32|          0|
    |tmp_20_reg_4830           |   1|   0|    1|          0|
    |tmp_30_reg_5586           |  31|   0|   31|          0|
    |tmp_39_reg_5410           |  31|   0|   31|          0|
    |tmp_V_17_reg_4860         |  18|   0|   18|          0|
    |tmp_V_19_reg_5188         |  18|   0|   18|          0|
    |tmp_V_1_fu_230            |  19|   0|   19|          0|
    |tmp_V_1_load_4_reg_5033   |  19|   0|   19|          0|
    |tmp_V_21_reg_5127         |  18|   0|   18|          0|
    |trunc_ln1144_1_reg_5677   |   8|   0|    8|          0|
    |trunc_ln1144_2_reg_5626   |   8|   0|    8|          0|
    |trunc_ln1144_3_reg_5552   |   8|   0|    8|          0|
    |trunc_ln1144_4_reg_5501   |   8|   0|    8|          0|
    |trunc_ln1144_5_reg_5325   |   8|   0|    8|          0|
    |trunc_ln1144_6_reg_5450   |   8|   0|    8|          0|
    |trunc_ln1144_7_reg_5376   |   8|   0|    8|          0|
    |trunc_ln1144_8_reg_5274   |   8|   0|    8|          0|
    |trunc_ln1144_reg_5012     |   8|   0|    8|          0|
    |trunc_ln1145_1_reg_5223   |  21|   0|   21|          0|
    |trunc_ln1145_2_reg_5575   |  21|   0|   21|          0|
    |trunc_ln1145_3_reg_5174   |  20|   0|   20|          0|
    |trunc_ln1145_4_reg_5150   |  19|   0|   19|          0|
    |trunc_ln1145_5_reg_5079   |  19|   0|   19|          0|
    |trunc_ln1145_6_reg_5399   |  20|   0|   20|          0|
    |trunc_ln1145_7_reg_5113   |  20|   0|   20|          0|
    |trunc_ln1145_8_reg_5061   |  20|   0|   20|          0|
    |trunc_ln1145_reg_4884     |  22|   0|   22|          0|
    |trunc_ln600_1_reg_4533    |  52|   0|   52|          0|
    |trunc_ln600_2_reg_4697    |  52|   0|   52|          0|
    |trunc_ln600_3_reg_4718    |  52|   0|   52|          0|
    |trunc_ln600_4_reg_4912    |  52|   0|   52|          0|
    |trunc_ln600_reg_4511      |  52|   0|   52|          0|
    |trunc_ln618_1_reg_4596    |  19|   0|   19|          0|
    |trunc_ln618_2_reg_4752    |  19|   0|   19|          0|
    |trunc_ln618_3_reg_4781    |  19|   0|   19|          0|
    |trunc_ln618_4_reg_4934    |  19|   0|   19|          0|
    |trunc_ln618_reg_4562      |  19|   0|   19|          0|
    |x0_V_2_fu_222             |  19|   0|   19|          0|
    |x0_V_reg_4637             |  19|   0|   19|          0|
    |x1_V_reg_4846             |  19|   0|   19|          0|
    |x_read_reg_4494           |  32|   0|   32|          0|
    |xor_ln29_reg_4657         |  32|   0|   32|          0|
    |xor_ln35_reg_4677         |  32|   0|   32|          0|
    |y0_V_2_fu_226             |  19|   0|   19|          0|
    |y0_V_reg_4642             |  19|   0|   19|          0|
    |y1_V_2_reg_4840           |  19|   0|   19|          0|
    |y1_V_fu_234               |  19|   0|   19|          0|
    |y_read_reg_4487           |  32|   0|   32|          0|
    |zext_ln1138_1_reg_5557    |  18|   0|   21|          3|
    |zext_ln1138_2_reg_5381    |  18|   0|   20|          2|
    |zext_ln1138_reg_4865      |  18|   0|   22|          4|
    |zext_ln1453_reg_5038      |  19|   0|   20|          1|
    |zext_ln859_reg_5155       |  19|   0|   20|          1|
    +--------------------------+----+----+-----+-----------+
    |Total                     |4645|   0| 4728|         83|
    +--------------------------+----+----+-----+-----------+



================================================================
== Interface
================================================================
* Summary: 
+-----------------------+-----+-----+------------+----------------+--------------+
|       RTL Ports       | Dir | Bits|  Protocol  |  Source Object |    C Type    |
+-----------------------+-----+-----+------------+----------------+--------------+
|s_axi_control_AWVALID  |   in|    1|       s_axi|         control|       pointer|
|s_axi_control_AWREADY  |  out|    1|       s_axi|         control|       pointer|
|s_axi_control_AWADDR   |   in|    6|       s_axi|         control|       pointer|
|s_axi_control_WVALID   |   in|    1|       s_axi|         control|       pointer|
|s_axi_control_WREADY   |  out|    1|       s_axi|         control|       pointer|
|s_axi_control_WDATA    |   in|   32|       s_axi|         control|       pointer|
|s_axi_control_WSTRB    |   in|    4|       s_axi|         control|       pointer|
|s_axi_control_ARVALID  |   in|    1|       s_axi|         control|       pointer|
|s_axi_control_ARREADY  |  out|    1|       s_axi|         control|       pointer|
|s_axi_control_ARADDR   |   in|    6|       s_axi|         control|       pointer|
|s_axi_control_RVALID   |  out|    1|       s_axi|         control|       pointer|
|s_axi_control_RREADY   |   in|    1|       s_axi|         control|       pointer|
|s_axi_control_RDATA    |  out|   32|       s_axi|         control|       pointer|
|s_axi_control_RRESP    |  out|    2|       s_axi|         control|       pointer|
|s_axi_control_BVALID   |  out|    1|       s_axi|         control|       pointer|
|s_axi_control_BREADY   |   in|    1|       s_axi|         control|       pointer|
|s_axi_control_BRESP    |  out|    2|       s_axi|         control|       pointer|
|ap_clk                 |   in|    1|  ap_ctrl_hs|  cordiccart2pol|  return value|
|ap_rst_n               |   in|    1|  ap_ctrl_hs|  cordiccart2pol|  return value|
|interrupt              |  out|    1|  ap_ctrl_hs|  cordiccart2pol|  return value|
+-----------------------+-----+-----+------------+----------------+--------------+

